Component: ARM Compiler 5.06 update 7 (build 960) Tool: armlink [4d3601]

==============================================================================

Section Cross References

    startup_stm32f103xe.o(RESET) refers to startup_stm32f103xe.o(STACK) for __initial_sp
    startup_stm32f103xe.o(RESET) refers to startup_stm32f103xe.o(.text) for Reset_Handler
    startup_stm32f103xe.o(RESET) refers to stm32f1xx_it.o(i.NMI_Handler) for NMI_Handler
    startup_stm32f103xe.o(RESET) refers to stm32f1xx_it.o(i.HardFault_Handler) for HardFault_Handler
    startup_stm32f103xe.o(RESET) refers to stm32f1xx_it.o(i.MemManage_Handler) for MemManage_Handler
    startup_stm32f103xe.o(RESET) refers to stm32f1xx_it.o(i.BusFault_Handler) for BusFault_Handler
    startup_stm32f103xe.o(RESET) refers to stm32f1xx_it.o(i.UsageFault_Handler) for UsageFault_Handler
    startup_stm32f103xe.o(RESET) refers to hal_cm3.o(.emb_text) for SVC_Handler
    startup_stm32f103xe.o(RESET) refers to stm32f1xx_it.o(i.DebugMon_Handler) for DebugMon_Handler
    startup_stm32f103xe.o(RESET) refers to stm32f1xx_it.o(i.USART1_IRQHandler) for USART1_IRQHandler
    startup_stm32f103xe.o(.text) refers to system_stm32f1xx.o(i.SystemInit) for SystemInit
    startup_stm32f103xe.o(.text) refers to entry.o(.ARM.Collect$$$$00000000) for __main
    main.o(i.HAL_GetTick) refers to rt_time.o(.data) for os_time
    main.o(i.MX_GPIO_Init) refers to stm32f1xx_hal_gpio.o(i.HAL_GPIO_WritePin) for HAL_GPIO_WritePin
    main.o(i.MX_GPIO_Init) refers to stm32f1xx_hal_gpio.o(i.HAL_GPIO_Init) for HAL_GPIO_Init
    main.o(i.MX_TIM4_Init) refers to stm32f1xx_hal_tim.o(i.HAL_TIM_Base_Init) for HAL_TIM_Base_Init
    main.o(i.MX_TIM4_Init) refers to main.o(i.Error_Handler) for Error_Handler
    main.o(i.MX_TIM4_Init) refers to stm32f1xx_hal_tim.o(i.HAL_TIM_ConfigClockSource) for HAL_TIM_ConfigClockSource
    main.o(i.MX_TIM4_Init) refers to stm32f1xx_hal_tim_ex.o(i.HAL_TIMEx_MasterConfigSynchronization) for HAL_TIMEx_MasterConfigSynchronization
    main.o(i.MX_TIM4_Init) refers to main.o(.bss) for htim4
    main.o(i.MX_USART1_UART_Init) refers to stm32f1xx_hal_uart.o(i.HAL_UART_Init) for HAL_UART_Init
    main.o(i.MX_USART1_UART_Init) refers to main.o(i.Error_Handler) for Error_Handler
    main.o(i.MX_USART1_UART_Init) refers to main.o(.bss) for huart1
    main.o(i.SystemClock_Config) refers to memseta.o(.text) for __aeabi_memclr4
    main.o(i.SystemClock_Config) refers to stm32f1xx_hal_rcc.o(i.HAL_RCC_OscConfig) for HAL_RCC_OscConfig
    main.o(i.SystemClock_Config) refers to main.o(i.Error_Handler) for Error_Handler
    main.o(i.SystemClock_Config) refers to stm32f1xx_hal_rcc.o(i.HAL_RCC_ClockConfig) for HAL_RCC_ClockConfig
    main.o(i.fputc) refers to stm32f1xx_hal_uart.o(i.HAL_UART_Transmit) for HAL_UART_Transmit
    main.o(i.fputc) refers to main.o(.bss) for huart1
    main.o(i.main) refers to stm32f1xx_hal.o(i.HAL_Init) for HAL_Init
    main.o(i.main) refers to main.o(i.SystemClock_Config) for SystemClock_Config
    main.o(i.main) refers to main.o(i.MX_GPIO_Init) for MX_GPIO_Init
    main.o(i.main) refers to main.o(i.MX_TIM4_Init) for MX_TIM4_Init
    main.o(i.main) refers to main.o(i.MX_USART1_UART_Init) for MX_USART1_UART_Init
    main.o(i.main) refers to elog.o(i.elog_init) for elog_init
    main.o(i.main) refers to elog.o(i.elog_set_fmt) for elog_set_fmt
    main.o(i.main) refers to elog.o(i.elog_start) for elog_start
    main.o(i.main) refers to tlsf.o(i.dm_init) for dm_init
    main.o(i.main) refers to vmsgexec.o(i.MsgExec_Init) for MsgExec_Init
    main.o(i.main) refers to vmsgexec.o(i.VWM_TimerInit) for VWM_TimerInit
    main.o(i.main) refers to app.o(i.app_init) for app_init
    main.o(i.main) refers to rt_cmsis.o(i.osKernelStart) for osKernelStart
    main.o(i.main) refers to elog.o(i.elog_output) for elog_output
    main.o(i.main) refers to vmsgexec.o(i.MsgExec_Exec) for MsgExec_Exec
    main.o(i.main) refers to main.o(.constdata) for __FUNCTION__
    stm32f1xx_it.o(i.USART1_IRQHandler) refers to stm32f1xx_hal_uart.o(i.HAL_UART_IRQHandler) for HAL_UART_IRQHandler
    stm32f1xx_it.o(i.USART1_IRQHandler) refers to main.o(.bss) for huart1
    stm32f1xx_hal_msp.o(i.HAL_MspInit) refers to stm32f1xx_hal_cortex.o(i.HAL_NVIC_SetPriorityGrouping) for HAL_NVIC_SetPriorityGrouping
    stm32f1xx_hal_msp.o(i.HAL_MspInit) refers to stm32f1xx_hal_cortex.o(i.HAL_NVIC_SetPriority) for HAL_NVIC_SetPriority
    stm32f1xx_hal_msp.o(i.HAL_UART_MspDeInit) refers to stm32f1xx_hal_gpio.o(i.HAL_GPIO_DeInit) for HAL_GPIO_DeInit
    stm32f1xx_hal_msp.o(i.HAL_UART_MspDeInit) refers to stm32f1xx_hal_cortex.o(i.HAL_NVIC_DisableIRQ) for HAL_NVIC_DisableIRQ
    stm32f1xx_hal_msp.o(i.HAL_UART_MspInit) refers to stm32f1xx_hal_gpio.o(i.HAL_GPIO_Init) for HAL_GPIO_Init
    stm32f1xx_hal_msp.o(i.HAL_UART_MspInit) refers to stm32f1xx_hal_cortex.o(i.HAL_NVIC_SetPriority) for HAL_NVIC_SetPriority
[...]
    i.svcThreadGetId                         0x08005ff4   Section        0  rt_cmsis.o(i.svcThreadGetId)
    i.svcThreadTerminate                     0x08006010   Section        0  rt_cmsis.o(i.svcThreadTerminate)
    i.svcTimerCall                           0x08006048   Section        0  rt_cmsis.o(i.svcTimerCall)
    i.svcTimerCreate                         0x08006060   Section        0  rt_cmsis.o(i.svcTimerCreate)
    i.svcTimerDelete                         0x08006098   Section        0  rt_cmsis.o(i.svcTimerDelete)
    i.svcTimerStart                          0x080060c0   Section        0  rt_cmsis.o(i.svcTimerStart)
    i.sysMailAlloc                           0x08006124   Section        0  rt_cmsis.o(i.sysMailAlloc)
    i.sysMailFree                            0x0800617c   Section        0  rt_cmsis.o(i.sysMailFree)
    i.sysTimerTick                           0x080061dc   Section        0  rt_cmsis.o(i.sysTimerTick)
    i.tlsf_free                              0x08006238   Section        0  tlsf.o(i.tlsf_free)
    i.tlsf_malloc                            0x08006274   Section        0  tlsf.o(i.tlsf_malloc)
    .constdata                               0x08006328   Section        5  main.o(.constdata)
    __FUNCTION__                             0x08006328   Data           5  main.o(.constdata)
    .constdata                               0x0800632d   Section       18  stm32f1xx_hal_rcc.o(.constdata)
    aPLLMULFactorTable                       0x0800632d   Data          16  stm32f1xx_hal_rcc.o(.constdata)
    aPredivFactorTable                       0x0800633d   Data           2  stm32f1xx_hal_rcc.o(.constdata)
    .constdata                               0x0800633f   Section       24  system_stm32f1xx.o(.constdata)
    .constdata                               0x08006357   Section      226  elog.o(.constdata)
    __FUNCTION__                             0x08006357   Data          11  elog.o(.constdata)
    __FUNCTION__                             0x08006362   Data          10  elog.o(.constdata)
    __FUNCTION__                             0x0800636c   Data          24  elog.o(.constdata)
    __FUNCTION__                             0x08006384   Data          28  elog.o(.constdata)
    __FUNCTION__                             0x080063a0   Data          13  elog.o(.constdata)
    __FUNCTION__                             0x080063ad   Data          16  elog.o(.constdata)
    __FUNCTION__                             0x080063bd   Data          20  elog.o(.constdata)
    __FUNCTION__                             0x080063d1   Data          24  elog.o(.constdata)
    __FUNCTION__                             0x080063e9   Data          24  elog.o(.constdata)
    __FUNCTION__                             0x08006401   Data          12  elog.o(.constdata)
    __FUNCTION__                             0x0800640d   Data          16  elog.o(.constdata)
    __FUNCTION__                             0x0800641d   Data          14  elog.o(.constdata)
    __FUNCTION__                             0x0800642b   Data          14  elog.o(.constdata)
    .constdata                               0x08006439   Section       35  elog_utils.o(.constdata)
    __FUNCTION__                             0x08006439   Data          12  elog_utils.o(.constdata)
    __FUNCTION__                             0x08006445   Data          11  elog_utils.o(.constdata)
    __FUNCTION__                             0x08006450   Data          12  elog_utils.o(.constdata)
    .constdata                               0x0800645c   Section       20  vmsgexec.o(.constdata)
    .constdata                               0x08006470   Section       25  app.o(.constdata)
    __FUNCTION__                             0x08006470   Data           9  app.o(.constdata)
    __FUNCTION__                             0x08006479   Data          16  app.o(.constdata)
    .constdata                               0x0800648c   Section     1028  tlsf.o(.constdata)
    table                                    0x08006490   Data        1024  tlsf.o(.constdata)
    .constdata                               0x08006890   Section      104  rtx_conf_cm.o(.constdata)
    __tagsym$$used                           0x080068ac   Number         0  rtx_conf_cm.o(.constdata)
    __tagsym$$used                           0x080068b0   Number         0  rtx_conf_cm.o(.constdata)
    __tagsym$$used                           0x080068b4   Number         0  rtx_conf_cm.o(.constdata)
    __tagsym$$used                           0x080068b8   Number         0  rtx_conf_cm.o(.constdata)
    .conststring                             0x080068f8   Section       71  elog.o(.conststring)
    .data                                    0x20000000   Section        9  stm32f1xx_hal.o(.data)
    .data                                    0x2000000c   Section        4  system_stm32f1xx.o(.data)
    .data                                    0x20000010   Section       52  elog.o(.data)
    level_output_info                        0x20000010   Data          24  elog.o(.data)
    color_output_info                        0x20000028   Data          24  elog.o(.data)
    .data                                    0x20000044   Section       28  vmsgexec.o(.data)
    .data                                    0x20000060   Section       12  tlsf.o(.data)
    mem_errorno                              0x20000060   Data           1  tlsf.o(.data)
    .data                                    0x2000006c   Section       16  rtx_conf_cm.o(.data)
    .data                                    0x2000007c   Section        8  rt_cmsis.o(.data)
    .data                                    0x20000084   Section        4  rt_time.o(.data)
    .data                                    0x20000088   Section        8  rt_task.o(.data)
    .data                                    0x20000090   Section        8  rt_system.o(.data)
    os_lock                                  0x20000090   Data           1  rt_system.o(.data)
    os_psh_flag                              0x20000091   Data           1  rt_system.o(.data)
    pend_flags                               0x20000092   Data           1  rt_system.o(.data)
    .data                                    0x20000098   Section        1  hal_cm.o(.data)
    .data                                    0x2000009c   Section        8  rt_robin.o(.data)
    .data                                    0x200000a4   Section        4  stdout.o(.data)
    .bss                                     0x200000a8   Section      144  main.o(.bss)
    .bss                                     0x20000138   Section     1272  elog.o(.bss)
    elog                                     0x20000138   Data         248  elog.o(.bss)
    log_buf                                  0x20000230   Data        1024  elog.o(.bss)
    .bss                                     0x20000630   Section     1588  vmsgexec.o(.bss)
    .bss                                     0x20000c64   Section       20  app.o(.bss)
    .bss                                     0x20000c78   Section    32784  tlsf.o(.bss)
    work_mem                                 0x20000c88   Data       32768  tlsf.o(.bss)
    .bss                                     0x20008c88   Section     6568  rtx_conf_cm.o(.bss)
    .bss                                     0x2000a630   Section       52  rt_task.o(.bss)
    .bss                                     0x2000a664   Section       48  rt_list.o(.bss)
    STACK                                    0x2000a698   Section     1024  startup_stm32f103xe.o(STACK)

    Global Symbols

    Symbol Name                              Value     Ov Type        Size  Object(Section)

    BuildAttributes$$THM_ISAv4$P$D$K$B$S$PE$A:L22UL41UL21$X:L11$S22US41US21$IEEE1$IW$USESV6$~STKCKD$USESV7$~SHL$OSPACE$ROPI$EBA8$MICROLIB$REQ8$PRES8$EABIv2 0x00000000   Number         0  anon$$obj.o ABSOLUTE
    __ARM_use_no_argv                        0x00000000   Number         0  main.o ABSOLUTE
    _printf_a                                0x00000000   Number         0  stubs.o ABSOLUTE
    _printf_c                                0x00000000   Number         0  stubs.o ABSOLUTE
    _printf_charcount                        0x00000000   Number         0  stubs.o ABSOLUTE
    _printf_d                                0x00000000   Number         0  stubs.o ABSOLUTE
    _printf_e                                0x00000000   Number         0  stubs.o ABSOLUTE
    _printf_f                                0x00000000   Number         0  stubs.o ABSOLUTE
    _printf_flags                            0x00000000   Number         0  stubs.o ABSOLUTE
    _printf_fp_dec                           0x00000000   Number         0  stubs.o ABSOLUTE
    _printf_fp_hex                           0x00000000   Number         0  stubs.o ABSOLUTE
    _printf_g                                0x00000000   Number         0  stubs.o ABSOLUTE
    _printf_i                                0x00000000   Number         0  stubs.o ABSOLUTE
    _printf_int_dec                          0x00000000   Number         0  stubs.o ABSOLUTE
    _printf_l                                0x00000000   Number         0  stubs.o ABSOLUTE
    _printf_lc                               0x00000000   Number         0  stubs.o ABSOLUTE
    _printf_ll                               0x00000000   Number         0  stubs.o ABSOLUTE
    _printf_lld                              0x00000000   Number         0  stubs.o ABSOLUTE
    _printf_lli                              0x00000000   Number         0  stubs.o ABSOLUTE
    _printf_llo                              0x00000000   Number         0  stubs.o ABSOLUTE
    _printf_llu                              0x00000000   Number         0  stubs.o ABSOLUTE
    _printf_llx                              0x00000000   Number         0  stubs.o ABSOLUTE
    _printf_longlong_dec                     0x00000000   Number         0  stubs.o ABSOLUTE
    _printf_longlong_hex                     0x00000000   Number         0  stubs.o ABSOLUTE
    _printf_longlong_oct                     0x00000000   Number         0  stubs.o ABSOLUTE
    _printf_ls                               0x00000000   Number         0  stubs.o ABSOLUTE
    _printf_mbtowc                           0x00000000   Number         0  stubs.o ABSOLUTE
    _printf_n                                0x00000000   Number         0  stubs.o ABSOLUTE
    _printf_o                                0x00000000   Number         0  stubs.o ABSOLUTE
    _printf_p                                0x00000000   Number         0  stubs.o ABSOLUTE
    _printf_percent                          0x00000000   Number         0  stubs.o ABSOLUTE
    _printf_pre_padding                      0x00000000   Number         0  stubs.o ABSOLUTE
    _printf_return_value                     0x00000000   Number         0  stubs.o ABSOLUTE
    _printf_s                                0x00000000   Number         0  stubs.o ABSOLUTE
    _printf_sizespec                         0x00000000   Number         0  stubs.o ABSOLUTE
    _printf_str                              0x00000000   Number         0  stubs.o ABSOLUTE
    _printf_truncate_signed                  0x00000000   Number         0  stubs.o ABSOLUTE
    _printf_truncate_unsigned                0x00000000   Number         0  stubs.o ABSOLUTE
    _printf_u                                0x00000000   Number         0  stubs.o ABSOLUTE
    _printf_wc                               0x00000000   Number         0  stubs.o ABSOLUTE
    _printf_wctomb                           0x00000000   Number         0  stubs.o ABSOLUTE
    _printf_widthprec                        0x00000000   Number         0  stubs.o ABSOLUTE
    _printf_x                                0x00000000   Number         0  stubs.o ABSOLUTE
    __arm_fini_                               - Undefined Weak Reference
    __cpp_initialize__aeabi_                  - Undefined Weak Reference
    __cxa_finalize                            - Undefined Weak Reference
    __decompress                              - Undefined Weak Reference
    _clock_init                               - Undefined Weak Reference
    _microlib_exit                            - Undefined Weak Reference
    __Vectors_Size                           0x00000130   Number         0  startup_stm32f103xe.o ABSOLUTE
    __RL_RTX_VER                             0x00000482   Number         0  rt_system.o ABSOLUTE
    __Vectors                                0x08000000   Data           4  startup_stm32f103xe.o(RESET)
    __Vectors_End                            0x08000130   Data           0  startup_stm32f103xe.o(RESET)
    __main                                   0x08000131   Thumb Code     0  entry.o(.ARM.Collect$$$$00000000)
    _main_stk                                0x08000131   Thumb Code     0  entry2.o(.ARM.Collect$$$$00000001)
    _main_scatterload                        0x08000135   Thumb Code     0  entry5.o(.ARM.Collect$$$$00000004)
    __main_after_scatterload                 0x08000139   Thumb Code     0  entry5.o(.ARM.Collect$$$$00000004)
    __rt_lib_shutdown_fini                   0x08000139   Thumb Code     0  entry12b.o(.ARM.Collect$$$$0000000E)
    _main_clock                              0x08000139   Thumb Code     0  entry7b.o(.ARM.Collect$$$$00000008)
    _main_cpp_init                           0x08000139   Thumb Code     0  entry8b.o(.ARM.Collect$$$$0000000A)
    __rt_final_cpp                           0x0800013d   Thumb Code     0  entry10a.o(.ARM.Collect$$$$0000000F)
    __rt_final_exit                          0x0800013d   Thumb Code     0  entry11a.o(.ARM.Collect$$$$00000011)
    _main_init                               0x0800013d   Thumb Code    18  rtx_conf_cm.o(.ARM.Collect$$$$000000FF)
    rt_set_PSP                               0x08000159   Thumb Code     6  hal_cm3.o(.emb_text)
    rt_get_PSP                               0x0800015f   Thumb Code     6  hal_cm3.o(.emb_text)
    os_set_env                               0x08000165   Thumb Code    24  hal_cm3.o(.emb_text)
    _alloc_box                               0x08000181   Thumb Code    28  hal_cm3.o(.emb_text)
    _free_box                                0x080001a1   Thumb Code    28  hal_cm3.o(.emb_text)
    SVC_Handler                              0x080001c1   Thumb Code   108  hal_cm3.o(.emb_text)
    PendSV_Handler                           0x08000239   Thumb Code    56  hal_cm3.o(.emb_text)
    SysTick_Handler                          0x08000275   Thumb Code     8  hal_cm3.o(.emb_text)
    OS_Tick_Handler                          0x0800027d   Thumb Code    12  hal_cm3.o(.emb_text)
    Reset_Handler                            0x08000289   Thumb Code     8  startup_stm32f103xe.o(.text)
    ADC1_2_IRQHandler                        0x080002a3   Thumb Code     0  startup_stm32f103xe.o(.text)
    ADC3_IRQHandler                          0x080002a3   Thumb Code     0  startup_stm32f103xe.o(.text)
    CAN1_RX1_IRQHandler                      0x080002a3   Thumb Code     0  startup_stm32f103xe.o(.text)
    CAN1_SCE_IRQHandler                      0x080002a3   Thumb Code     0  startup_stm32f103xe.o(.text)
    DMA1_Channel1_IRQHandler                 0x080002a3   Thumb Code     0  startup_stm32f103xe.o(.text)
    DMA1_Channel2_IRQHandler                 0x080002a3   Thumb Code     0  startup_stm32f103xe.o(.text)
    DMA1_Channel3_IRQHandler                 0x080002a3   Thumb Code     0  startup_stm32f103xe.o(.text)
    DMA1_Channel4_IRQHandler                 0x080002a3   Thumb Code     0  startup_stm32f103xe.o(.text)
    DMA1_Channel5_IRQHandler                 0x080002a3   Thumb Code     0  startup_stm32f103xe.o(.text)
    DMA1_Channel6_IRQHandler                 0x080002a3   Thumb Code     0  startup_stm32f103xe.o(.text)
    DMA1_Channel7_IRQHandler                 0x080002a3   Thumb Code     0  startup_stm32f103xe.o(.text)
    DMA2_Channel1_IRQHandler                 0x080002a3   Thumb Code     0  startup_stm32f103xe.o(.text)
    DMA2_Channel2_IRQHandler                 0x080002a3   Thumb Code     0  startup_stm32f103xe.o(.text)
    DMA2_Channel3_IRQHandler                 0x080002a3   Thumb Code     0  startup_stm32f103xe.o(.text)
    DMA2_Channel4_5_IRQHandler               0x080002a3   Thumb Code     0  startup_stm32f103xe.o(.text)
    EXTI0_IRQHandler                         0x080002a3   Thumb Code     0  startup_stm32f103xe.o(.text)
    EXTI15_10_IRQHandler                     0x080002a3   Thumb Code     0  startup_stm32f103xe.o(.text)
    EXTI1_IRQHandler                         0x080002a3   Thumb Code     0  startup_stm32f103xe.o(.text)
    EXTI2_IRQHandler                         0x080002a3   Thumb Code     0  startup_stm32f103xe.o(.text)
    EXTI3_IRQHandler                         0x080002a3   Thumb Code     0  startup_stm32f103xe.o(.text)
    EXTI4_IRQHandler                         0x080002a3   Thumb Code     0  startup_stm32f103xe.o(.text)
    EXTI9_5_IRQHandler                       0x080002a3   Thumb Code     0  startup_stm32f103xe.o(.text)
    FLASH_IRQHandler                         0x080002a3   Thumb Code     0  startup_stm32f103xe.o(.text)
    FSMC_IRQHandler                          0x080002a3   Thumb Code     0  startup_stm32f103xe.o(.text)
    I2C1_ER_IRQHandler                       0x080002a3   Thumb Code     0  startup_stm32f103xe.o(.text)
    I2C1_EV_IRQHandler                       0x080002a3   Thumb Code     0  startup_stm32f103xe.o(.text)
    I2C2_ER_IRQHandler                       0x080002a3   Thumb Code     0  startup_stm32f103xe.o(.text)
    I2C2_EV_IRQHandler                       0x080002a3   Thumb Code     0  startup_stm32f103xe.o(.text)
    PVD_IRQHandler                           0x080002a3   Thumb Code     0  startup_stm32f103xe.o(.text)
    RCC_IRQHandler                           0x080002a3   Thumb Code     0  startup_stm32f103xe.o(.text)
    RTC_Alarm_IRQHandler                     0x080002a3   Thumb Code     0  startup_stm32f103xe.o(.text)
    RTC_IRQHandler                           0x080002a3   Thumb Code     0  startup_stm32f103xe.o(.text)
    SDIO_IRQHandler                          0x080002a3   Thumb Code     0  startup_stm32f103xe.o(.text)
    SPI1_IRQHandler                          0x080002a3   Thumb Code     0  startup_stm32f103xe.o(.text)
    SPI2_IRQHandler                          0x080002a3   Thumb Code     0  startup_stm32f103xe.o(.text)
    SPI3_IRQHandler                          0x080002a3   Thumb Code     0  startup_stm32f103xe.o(.text)
    TAMPER_IRQHandler                        0x080002a3   Thumb Code     0  startup_stm32f103xe.o(.text)
    TIM1_BRK_IRQHandler                      0x080002a3   Thumb Code     0  startup_stm32f103xe.o(.text)
    TIM1_CC_IRQHandler                       0x080002a3   Thumb Code     0  startup_stm32f103xe.o(.text)
    TIM1_TRG_COM_IRQHandler                  0x080002a3   Thumb Code     0  startup_stm32f103xe.o(.text)
    TIM1_UP_IRQHandler                       0x080002a3   Thumb Code     0  startup_stm32f103xe.o(.text)
    TIM2_IRQHandler                          0x080002a3   Thumb Code     0  startup_stm32f103xe.o(.text)
    TIM3_IRQHandler                          0x080002a3   Thumb Code     0  startup_stm32f103xe.o(.text)
    TIM4_IRQHandler                          0x080002a3   Thumb Code     0  startup_stm32f103xe.o(.text)
    TIM5_IRQHandler                          0x080002a3   Thumb Code     0  startup_stm32f103xe.o(.text)
    TIM6_IRQHandler                          0x080002a3   Thumb Code     0  startup_stm32f103xe.o(.text)
    TIM7_IRQHandler                          0x080002a3   Thumb Code     0  startup_stm32f103xe.o(.text)
    TIM8_BRK_IRQHandler                      0x080002a3   Thumb Code     0  startup_stm32f103xe.o(.text)
    TIM8_CC_IRQHandler                       0x080002a3   Thumb Code     0  startup_stm32f103xe.o(.text)
    TIM8_TRG_COM_IRQHandler                  0x080002a3   Thumb Code     0  startup_stm32f103xe.o(.text)
    TIM8_UP_IRQHandler                       0x080002a3   Thumb Code     0  startup_stm32f103xe.o(.text)
    UART4_IRQHandler                         0x080002a3   Thumb Code     0  startup_stm32f103xe.o(.text)
    UART5_IRQHandler                         0x080002a3   Thumb Code     0  startup_stm32f103xe.o(.text)
    USART2_IRQHandler                        0x080002a3   Thumb Code     0  startup_stm32f103xe.o(.text)
    USART3_IRQHandler                        0x080002a3   Thumb Code     0  startup_stm32f103xe.o(.text)
    USBWakeUp_IRQHandler                     0x080002a3   Thumb Code     0  startup_stm32f103xe.o(.text)
    USB_HP_CAN1_TX_IRQHandler                0x080002a3   Thumb Code     0  startup_stm32f103xe.o(.text)
    USB_LP_CAN1_RX0_IRQHandler               0x080002a3   Thumb Code     0  startup_stm32f103xe.o(.text)
    WWDG_IRQHandler                          0x080002a3   Thumb Code     0  startup_stm32f103xe.o(.text)
    __aeabi_uldivmod                         0x080002ad   Thumb Code    98  uldiv.o(.text)
    __aeabi_llsr                             0x0800030f   Thumb Code    32  llushr.o(.text)
    _ll_ushift_r                             0x0800030f   Thumb Code     0  llushr.o(.text)
    __aeabi_memset                           0x0800032f   Thumb Code    14  memseta.o(.text)
    __aeabi_memset4                          0x0800032f   Thumb Code     0  memseta.o(.text)
    __aeabi_memset8                          0x0800032f   Thumb Code     0  memseta.o(.text)
    __aeabi_memclr                           0x0800033d   Thumb Code     4  memseta.o(.text)
    __aeabi_memclr4                          0x0800033d   Thumb Code     0  memseta.o(.text)
    __aeabi_memclr8                          0x0800033d   Thumb Code     0  memseta.o(.text)
    _memset$wrapper                          0x08000341   Thumb Code    18  memseta.o(.text)
    strstr                                   0x08000353   Thumb Code    36  strstr.o(.text)
    strlen                                   0x08000377   Thumb Code    14  strlen.o(.text)
    strncmp                                  0x08000385   Thumb Code    30  strncmp.o(.text)
    __aeabi_uidiv                            0x080003a3   Thumb Code     0  uidiv.o(.text)
    __aeabi_uidivmod                         0x080003a3   Thumb Code    44  uidiv.o(.text)
    __aeabi_llsl                             0x080003cf   Thumb Code    30  llshl.o(.text)
    _ll_shift_l                              0x080003cf   Thumb Code     0  llshl.o(.text)
    __I$use$fp                               0x080003ed   Thumb Code     0  iusefp.o(.text)
    __aeabi_dadd                             0x080003ed   Thumb Code   322  dadd.o(.text)
    __aeabi_dsub                             0x0800052f   Thumb Code     6  dadd.o(.text)
    __aeabi_drsub                            0x08000535   Thumb Code     6  dadd.o(.text)
    __aeabi_dmul                             0x0800053b   Thumb Code   228  dmul.o(.text)
    __aeabi_ddiv                             0x0800061f   Thumb Code   222  ddiv.o(.text)
    __aeabi_d2ulz                            0x080006fd   Thumb Code    48  dfixul.o(.text)
    __aeabi_cdrcmple                         0x0800072d   Thumb Code    48  cdrcmple.o(.text)
    __scatterload                            0x0800075d   Thumb Code    28  init.o(.text)
    __scatterload_rt2                        0x0800075d   Thumb Code     0  init.o(.text)
    __aeabi_lasr                             0x08000781   Thumb Code    36  llsshr.o(.text)
    _ll_sshift_r                             0x08000781   Thumb Code     0  llsshr.o(.text)
    _double_round                            0x080007a5   Thumb Code    30  depilogue.o(.text)
    _double_epilogue                         0x080007c3   Thumb Code   156  depilogue.o(.text)
    SVC_Count                                0x08000860   Data           4  svc_table.o(SVC_TABLE)
    BusFault_Handler                         0x08000865   Thumb Code     4  stm32f1xx_it.o(i.BusFault_Handler)
    SVC_Table                                0x08000864   Data           0  svc_table.o(SVC_TABLE)
    DHT11_Check                              0x08000869   Thumb Code    86  dht11.o(i.DHT11_Check)
    DHT11_IO_IN                              0x080008c5   Thumb Code    36  dht11.o(i.DHT11_IO_IN)
    DHT11_IO_OUT                             0x080008ed   Thumb Code    50  dht11.o(i.DHT11_IO_OUT)
    DHT11_RST                                0x08000925   Thumb Code    42  dht11.o(i.DHT11_RST)
    DHT11_Read_Bit                           0x08000955   Thumb Code    86  dht11.o(i.DHT11_Read_Bit)
    DHT11_Read_Byte                          0x080009b1   Thumb Code    30  dht11.o(i.DHT11_Read_Byte)
    DHT11_Read_Data                          0x080009cf   Thumb Code    88  dht11.o(i.DHT11_Read_Data)
    DebugMon_Handler                         0x08000a27   Thumb Code     2  stm32f1xx_it.o(i.DebugMon_Handler)
    Delay_us                                 0x08000a29   Thumb Code    38  dht11.o(i.Delay_us)
    Error_Handler                            0x08000a55   Thumb Code     6  main.o(i.Error_Handler)
    HAL_DMA_Abort                            0x08000add   Thumb Code    86  stm32f1xx_hal_dma.o(i.HAL_DMA_Abort)
    HAL_DMA_Abort_IT                         0x08000b35   Thumb Code   414  stm32f1xx_hal_dma.o(i.HAL_DMA_Abort_IT)
    HAL_Delay                                0x08000cdd   Thumb Code    36  stm32f1xx_hal.o(i.HAL_Delay)
    HAL_GPIO_Init                            0x08000d05   Thumb Code   792  stm32f1xx_hal_gpio.o(i.HAL_GPIO_Init)
    HAL_GPIO_ReadPin                         0x08001045   Thumb Code    16  stm32f1xx_hal_gpio.o(i.HAL_GPIO_ReadPin)
    HAL_GPIO_TogglePin                       0x08001055   Thumb Code    20  stm32f1xx_hal_gpio.o(i.HAL_GPIO_TogglePin)
    HAL_GPIO_WritePin                        0x08001069   Thumb Code    12  stm32f1xx_hal_gpio.o(i.HAL_GPIO_WritePin)
    HAL_GetTick                              0x08001075   Thumb Code     6  main.o(i.HAL_GetTick)
    HAL_Init                                 0x08001081   Thumb Code    34  stm32f1xx_hal.o(i.HAL_Init)
    HAL_InitTick                             0x080010a9   Thumb Code    64  stm32f1xx_hal.o(i.HAL_InitTick)
    HAL_MspInit                              0x080010f5   Thumb Code    90  stm32f1xx_hal_msp.o(i.HAL_MspInit)
    HAL_NVIC_EnableIRQ                       0x08001159   Thumb Code    32  stm32f1xx_hal_cortex.o(i.HAL_NVIC_EnableIRQ)
    HAL_NVIC_SetPriority                     0x08001179   Thumb Code   124  stm32f1xx_hal_cortex.o(i.HAL_NVIC_SetPriority)
    HAL_NVIC_SetPriorityGrouping             0x080011f5   Thumb Code    32  stm32f1xx_hal_cortex.o(i.HAL_NVIC_SetPriorityGrouping)
    HAL_RCC_ClockConfig                      0x0800121d   Thumb Code   376  stm32f1xx_hal_rcc.o(i.HAL_RCC_ClockConfig)
    HAL_RCC_GetHCLKFreq                      0x080013a9   Thumb Code     6  stm32f1xx_hal_rcc.o(i.HAL_RCC_GetHCLKFreq)
    HAL_RCC_GetPCLK1Freq                     0x080013b5   Thumb Code    22  stm32f1xx_hal_rcc.o(i.HAL_RCC_GetPCLK1Freq)
    HAL_RCC_GetPCLK2Freq                     0x080013d5   Thumb Code    22  stm32f1xx_hal_rcc.o(i.HAL_RCC_GetPCLK2Freq)
    HAL_RCC_GetSysClockFreq                  0x080013f5   Thumb Code    92  stm32f1xx_hal_rcc.o(i.HAL_RCC_GetSysClockFreq)
    HAL_RCC_OscConfig                        0x08001465   Thumb Code  1114  stm32f1xx_hal_rcc.o(i.HAL_RCC_OscConfig)
    HAL_SYSTICK_Config                       0x080018c9   Thumb Code    52  stm32f1xx_hal_cortex.o(i.HAL_SYSTICK_Config)
    HAL_TIMEx_MasterConfigSynchronization    0x080018fd   Thumb Code   134  stm32f1xx_hal_tim_ex.o(i.HAL_TIMEx_MasterConfigSynchronization)
    HAL_TIM_Base_Init                        0x08001999   Thumb Code   102  stm32f1xx_hal_tim.o(i.HAL_TIM_Base_Init)
    HAL_TIM_Base_MspInit                     0x08001a01   Thumb Code    40  stm32f1xx_hal_msp.o(i.HAL_TIM_Base_MspInit)
    HAL_TIM_Base_Start                       0x08001a31   Thumb Code   110  stm32f1xx_hal_tim.o(i.HAL_TIM_Base_Start)
    HAL_TIM_Base_Stop                        0x08001ab5   Thumb Code    50  stm32f1xx_hal_tim.o(i.HAL_TIM_Base_Stop)
    HAL_TIM_ConfigClockSource                0x08001ae7   Thumb Code   268  stm32f1xx_hal_tim.o(i.HAL_TIM_ConfigClockSource)
    HAL_UARTEx_RxEventCallback               0x08001bf3   Thumb Code     2  stm32f1xx_hal_uart.o(i.HAL_UARTEx_RxEventCallback)
    HAL_UART_ErrorCallback                   0x08001bf5   Thumb Code     2  stm32f1xx_hal_uart.o(i.HAL_UART_ErrorCallback)
    HAL_UART_IRQHandler                      0x08001bf9   Thumb Code   736  stm32f1xx_hal_uart.o(i.HAL_UART_IRQHandler)
    HAL_UART_Init                            0x08001edd   Thumb Code   118  stm32f1xx_hal_uart.o(i.HAL_UART_Init)
    HAL_UART_MspInit                         0x08001f55   Thumb Code   138  stm32f1xx_hal_msp.o(i.HAL_UART_MspInit)
    HAL_UART_RxCpltCallback                  0x08001fed   Thumb Code     2  stm32f1xx_hal_uart.o(i.HAL_UART_RxCpltCallback)
    HAL_UART_Transmit                        0x08001fef   Thumb Code   178  stm32f1xx_hal_uart.o(i.HAL_UART_Transmit)
    HAL_UART_TxCpltCallback                  0x080020a1   Thumb Code     2  stm32f1xx_hal_uart.o(i.HAL_UART_TxCpltCallback)
    HardFault_Handler                        0x080020a3   Thumb Code     4  stm32f1xx_it.o(i.HardFault_Handler)
    MemManage_Handler                        0x08002295   Thumb Code     4  stm32f1xx_it.o(i.MemManage_Handler)
    MsgExec_AllocMessage                     0x08002299   Thumb Code    14  vmsgexec.o(i.MsgExec_AllocMessage)
    MsgExec_CreateModule                     0x080022ad   Thumb Code   114  vmsgexec.o(i.MsgExec_CreateModule)
    MsgExec_Exec                             0x08002325   Thumb Code    72  vmsgexec.o(i.MsgExec_Exec)
    MsgExec_FreeModule                       0x08002371   Thumb Code   112  vmsgexec.o(i.MsgExec_FreeModule)
    MsgExec_Init                             0x080023e5   Thumb Code    24  vmsgexec.o(i.MsgExec_Init)
    MsgExec_PutMessage                       0x08002409   Thumb Code    18  vmsgexec.o(i.MsgExec_PutMessage)
    NMI_Handler                              0x08002421   Thumb Code     4  stm32f1xx_it.o(i.NMI_Handler)
    SystemClock_Config                       0x0800244d   Thumb Code   102  main.o(i.SystemClock_Config)
    SystemInit                               0x080024b3   Thumb Code     2  system_stm32f1xx.o(i.SystemInit)
    TIM_Base_SetConfig                       0x080024b5   Thumb Code   134  stm32f1xx_hal_tim.o(i.TIM_Base_SetConfig)
    TIM_ETR_SetConfig                        0x08002551   Thumb Code    22  stm32f1xx_hal_tim.o(i.TIM_ETR_SetConfig)
    USART1_IRQHandler                        0x08002955   Thumb Code    10  stm32f1xx_it.o(i.USART1_IRQHandler)
    UsageFault_Handler                       0x08002965   Thumb Code     4  stm32f1xx_it.o(i.UsageFault_Handler)
    VWM_ClearWndTimer                        0x08002969   Thumb Code    34  vmsgexec.o(i.VWM_ClearWndTimer)
    VWM_CreateTimer                          0x0800298d   Thumb Code   134  vmsgexec.o(i.VWM_CreateTimer)
    VWM_DeleteTimer                          0x08002a1d   Thumb Code   112  vmsgexec.o(i.VWM_DeleteTimer)
    VWM_FindTimerByWnd                       0x08002a91   Thumb Code    26  vmsgexec.o(i.VWM_FindTimerByWnd)
    VWM_StartTimer                           0x08002ab1   Thumb Code    22  vmsgexec.o(i.VWM_StartTimer)
    VWM_TimerInit                            0x08002ac9   Thumb Code    12  vmsgexec.o(i.VWM_TimerInit)
    __0printf                                0x08002ad9   Thumb Code    22  printfa.o(i.__0printf)
    __1printf                                0x08002ad9   Thumb Code     0  printfa.o(i.__0printf)
    __2printf                                0x08002ad9   Thumb Code     0  printfa.o(i.__0printf)
    __c89printf                              0x08002ad9   Thumb Code     0  printfa.o(i.__0printf)
    printf                                   0x08002ad9   Thumb Code     0  printfa.o(i.__0printf)
    __0snprintf                              0x08002af9   Thumb Code    48  printfa.o(i.__0snprintf)
    __1snprintf                              0x08002af9   Thumb Code     0  printfa.o(i.__0snprintf)
    __2snprintf                              0x08002af9   Thumb Code     0  printfa.o(i.__0snprintf)
    __c89snprintf                            0x08002af9   Thumb Code     0  printfa.o(i.__0snprintf)
    snprintf                                 0x08002af9   Thumb Code     0  printfa.o(i.__0snprintf)
    __0vsnprintf                             0x08002b2d   Thumb Code    46  printfa.o(i.__0vsnprintf)
    __1vsnprintf                             0x08002b2d   Thumb Code     0  printfa.o(i.__0vsnprintf)
    __2vsnprintf                             0x08002b2d   Thumb Code     0  printfa.o(i.__0vsnprintf)
    __c89vsnprintf                           0x08002b2d   Thumb Code     0  printfa.o(i.__0vsnprintf)
    vsnprintf                                0x08002b2d   Thumb Code     0  printfa.o(i.__0vsnprintf)
    __scatterload_copy                       0x08002b9f   Thumb Code    14  handlers.o(i.__scatterload_copy)
    __scatterload_null                       0x08002bad   Thumb Code     2  handlers.o(i.__scatterload_null)
    __scatterload_zeroinit                   0x08002baf   Thumb Code    14  handlers.o(i.__scatterload_zeroinit)
    _init_box                                0x08002d41   Thumb Code    70  rt_membox.o(i._init_box)
    app_dlgcallback                          0x080034a5   Thumb Code   336  app.o(i.app_dlgcallback)
    app_init                                 0x080036d5   Thumb Code    72  app.o(i.app_init)
    dbg_init                                 0x080037a5   Thumb Code    34  hal_cm.o(i.dbg_init)
    dbg_task_notify                          0x080037d5   Thumb Code    32  hal_cm.o(i.dbg_task_notify)
    dbg_task_switch                          0x080037f5   Thumb Code    16  hal_cm.o(i.dbg_task_switch)
    dm_init                                  0x08003805   Thumb Code    14  tlsf.o(i.dm_init)
    elog_get_filter_tag_lvl                  0x08003819   Thumb Code   164  elog.o(i.elog_get_filter_tag_lvl)
    elog_init                                0x08003925   Thumb Code    76  elog.o(i.elog_init)
    elog_output                              0x08003975   Thumb Code   820  elog.o(i.elog_output)
    elog_output_lock                         0x08003d51   Thumb Code    34  elog.o(i.elog_output_lock)
    elog_output_lock_enabled                 0x08003d79   Thumb Code    60  elog.o(i.elog_output_lock_enabled)
    elog_output_unlock                       0x08003db9   Thumb Code    34  elog.o(i.elog_output_unlock)
    elog_port_get_p_info                     0x08003de1   Thumb Code     4  elog_port.o(i.elog_port_get_p_info)
    elog_port_get_t_info                     0x08003de9   Thumb Code     4  elog_port.o(i.elog_port_get_t_info)
    elog_port_get_time                       0x08003df1   Thumb Code     2  elog_port.o(i.elog_port_get_time)
    elog_port_init                           0x08003df3   Thumb Code     4  elog_port.o(i.elog_port_init)
    elog_port_output                         0x08003df9   Thumb Code    18  elog_port.o(i.elog_port_output)
    elog_port_output_lock                    0x08003e15   Thumb Code     2  elog_port.o(i.elog_port_output_lock)
    elog_port_output_unlock                  0x08003e17   Thumb Code     2  elog_port.o(i.elog_port_output_unlock)
    elog_set_filter_lvl                      0x08003e19   Thumb Code    76  elog.o(i.elog_set_filter_lvl)
    elog_set_fmt                             0x08003f11   Thumb Code    80  elog.o(i.elog_set_fmt)
    elog_set_output_enabled                  0x08003fd1   Thumb Code    82  elog.o(i.elog_set_output_enabled)
    elog_set_text_color_enabled              0x080040a1   Thumb Code    82  elog.o(i.elog_set_text_color_enabled)
    elog_start                               0x08004171   Thumb Code    46  elog.o(i.elog_start)
    elog_strcpy                              0x080041fd   Thumb Code   162  elog_utils.o(i.elog_strcpy)
    fputc                                    0x080042fd   Thumb Code    22  main.o(i.fputc)
    free_ex                                  0x08004319   Thumb Code   562  tlsf.o(i.free_ex)
    init_memory_pool                         0x0800461d   Thumb Code   180  tlsf.o(i.init_memory_pool)
    isrMessageGet                            0x08004749   Thumb Code    42  rt_cmsis.o(i.isrMessageGet)
    isrMessagePut                            0x08004773   Thumb Code    44  rt_cmsis.o(i.isrMessagePut)
    isr_mbx_receive                          0x080047a1   Thumb Code    86  rt_mailbox.o(i.isr_mbx_receive)
    isr_mbx_send                             0x080047f7   Thumb Code    14  rt_mailbox.o(i.isr_mbx_send)
    keyscan                                  0x08004805   Thumb Code    38  bsp.o(i.keyscan)
    led_b_off                                0x08004835   Thumb Code    14  bsp.o(i.led_b_off)
    led_b_on                                 0x08004849   Thumb Code    14  bsp.o(i.led_b_on)
    led_g_toggle                             0x0800485d   Thumb Code    12  bsp.o(i.led_g_toggle)
    main                                     0x080048a9   Thumb Code   126  main.o(i.main)
    malloc_ex                                0x08004965   Thumb Code   418  tlsf.o(i.malloc_ex)
    osKernelInitialize                       0x08004b45   Thumb Code    30  rt_cmsis.o(i.osKernelInitialize)
    osKernelStart                            0x08004b69   Thumb Code    98  rt_cmsis.o(i.osKernelStart)
    osMailCAlloc                             0x08004bd5   Thumb Code    44  rt_cmsis.o(i.osMailCAlloc)
    osMailCreate                             0x08004c05   Thumb Code    36  rt_cmsis.o(i.osMailCreate)
    osMailFree                               0x08004c31   Thumb Code    22  rt_cmsis.o(i.osMailFree)
    osMailGet                                0x08004c4d   Thumb Code    22  rt_cmsis.o(i.osMailGet)
    osMailPut                                0x08004c63   Thumb Code    20  rt_cmsis.o(i.osMailPut)
    osMessageGet                             0x08004c79   Thumb Code    18  rt_cmsis.o(i.osMessageGet)
    osMessagePut                             0x08004c91   Thumb Code    18  rt_cmsis.o(i.osMessagePut)
    osMutexCreate                            0x08004ca9   Thumb Code    36  rt_cmsis.o(i.osMutexCreate)
    osMutexRelease                           0x08004cd5   Thumb Code    18  rt_cmsis.o(i.osMutexRelease)
    osMutexWait                              0x08004ced   Thumb Code    18  rt_cmsis.o(i.osMutexWait)
    osThreadCreate                           0x08004d05   Thumb Code    36  rt_cmsis.o(i.osThreadCreate)
    osThreadExit                             0x08004d31   Thumb Code    14  rt_cmsis.o(i.osThreadExit)
    osTimerCall                              0x08004d49   Thumb Code     8  rt_cmsis.o(i.osTimerCall)
    osTimerCreate                            0x08004d55   Thumb Code    36  rt_cmsis.o(i.osTimerCreate)
    osTimerDelete                            0x08004d81   Thumb Code    18  rt_cmsis.o(i.osTimerDelete)
    osTimerStart                             0x08004d99   Thumb Code    18  rt_cmsis.o(i.osTimerStart)
    osTimerThread                            0x08004db1   Thumb Code    38  rt_cmsis.o(i.osTimerThread)
    osTimer_Callback                         0x08004ddd   Thumb Code    50  vmsgexec.o(i.osTimer_Callback)
    os_error                                 0x08004e0f   Thumb Code    34  rtx_conf_cm.o(i.os_error)
    os_idle_demon                            0x08004e31   Thumb Code     4  rtx_conf_cm.o(i.os_idle_demon)
    os_tick_init                             0x08004e35   Thumb Code    32  rt_system.o(i.os_tick_init)
    os_tick_irqack                           0x08004e5d   Thumb Code     2  rt_system.o(i.os_tick_irqack)
    rt_alloc_box                             0x08004ead   Thumb Code    26  rt_membox.o(i.rt_alloc_box)
    rt_alloc_mem                             0x08004ec7   Thumb Code    62  rt_memory.o(i.rt_alloc_mem)
    rt_block                                 0x08004f05   Thumb Code    48  rt_task.o(i.rt_block)
    rt_chk_robin                             0x08004f3d   Thumb Code    60  rt_robin.o(i.rt_chk_robin)
    rt_dec_dly                               0x08004f9d   Thumb Code   102  rt_list.o(i.rt_dec_dly)
    rt_dispatch                              0x0800500d   Thumb Code    60  rt_task.o(i.rt_dispatch)
    rt_evt_psh                               0x08005051   Thumb Code    76  rt_event.o(i.rt_evt_psh)
    rt_free_box                              0x080050a1   Thumb Code    44  rt_membox.o(i.rt_free_box)
    rt_free_mem                              0x080050cd   Thumb Code    40  rt_memory.o(i.rt_free_mem)
    rt_get_first                             0x080050f5   Thumb Code    40  rt_list.o(i.rt_get_first)
    rt_init_mem                              0x0800516d   Thumb Code    26  rt_memory.o(i.rt_init_mem)
    rt_init_robin                            0x08005189   Thumb Code    14  rt_robin.o(i.rt_init_robin)
    rt_init_stack                            0x080051a1   Thumb Code   118  hal_cm.o(i.rt_init_stack)
    rt_mbx_check                             0x08005221   Thumb Code     8  rt_mailbox.o(i.rt_mbx_check)
    rt_mbx_init                              0x08005229   Thumb Code    26  rt_mailbox.o(i.rt_mbx_init)
    rt_mbx_psh                               0x08005245   Thumb Code   236  rt_mailbox.o(i.rt_mbx_psh)
    rt_mbx_send                              0x08005335   Thumb Code   148  rt_mailbox.o(i.rt_mbx_send)
    rt_mbx_wait                              0x080053cd   Thumb Code   174  rt_mailbox.o(i.rt_mbx_wait)
    rt_mut_init                              0x080054c5   Thumb Code    16  rt_mutex.o(i.rt_mut_init)
    rt_mut_release                           0x080054d5   Thumb Code   208  rt_mutex.o(i.rt_mut_release)
    rt_mut_wait                              0x080055ad   Thumb Code   114  rt_mutex.o(i.rt_mut_wait)
    rt_pop_req                               0x08005625   Thumb Code   112  rt_system.o(i.rt_pop_req)
    rt_psh_req                               0x080056a1   Thumb Code    22  rt_system.o(i.rt_psh_req)
    rt_psq_enq                               0x080056c1   Thumb Code    88  rt_list.o(i.rt_psq_enq)
    rt_put_dly                               0x0800571d   Thumb Code    68  rt_list.o(i.rt_put_dly)
    rt_put_prio                              0x08005765   Thumb Code    54  rt_list.o(i.rt_put_prio)
    rt_put_rdy_first                         0x0800579d   Thumb Code    14  rt_list.o(i.rt_put_rdy_first)
    rt_resort_prio                           0x080057b1   Thumb Code    46  rt_list.o(i.rt_resort_prio)
    rt_ret_val                               0x080057e5   Thumb Code     6  hal_cm.o(i.rt_ret_val)
    rt_ret_val2                              0x080057eb   Thumb Code     8  hal_cm.o(i.rt_ret_val2)
    rt_rmv_dly                               0x080057f3   Thumb Code    40  rt_list.o(i.rt_rmv_dly)
    rt_rmv_list                              0x0800581d   Thumb Code    44  rt_list.o(i.rt_rmv_list)
    rt_sem_psh                               0x0800584d   Thumb Code    48  rt_semaphore.o(i.rt_sem_psh)
    rt_stk_check                             0x08005881   Thumb Code    28  rt_system.o(i.rt_stk_check)
    rt_switch_req                            0x080058a5   Thumb Code    30  rt_task.o(i.rt_switch_req)
    rt_sys_init                              0x080058cd   Thumb Code   138  rt_task.o(i.rt_sys_init)
    rt_sys_start                             0x08005999   Thumb Code   110  rt_task.o(i.rt_sys_start)
    rt_systick                               0x08005a11   Thumb Code    50  rt_system.o(i.rt_systick)
    rt_tsk_create                            0x08005ad5   Thumb Code   118  rt_task.o(i.rt_tsk_create)
    rt_tsk_delete                            0x08005b5d   Thumb Code   352  rt_task.o(i.rt_tsk_delete)
    rt_tsk_prio                              0x08005cd9   Thumb Code   108  rt_task.o(i.rt_tsk_prio)
    rt_tsk_self                              0x08005d55   Thumb Code    12  rt_task.o(i.rt_tsk_self)
    svcKernelInitialize                      0x08005d81   Thumb Code    80  rt_cmsis.o(i.svcKernelInitialize)
    svcKernelStart                           0x08005df1   Thumb Code    62  rt_cmsis.o(i.svcKernelStart)
    svcMailCreate                            0x08005e39   Thumb Code    66  rt_cmsis.o(i.svcMailCreate)
    svcMessageCreate                         0x08005e7b   Thumb Code    36  rt_cmsis.o(i.svcMessageCreate)
    svcMessageGet                            0x08005e9f   Thumb Code    58  rt_cmsis.o(i.svcMessageGet)
    svcMessagePut                            0x08005ed9   Thumb Code    54  rt_cmsis.o(i.svcMessagePut)
    svcMutexCreate                           0x08005f0f   Thumb Code    28  rt_cmsis.o(i.svcMutexCreate)
    svcMutexRelease                          0x08005f2b   Thumb Code    34  rt_cmsis.o(i.svcMutexRelease)
    svcMutexWait                             0x08005f4d   Thumb Code    58  rt_cmsis.o(i.svcMutexWait)
    svcThreadCreate                          0x08005f89   Thumb Code    96  rt_cmsis.o(i.svcThreadCreate)
    svcThreadGetId                           0x08005ff5   Thumb Code    22  rt_cmsis.o(i.svcThreadGetId)
    svcThreadTerminate                       0x08006011   Thumb Code    50  rt_cmsis.o(i.svcThreadTerminate)
    svcTimerCall                             0x08006049   Thumb Code    24  rt_cmsis.o(i.svcTimerCall)
    svcTimerCreate                           0x08006061   Thumb Code    52  rt_cmsis.o(i.svcTimerCreate)
    svcTimerDelete                           0x08006099   Thumb Code    40  rt_cmsis.o(i.svcTimerDelete)
    svcTimerStart                            0x080060c1   Thumb Code    96  rt_cmsis.o(i.svcTimerStart)
    sysMailAlloc                             0x08006125   Thumb Code    84  rt_cmsis.o(i.sysMailAlloc)
    sysMailFree                              0x0800617d   Thumb Code    96  rt_cmsis.o(i.sysMailFree)
    sysTimerTick                             0x080061dd   Thumb Code    84  rt_cmsis.o(i.sysTimerTick)
    tlsf_free                                0x08006239   Thumb Code    56  tlsf.o(i.tlsf_free)
    tlsf_malloc                              0x08006275   Thumb Code   142  tlsf.o(i.tlsf_malloc)
    AHBPrescTable                            0x0800633f   Data          16  system_stm32f1xx.o(.constdata)
    APBPrescTable                            0x0800634f   Data           8  system_stm32f1xx.o(.constdata)
    os_mailQ_def_MsgExecQ                    0x0800645c   Data          12  vmsgexec.o(.constdata)
    os_timer_def_vostimer                    0x08006468   Data           8  vmsgexec.o(.constdata)
    os_mutex_def_DYNMemMutex                 0x0800648c   Data           4  tlsf.o(.constdata)
    os_maxtaskrun                            0x08006890   Data           2  rtx_conf_cm.o(.constdata)
    os_stackinfo                             0x08006894   Data           4  rtx_conf_cm.o(.constdata)
    os_rrobin                                0x08006898   Data           4  rtx_conf_cm.o(.constdata)
    os_tickfreq                              0x0800689c   Data           4  rtx_conf_cm.o(.constdata)
    os_tickus_i                              0x080068a0   Data           2  rtx_conf_cm.o(.constdata)
    os_tickus_f                              0x080068a2   Data           2  rtx_conf_cm.o(.constdata)
    os_trv                                   0x080068a4   Data           4  rtx_conf_cm.o(.constdata)
    os_flags                                 0x080068a8   Data           1  rtx_conf_cm.o(.constdata)
    CMSIS_RTOS_API_Version                   0x080068ac   Data           4  rtx_conf_cm.o(.constdata)
    CMSIS_RTOS_RTX_Version                   0x080068b0   Data           4  rtx_conf_cm.o(.constdata)
    os_clockrate                             0x080068b4   Data           4  rtx_conf_cm.o(.constdata)
    os_timernum                              0x080068b8   Data           4  rtx_conf_cm.o(.constdata)
    mp_tcb_size                              0x080068bc   Data           2  rtx_conf_cm.o(.constdata)
    mp_stk_size                              0x080068c0   Data           4  rtx_conf_cm.o(.constdata)
    os_stack_sz                              0x080068c4   Data           4  rtx_conf_cm.o(.constdata)
    os_fifo_size                             0x080068c8   Data           1  rtx_conf_cm.o(.constdata)
    os_thread_def_osTimerThread              0x080068cc   Data          16  rtx_conf_cm.o(.constdata)
    os_messageQ_def_osTimerMessageQ          0x080068dc   Data           8  rtx_conf_cm.o(.constdata)
    mp_tmr_size                              0x080068e4   Data           2  rtx_conf_cm.o(.constdata)
    os_thread_def_main                       0x080068e8   Data          16  rtx_conf_cm.o(.constdata)
    Region$$Table$$Base                      0x08006940   Number         0  anon$$obj.o(Region$$Table)
    Region$$Table$$Limit                     0x08006960   Number         0  anon$$obj.o(Region$$Table)
    uwTick                                   0x20000000   Data           4  stm32f1xx_hal.o(.data)
    uwTickPrio                               0x20000004   Data           4  stm32f1xx_hal.o(.data)
    uwTickFreq                               0x20000008   Data           1  stm32f1xx_hal.o(.data)
    SystemCoreClock                          0x2000000c   Data           4  system_stm32f1xx.o(.data)
    elog_assert_hook                         0x20000040   Data           4  elog.o(.data)
    gMsgExec                                 0x20000044   Data           8  vmsgexec.o(.data)
    os_mailQ_p_MsgExecQ                      0x2000004c   Data           8  vmsgexec.o(.data)
    MsgExecQID                               0x20000054   Data           4  vmsgexec.o(.data)
    gVTimer                                  0x20000058   Data           8  vmsgexec.o(.data)
    mp                                       0x20000064   Data           4  tlsf.o(.data)
    g_mp                                     0x20000068   Data           4  tlsf.o(.data)
    osThreadId_osTimerThread                 0x2000006c   Data           4  rtx_conf_cm.o(.data)
    osMessageQId_osTimerMessageQ             0x20000070   Data           4  rtx_conf_cm.o(.data)
    os_tmr                                   0x20000074   Data           4  rtx_conf_cm.o(.data)
    m_tmr                                    0x20000078   Data           4  rtx_conf_cm.o(.data)
    os_initialized                           0x2000007c   Data           1  rt_cmsis.o(.data)
    os_running                               0x2000007d   Data           1  rt_cmsis.o(.data)
    os_timer_head                            0x20000080   Data           4  rt_cmsis.o(.data)
    os_time                                  0x20000084   Data           4  rt_time.o(.data)
    os_tsk                                   0x20000088   Data           8  rt_task.o(.data)
    os_tick_irqn                             0x20000094   Data           4  rt_system.o(.data)
    dbg_msg                                  0x20000098   Data           1  hal_cm.o(.data)
    os_robin                                 0x2000009c   Data           8  rt_robin.o(.data)
    __stdout                                 0x200000a4   Data           4  stdout.o(.data)
    htim4                                    0x200000a8   Data          72  main.o(.bss)
    huart1                                   0x200000f0   Data          72  main.o(.bss)
    os_mailQ_q_MsgExecQ                      0x20000630   Data         272  vmsgexec.o(.bss)
    os_mailQ_m_MsgExecQ                      0x20000740   Data        1292  vmsgexec.o(.bss)
    os_timer_cb_vostimer                     0x20000c4c   Data          24  vmsgexec.o(.bss)
    g_app                                    0x20000c64   Data          20  app.o(.bss)
    os_mutex_cb_DYNMemMutex                  0x20000c78   Data          16  tlsf.o(.bss)
    mp_tcb                                   0x20008c88   Data         272  rtx_conf_cm.o(.bss)
    mp_stk                                   0x20008d98   Data        4112  rtx_conf_cm.o(.bss)
    os_stack_mem                             0x20009da8   Data        1568  rtx_conf_cm.o(.bss)
    os_fifo                                  0x2000a3c8   Data         516  rtx_conf_cm.o(.bss)
    os_active_TCB                            0x2000a5cc   Data          20  rtx_conf_cm.o(.bss)
    os_messageQ_q_osTimerMessageQ            0x2000a5e0   Data          80  rtx_conf_cm.o(.bss)
    os_idle_TCB                              0x2000a630   Data          52  rt_task.o(.bss)
    os_rdy                                   0x2000a664   Data          24  rt_list.o(.bss)
    os_dly                                   0x2000a67c   Data          24  rt_list.o(.bss)
    __initial_sp                             0x2000aa98   Data           0  startup_stm32f103xe.o(STACK)



==============================================================================

Memory Map of the image

  Image Entry point : 0x08000131

  Load Region LR_IROM1 (Base: 0x08000000, Size: 0x00006a08, Max: 0x00080000, ABSOLUTE)

    Execution Region ER_IROM1 (Exec base: 0x08000000, Load base: 0x08000000, Size: 0x00006960, Max: 0x00080000, ABSOLUTE)

    Exec Addr    Load Addr    Size         Type   Attr      Idx    E Section Name        Object

    0x08000000   0x08000000   0x00000130   Data   RO            3    RESET               startup_stm32f103xe.o
    0x08000130   0x08000130   0x00000000   Code   RO         4768  * .ARM.Collect$$$$00000000  mc_w.l(entry.o)
    0x08000130   0x08000130   0x00000004   Code   RO         5052    .ARM.Collect$$$$00000001  mc_w.l(entry2.o)
    0x08000134   0x08000134   0x00000004   Code   RO         5055    .ARM.Collect$$$$00000004  mc_w.l(entry5.o)
    0x08000138   0x08000138   0x00000000   Code   RO         5057    .ARM.Collect$$$$00000008  mc_w.l(entry7b.o)
    0x08000138   0x08000138   0x00000000   Code   RO         5059    .ARM.Collect$$$$0000000A  mc_w.l(entry8b.o)
    0x08000138   0x08000138   0x00000004   Code   RO         5065    .ARM.Collect$$$$0000000E  mc_w.l(entry12b.o)
    0x0800013c   0x0800013c   0x00000000   Code   RO         5060    .ARM.Collect$$$$0000000F  mc_w.l(entry10a.o)
    0x0800013c   0x0800013c   0x00000000   Code   RO         5062    .ARM.Collect$$$$00000011  mc_w.l(entry11a.o)
    0x0800013c   0x0800013c   0x00000018   Code   RO         3522    .ARM.Collect$$$$000000FF  rtx_conf_cm.o
    0x08000154   0x08000154   0x00000004   Code   RO         5053    .ARM.Collect$$$$00002712  mc_w.l(entry2.o)
    0x08000158   0x08000158   0x00000130   Code   RO         4755    .emb_text           RTX_CM3.lib(hal_cm3.o)
    0x08000288   0x08000288   0x00000024   Code   RO            4    .text               startup_stm32f103xe.o
    0x080002ac   0x080002ac   0x00000062   Code   RO         4771    .text               mc_w.l(uldiv.o)
    0x0800030e   0x0800030e   0x00000020   Code   RO         4773    .text               mc_w.l(llushr.o)
    0x0800032e   0x0800032e   0x00000024   Code   RO         4777    .text               mc_w.l(memseta.o)
    0x08000352   0x08000352   0x00000024   Code   RO         4779    .text               mc_w.l(strstr.o)
    0x08000376   0x08000376   0x0000000e   Code   RO         4783    .text               mc_w.l(strlen.o)
    0x08000384   0x08000384   0x0000001e   Code   RO         4787    .text               mc_w.l(strncmp.o)
    0x080003a2   0x080003a2   0x0000002c   Code   RO         5067    .text               mc_w.l(uidiv.o)
    0x080003ce   0x080003ce   0x0000001e   Code   RO         5069    .text               mc_w.l(llshl.o)
    0x080003ec   0x080003ec   0x00000000   Code   RO         5071    .text               mc_w.l(iusefp.o)
    0x080003ec   0x080003ec   0x0000014e   Code   RO         5072    .text               mf_w.l(dadd.o)
    0x0800053a   0x0800053a   0x000000e4   Code   RO         5074    .text               mf_w.l(dmul.o)
    0x0800061e   0x0800061e   0x000000de   Code   RO         5076    .text               mf_w.l(ddiv.o)
    0x080006fc   0x080006fc   0x00000030   Code   RO         5078    .text               mf_w.l(dfixul.o)
    0x0800072c   0x0800072c   0x00000030   Code   RO         5080    .text               mf_w.l(cdrcmple.o)
    0x0800075c   0x0800075c   0x00000024   Code   RO         5082    .text               mc_w.l(init.o)
    0x08000780   0x08000780   0x00000024   Code   RO         5084    .text               mc_w.l(llsshr.o)
    0x080007a4   0x080007a4   0x000000ba   Code   RO         5086    .text               mf_w.l(depilogue.o)
    0x0800085e   0x0800085e   0x00000002   PAD
    0x08000860   0x08000860   0x00000004   Code   RO         4765    SVC_TABLE           RTX_CM3.lib(svc_table.o)
    0x08000864   0x08000864   0x00000004   Code   RO          203    i.BusFault_Handler  stm32f1xx_it.o
    0x08000868   0x08000868   0x0000005c   Code   RO         3023    i.DHT11_Check       dht11.o
    0x080008c4   0x080008c4   0x00000028   Code   RO         3024    i.DHT11_IO_IN       dht11.o
    0x080008ec   0x080008ec   0x00000038   Code   RO         3025    i.DHT11_IO_OUT      dht11.o
    0x08000924   0x08000924   0x00000030   Code   RO         3026    i.DHT11_RST         dht11.o
    0x08000954   0x08000954   0x0000005c   Code   RO         3027    i.DHT11_Read_Bit    dht11.o
    0x080009b0   0x080009b0   0x0000001e   Code   RO         3028    i.DHT11_Read_Byte   dht11.o
    0x080009ce   0x080009ce   0x00000058   Code   RO         3029    i.DHT11_Read_Data   dht11.o
    0x08000a26   0x08000a26   0x00000002   Code   RO          204    i.DebugMon_Handler  stm32f1xx_it.o
    0x08000a28   0x08000a28   0x0000002c   Code   RO         3030    i.Delay_us          dht11.o
    0x08000a54   0x08000a54   0x00000006   Code   RO           13    i.Error_Handler     main.o
    0x08000a5a   0x08000a5a   0x00000082   Code   RO         3360    i.FIND_SUITABLE_BLOCK  tlsf.o
    0x08000adc   0x08000adc   0x00000056   Code   RO         1721    i.HAL_DMA_Abort     stm32f1xx_hal_dma.o
    0x08000b32   0x08000b32   0x00000002   PAD
    0x08000b34   0x08000b34   0x000001a8   Code   RO         1722    i.HAL_DMA_Abort_IT  stm32f1xx_hal_dma.o
    0x08000cdc   0x08000cdc   0x00000028   Code   RO         1342    i.HAL_Delay         stm32f1xx_hal.o
    0x08000d04   0x08000d04   0x00000340   Code   RO         1657    i.HAL_GPIO_Init     stm32f1xx_hal_gpio.o
    0x08001044   0x08001044   0x00000010   Code   RO         1659    i.HAL_GPIO_ReadPin  stm32f1xx_hal_gpio.o
    0x08001054   0x08001054   0x00000014   Code   RO         1660    i.HAL_GPIO_TogglePin  stm32f1xx_hal_gpio.o
    0x08001068   0x08001068   0x0000000c   Code   RO         1661    i.HAL_GPIO_WritePin  stm32f1xx_hal_gpio.o
    0x08001074   0x08001074   0x0000000c   Code   RO           14    i.HAL_GetTick       main.o
    0x08001080   0x08001080   0x00000028   Code   RO         1353    i.HAL_Init          stm32f1xx_hal.o
    0x080010a8   0x080010a8   0x0000004c   Code   RO         1354    i.HAL_InitTick      stm32f1xx_hal.o
    0x080010f4   0x080010f4   0x00000064   Code   RO          267    i.HAL_MspInit       stm32f1xx_hal_msp.o
    0x08001158   0x08001158   0x00000020   Code   RO         1817    i.HAL_NVIC_EnableIRQ  stm32f1xx_hal_cortex.o
    0x08001178   0x08001178   0x0000007c   Code   RO         1823    i.HAL_NVIC_SetPriority  stm32f1xx_hal_cortex.o
    0x080011f4   0x080011f4   0x00000028   Code   RO         1824    i.HAL_NVIC_SetPriorityGrouping  stm32f1xx_hal_cortex.o
    0x0800121c   0x0800121c   0x0000018c   Code   RO         1510    i.HAL_RCC_ClockConfig  stm32f1xx_hal_rcc.o
    0x080013a8   0x080013a8   0x0000000c   Code   RO         1515    i.HAL_RCC_GetHCLKFreq  stm32f1xx_hal_rcc.o
    0x080013b4   0x080013b4   0x00000020   Code   RO         1517    i.HAL_RCC_GetPCLK1Freq  stm32f1xx_hal_rcc.o
    0x080013d4   0x080013d4   0x00000020   Code   RO         1518    i.HAL_RCC_GetPCLK2Freq  stm32f1xx_hal_rcc.o
    0x080013f4   0x080013f4   0x00000070   Code   RO         1519    i.HAL_RCC_GetSysClockFreq  stm32f1xx_hal_rcc.o
    0x08001464   0x08001464   0x00000464   Code   RO         1522    i.HAL_RCC_OscConfig  stm32f1xx_hal_rcc.o
    0x080018c8   0x080018c8   0x00000034   Code   RO         1828    i.HAL_SYSTICK_Config  stm32f1xx_hal_cortex.o
    0x080018fc   0x080018fc   0x0000009c   Code   RO         1087    i.HAL_TIMEx_MasterConfigSynchronization  stm32f1xx_hal_tim_ex.o
    0x08001998   0x08001998   0x00000066   Code   RO          353    i.HAL_TIM_Base_Init  stm32f1xx_hal_tim.o
    0x080019fe   0x080019fe   0x00000002   PAD
    0x08001a00   0x08001a00   0x00000030   Code   RO          269    i.HAL_TIM_Base_MspInit  stm32f1xx_hal_msp.o
    0x08001a30   0x08001a30   0x00000084   Code   RO          356    i.HAL_TIM_Base_Start  stm32f1xx_hal_tim.o
    0x08001ab4   0x08001ab4   0x00000032   Code   RO          359    i.HAL_TIM_Base_Stop  stm32f1xx_hal_tim.o
    0x08001ae6   0x08001ae6   0x0000010c   Code   RO          362    i.HAL_TIM_ConfigClockSource  stm32f1xx_hal_tim.o
    0x08001bf2   0x08001bf2   0x00000002   Code   RO         2355    i.HAL_UARTEx_RxEventCallback  stm32f1xx_hal_uart.o
    0x08001bf4   0x08001bf4   0x00000002   Code   RO         2369    i.HAL_UART_ErrorCallback  stm32f1xx_hal_uart.o
    0x08001bf6   0x08001bf6   0x00000002   PAD
    0x08001bf8   0x08001bf8   0x000002e4   Code   RO         2372    i.HAL_UART_IRQHandler  stm32f1xx_hal_uart.o
    0x08001edc   0x08001edc   0x00000076   Code   RO         2373    i.HAL_UART_Init     stm32f1xx_hal_uart.o
    0x08001f52   0x08001f52   0x00000002   PAD
    0x08001f54   0x08001f54   0x00000098   Code   RO          271    i.HAL_UART_MspInit  stm32f1xx_hal_msp.o
    0x08001fec   0x08001fec   0x00000002   Code   RO         2379    i.HAL_UART_RxCpltCallback  stm32f1xx_hal_uart.o
    0x08001fee   0x08001fee   0x000000b2   Code   RO         2381    i.HAL_UART_Transmit  stm32f1xx_hal_uart.o
    0x080020a0   0x080020a0   0x00000002   Code   RO         2384    i.HAL_UART_TxCpltCallback  stm32f1xx_hal_uart.o
    0x080020a2   0x080020a2   0x00000004   Code   RO          205    i.HardFault_Handler  stm32f1xx_it.o
    0x080020a6   0x080020a6   0x00000032   Code   RO         3361    i.MAPPING_INSERT    tlsf.o
    0x080020d8   0x080020d8   0x00000056   Code   RO         3362    i.MAPPING_SEARCH    tlsf.o
    0x0800212e   0x0800212e   0x00000002   PAD
    0x08002130   0x08002130   0x000000c0   Code   RO           15    i.MX_GPIO_Init      main.o
    0x080021f0   0x080021f0   0x0000006c   Code   RO           16    i.MX_TIM4_Init      main.o
    0x0800225c   0x0800225c   0x00000038   Code   RO           17    i.MX_USART1_UART_Init  main.o
    0x08002294   0x08002294   0x00000004   Code   RO          206    i.MemManage_Handler  stm32f1xx_it.o
    0x08002298   0x08002298   0x00000014   Code   RO         3090    i.MsgExec_AllocMessage  vmsgexec.o
    0x080022ac   0x080022ac   0x00000078   Code   RO         3091    i.MsgExec_CreateModule  vmsgexec.o
    0x08002324   0x08002324   0x0000004c   Code   RO         3092    i.MsgExec_Exec      vmsgexec.o
    0x08002370   0x08002370   0x00000074   Code   RO         3093    i.MsgExec_FreeModule  vmsgexec.o
    0x080023e4   0x080023e4   0x00000024   Code   RO         3096    i.MsgExec_Init      vmsgexec.o
    0x08002408   0x08002408   0x00000018   Code   RO         3097    i.MsgExec_PutMessage  vmsgexec.o
    0x08002420   0x08002420   0x00000004   Code   RO          207    i.NMI_Handler       stm32f1xx_it.o
    0x08002424   0x08002424   0x00000028   Code   RO         1523    i.RCC_Delay         stm32f1xx_hal_rcc.o
    0x0800244c   0x0800244c   0x00000066   Code   RO           18    i.SystemClock_Config  main.o
    0x080024b2   0x080024b2   0x00000002   Code   RO         2717    i.SystemInit        system_stm32f1xx.o
    0x080024b4   0x080024b4   0x0000009c   Code   RO          446    i.TIM_Base_SetConfig  stm32f1xx_hal_tim.o
    0x08002550   0x08002550   0x00000016   Code   RO          457    i.TIM_ETR_SetConfig  stm32f1xx_hal_tim.o
    0x08002566   0x08002566   0x00000012   Code   RO          458    i.TIM_ITRx_SetConfig  stm32f1xx_hal_tim.o
    0x08002578   0x08002578   0x00000026   Code   RO          464    i.TIM_TI1_ConfigInputStage  stm32f1xx_hal_tim.o
    0x0800259e   0x0800259e   0x00000028   Code   RO          466    i.TIM_TI2_ConfigInputStage  stm32f1xx_hal_tim.o
    0x080025c6   0x080025c6   0x00000014   Code   RO         2386    i.UART_DMAAbortOnError  stm32f1xx_hal_uart.o
    0x080025da   0x080025da   0x0000006c   Code   RO         2396    i.UART_EndRxTransfer  stm32f1xx_hal_uart.o
    0x08002646   0x08002646   0x00000020   Code   RO         2397    i.UART_EndTransmit_IT  stm32f1xx_hal_uart.o
    0x08002666   0x08002666   0x000000fc   Code   RO         2399    i.UART_Receive_IT   stm32f1xx_hal_uart.o
    0x08002762   0x08002762   0x00000002   PAD
    0x08002764   0x08002764   0x000000fc   Code   RO         2400    i.UART_SetConfig    stm32f1xx_hal_uart.o
    0x08002860   0x08002860   0x00000060   Code   RO         2403    i.UART_Transmit_IT  stm32f1xx_hal_uart.o
    0x080028c0   0x080028c0   0x00000092   Code   RO         2404    i.UART_WaitOnFlagUntilTimeout  stm32f1xx_hal_uart.o
    0x08002952   0x08002952   0x00000002   PAD
    0x08002954   0x08002954   0x00000010   Code   RO          208    i.USART1_IRQHandler  stm32f1xx_it.o
    0x08002964   0x08002964   0x00000004   Code   RO          209    i.UsageFault_Handler  stm32f1xx_it.o
    0x08002968   0x08002968   0x00000022   Code   RO         3099    i.VWM_ClearWndTimer  vmsgexec.o
    0x0800298a   0x0800298a   0x00000002   PAD
    0x0800298c   0x0800298c   0x00000090   Code   RO         3100    i.VWM_CreateTimer   vmsgexec.o
    0x08002a1c   0x08002a1c   0x00000074   Code   RO         3102    i.VWM_DeleteTimer   vmsgexec.o
    0x08002a90   0x08002a90   0x00000020   Code   RO         3103    i.VWM_FindTimerByWnd  vmsgexec.o
    0x08002ab0   0x08002ab0   0x00000016   Code   RO         3108    i.VWM_StartTimer    vmsgexec.o
    0x08002ac6   0x08002ac6   0x00000002   PAD
    0x08002ac8   0x08002ac8   0x00000010   Code   RO         3110    i.VWM_TimerInit     vmsgexec.o
    0x08002ad8   0x08002ad8   0x00000020   Code   RO         5024    i.__0printf         mc_w.l(printfa.o)
    0x08002af8   0x08002af8   0x00000034   Code   RO         5025    i.__0snprintf       mc_w.l(printfa.o)
    0x08002b2c   0x08002b2c   0x00000034   Code   RO         5029    i.__0vsnprintf      mc_w.l(printfa.o)
    0x08002b60   0x08002b60   0x00000010   Code   RO         1830    i.__NVIC_GetPriorityGrouping  stm32f1xx_hal_cortex.o
    0x08002b70   0x08002b70   0x00000028   Code   RO         1831    i.__NVIC_SetPriority  stm32f1xx_hal_cortex.o
    0x08002b98   0x08002b98   0x00000006   Code   RO         3363    i.__get_IPSR        tlsf.o
    0x08002b9e   0x08002b9e   0x0000000e   Code   RO         5090    i.__scatterload_copy  mc_w.l(handlers.o)
    0x08002bac   0x08002bac   0x00000002   Code   RO         5091    i.__scatterload_null  mc_w.l(handlers.o)
    0x08002bae   0x08002bae   0x0000000e   Code   RO         5092    i.__scatterload_zeroinit  mc_w.l(handlers.o)
    0x08002bbc   0x08002bbc   0x00000184   Code   RO         5031    i._fp_digits        mc_w.l(printfa.o)
    0x08002d40   0x08002d40   0x00000046   Code   RO         4633    i._init_box         RTX_CM3.lib(rt_membox.o)
    0x08002d86   0x08002d86   0x00000002   PAD
    0x08002d88   0x08002d88   0x000006b4   Code   RO         5032    i._printf_core      mc_w.l(printfa.o)
    0x0800343c   0x0800343c   0x00000024   Code   RO         5033    i._printf_post_padding  mc_w.l(printfa.o)
    0x08003460   0x08003460   0x0000002e   Code   RO         5034    i._printf_pre_padding  mc_w.l(printfa.o)
    0x0800348e   0x0800348e   0x00000016   Code   RO         5035    i._snputc           mc_w.l(printfa.o)
    0x080034a4   0x080034a4   0x00000230   Code   RO         3245    i.app_dlgcallback   app.o
    0x080036d4   0x080036d4   0x000000b4   Code   RO         3246    i.app_init          app.o
    0x08003788   0x08003788   0x0000001a   Code   RO         3366    i.clear_bit         tlsf.o
    0x080037a2   0x080037a2   0x00000002   PAD
    0x080037a4   0x080037a4   0x00000030   Code   RO         4686    i.dbg_init          RTX_CM3.lib(hal_cm.o)
    0x080037d4   0x080037d4   0x00000020   Code   RO         4687    i.dbg_task_notify   RTX_CM3.lib(hal_cm.o)
    0x080037f4   0x080037f4   0x00000010   Code   RO         4688    i.dbg_task_switch   RTX_CM3.lib(hal_cm.o)
    0x08003804   0x08003804   0x00000014   Code   RO         3368    i.dm_init           tlsf.o
    0x08003818   0x08003818   0x0000010c   Code   RO         2754    i.elog_get_filter_tag_lvl  elog.o
    0x08003924   0x08003924   0x00000050   Code   RO         2758    i.elog_init         elog.o
    0x08003974   0x08003974   0x000003dc   Code   RO         2759    i.elog_output       elog.o
    0x08003d50   0x08003d50   0x00000028   Code   RO         2760    i.elog_output_lock  elog.o
    0x08003d78   0x08003d78   0x00000040   Code   RO         2761    i.elog_output_lock_enabled  elog.o
    0x08003db8   0x08003db8   0x00000028   Code   RO         2762    i.elog_output_unlock  elog.o
    0x08003de0   0x08003de0   0x00000008   Code   RO         2967    i.elog_port_get_p_info  elog_port.o
    0x08003de8   0x08003de8   0x00000008   Code   RO         2968    i.elog_port_get_t_info  elog_port.o
    0x08003df0   0x08003df0   0x00000002   Code   RO         2969    i.elog_port_get_time  elog_port.o
    0x08003df2   0x08003df2   0x00000004   Code   RO         2970    i.elog_port_init    elog_port.o
    0x08003df6   0x08003df6   0x00000002   PAD
    0x08003df8   0x08003df8   0x0000001c   Code   RO         2971    i.elog_port_output  elog_port.o
    0x08003e14   0x08003e14   0x00000002   Code   RO         2972    i.elog_port_output_lock  elog_port.o
    0x08003e16   0x08003e16   0x00000002   Code   RO         2973    i.elog_port_output_unlock  elog_port.o
    0x08003e18   0x08003e18   0x000000bc   Code   RO         2766    i.elog_set_filter_lvl  elog.o
    0x08003ed4   0x08003ed4   0x0000003c   Code   RO         2769    i.elog_set_filter_tag_lvl_default  elog.o
    0x08003f10   0x08003f10   0x000000c0   Code   RO         2770    i.elog_set_fmt      elog.o
    0x08003fd0   0x08003fd0   0x000000d0   Code   RO         2771    i.elog_set_output_enabled  elog.o
    0x080040a0   0x080040a0   0x000000d0   Code   RO         2772    i.elog_set_text_color_enabled  elog.o
    0x08004170   0x08004170   0x0000008c   Code   RO         2773    i.elog_start        elog.o
    0x080041fc   0x080041fc   0x00000100   Code   RO         2943    i.elog_strcpy       elog_utils.o
    0x080042fc   0x080042fc   0x0000001c   Code   RO           19    i.fputc             main.o
    0x08004318   0x08004318   0x00000238   Code   RO         3369    i.free_ex           tlsf.o
    0x08004550   0x08004550   0x000000cc   Code   RO         2775    i.get_fmt_enabled   elog.o
    0x0800461c   0x0800461c   0x0000012c   Code   RO         3372    i.init_memory_pool  tlsf.o
    0x08004748   0x08004748   0x0000002a   Code   RO         3560    i.isrMessageGet     RTX_CM3.lib(rt_cmsis.o)
    0x08004772   0x08004772   0x0000002c   Code   RO         3561    i.isrMessagePut     RTX_CM3.lib(rt_cmsis.o)
    0x0800479e   0x0800479e   0x00000002   PAD
    0x080047a0   0x080047a0   0x00000056   Code   RO         4512    i.isr_mbx_receive   RTX_CM3.lib(rt_mailbox.o)
    0x080047f6   0x080047f6   0x0000000e   Code   RO         4513    i.isr_mbx_send      RTX_CM3.lib(rt_mailbox.o)
    0x08004804   0x08004804   0x00000030   Code   RO         3282    i.keyscan           bsp.o
    0x08004834   0x08004834   0x00000014   Code   RO         3283    i.led_b_off         bsp.o
    0x08004848   0x08004848   0x00000014   Code   RO         3284    i.led_b_on          bsp.o
    0x0800485c   0x0800485c   0x00000010   Code   RO         3288    i.led_g_toggle      bsp.o
    0x0800486c   0x0800486c   0x0000003c   Code   RO         3373    i.ls_bit            tlsf.o
    0x080048a8   0x080048a8   0x000000bc   Code   RO           20    i.main              main.o
    0x08004964   0x08004964   0x000001a8   Code   RO         3374    i.malloc_ex         tlsf.o
    0x08004b0c   0x08004b0c   0x00000038   Code   RO         3375    i.ms_bit            tlsf.o
    0x08004b44   0x08004b44   0x00000024   Code   RO         3565    i.osKernelInitialize  RTX_CM3.lib(rt_cmsis.o)
    0x08004b68   0x08004b68   0x0000006c   Code   RO         3567    i.osKernelStart     RTX_CM3.lib(rt_cmsis.o)
    0x08004bd4   0x08004bd4   0x00000030   Code   RO         3570    i.osMailCAlloc      RTX_CM3.lib(rt_cmsis.o)
    0x08004c04   0x08004c04   0x0000002c   Code   RO         3571    i.osMailCreate      RTX_CM3.lib(rt_cmsis.o)
    0x08004c30   0x08004c30   0x0000001c   Code   RO         3572    i.osMailFree        RTX_CM3.lib(rt_cmsis.o)
    0x08004c4c   0x08004c4c   0x00000016   Code   RO         3573    i.osMailGet         RTX_CM3.lib(rt_cmsis.o)
    0x08004c62   0x08004c62   0x00000014   Code   RO         3574    i.osMailPut         RTX_CM3.lib(rt_cmsis.o)
    0x08004c76   0x08004c76   0x00000002   PAD
    0x08004c78   0x08004c78   0x00000018   Code   RO         3576    i.osMessageGet      RTX_CM3.lib(rt_cmsis.o)
    0x08004c90   0x08004c90   0x00000018   Code   RO         3577    i.osMessagePut      RTX_CM3.lib(rt_cmsis.o)
    0x08004ca8   0x08004ca8   0x0000002c   Code   RO         3578    i.osMutexCreate     RTX_CM3.lib(rt_cmsis.o)
    0x08004cd4   0x08004cd4   0x00000018   Code   RO         3580    i.osMutexRelease    RTX_CM3.lib(rt_cmsis.o)
    0x08004cec   0x08004cec   0x00000018   Code   RO         3581    i.osMutexWait       RTX_CM3.lib(rt_cmsis.o)
    0x08004d04   0x08004d04   0x0000002c   Code   RO         3593    i.osThreadCreate    RTX_CM3.lib(rt_cmsis.o)
    0x08004d30   0x08004d30   0x00000018   Code   RO         3594    i.osThreadExit      RTX_CM3.lib(rt_cmsis.o)
    0x08004d48   0x08004d48   0x0000000c   Code   RO         3600    i.osTimerCall       RTX_CM3.lib(rt_cmsis.o)
    0x08004d54   0x08004d54   0x0000002c   Code   RO         3601    i.osTimerCreate     RTX_CM3.lib(rt_cmsis.o)
    0x08004d80   0x08004d80   0x00000018   Code   RO         3602    i.osTimerDelete     RTX_CM3.lib(rt_cmsis.o)
    0x08004d98   0x08004d98   0x00000018   Code   RO         3603    i.osTimerStart      RTX_CM3.lib(rt_cmsis.o)
    0x08004db0   0x08004db0   0x0000002c   Code   RO         3605    i.osTimerThread     RTX_CM3.lib(rt_cmsis.o)
    0x08004ddc   0x08004ddc   0x00000032   Code   RO         3111    i.osTimer_Callback  vmsgexec.o
    0x08004e0e   0x08004e0e   0x00000022   Code   RO         3523    i.os_error          rtx_conf_cm.o
    0x08004e30   0x08004e30   0x00000004   Code   RO         3524    i.os_idle_demon     rtx_conf_cm.o
    0x08004e34   0x08004e34   0x00000028   Code   RO         4300    i.os_tick_init      RTX_CM3.lib(rt_system.o)
    0x08004e5c   0x08004e5c   0x00000002   Code   RO         4301    i.os_tick_irqack    RTX_CM3.lib(rt_system.o)
    0x08004e5e   0x08004e5e   0x0000004e   Code   RO         3376    i.process_area      tlsf.o
    0x08004eac   0x08004eac   0x0000001a   Code   RO         4634    i.rt_alloc_box      RTX_CM3.lib(rt_membox.o)
    0x08004ec6   0x08004ec6   0x0000003e   Code   RO         4662    i.rt_alloc_mem      RTX_CM3.lib(rt_memory.o)
    0x08004f04   0x08004f04   0x00000038   Code   RO         4215    i.rt_block          RTX_CM3.lib(rt_task.o)
    0x08004f3c   0x08004f3c   0x00000048   Code   RO         4734    i.rt_chk_robin      RTX_CM3.lib(rt_robin.o)
    0x08004f84   0x08004f84   0x00000018   Code   RO         3609    i.rt_clr_box        RTX_CM3.lib(rt_cmsis.o)
    0x08004f9c   0x08004f9c   0x00000070   Code   RO         4436    i.rt_dec_dly        RTX_CM3.lib(rt_list.o)
    0x0800500c   0x0800500c   0x00000044   Code   RO         4216    i.rt_dispatch       RTX_CM3.lib(rt_task.o)
    0x08005050   0x08005050   0x00000050   Code   RO         4393    i.rt_evt_psh        RTX_CM3.lib(rt_event.o)
    0x080050a0   0x080050a0   0x0000002c   Code   RO         4635    i.rt_free_box       RTX_CM3.lib(rt_membox.o)
    0x080050cc   0x080050cc   0x00000028   Code   RO         4663    i.rt_free_mem       RTX_CM3.lib(rt_memory.o)
    0x080050f4   0x080050f4   0x00000028   Code   RO         4437    i.rt_get_first      RTX_CM3.lib(rt_list.o)
    0x0800511c   0x0800511c   0x00000008   Code   RO         3610    i.rt_id2obj         RTX_CM3.lib(rt_cmsis.o)
    0x08005124   0x08005124   0x00000048   Code   RO         4217    i.rt_init_context   RTX_CM3.lib(rt_task.o)
    0x0800516c   0x0800516c   0x0000001a   Code   RO         4664    i.rt_init_mem       RTX_CM3.lib(rt_memory.o)
    0x08005186   0x08005186   0x00000002   PAD
    0x08005188   0x08005188   0x00000018   Code   RO         4735    i.rt_init_robin     RTX_CM3.lib(rt_robin.o)
    0x080051a0   0x080051a0   0x00000080   Code   RO         4689    i.rt_init_stack     RTX_CM3.lib(hal_cm.o)
    0x08005220   0x08005220   0x00000008   Code   RO         4514    i.rt_mbx_check      RTX_CM3.lib(rt_mailbox.o)
    0x08005228   0x08005228   0x0000001a   Code   RO         4515    i.rt_mbx_init       RTX_CM3.lib(rt_mailbox.o)
    0x08005242   0x08005242   0x00000002   PAD
    0x08005244   0x08005244   0x000000f0   Code   RO         4516    i.rt_mbx_psh        RTX_CM3.lib(rt_mailbox.o)
    0x08005334   0x08005334   0x00000098   Code   RO         4517    i.rt_mbx_send       RTX_CM3.lib(rt_mailbox.o)
    0x080053cc   0x080053cc   0x000000b4   Code   RO         4518    i.rt_mbx_wait       RTX_CM3.lib(rt_mailbox.o)
    0x08005480   0x08005480   0x00000044   Code   RO         3611    i.rt_ms2tick        RTX_CM3.lib(rt_cmsis.o)
    0x080054c4   0x080054c4   0x00000010   Code   RO         4603    i.rt_mut_init       RTX_CM3.lib(rt_mutex.o)
    0x080054d4   0x080054d4   0x000000d8   Code   RO         4604    i.rt_mut_release    RTX_CM3.lib(rt_mutex.o)
    0x080055ac   0x080055ac   0x00000078   Code   RO         4605    i.rt_mut_wait       RTX_CM3.lib(rt_mutex.o)
    0x08005624   0x08005624   0x0000007c   Code   RO         4304    i.rt_pop_req        RTX_CM3.lib(rt_system.o)
    0x080056a0   0x080056a0   0x00000020   Code   RO         4305    i.rt_psh_req        RTX_CM3.lib(rt_system.o)
    0x080056c0   0x080056c0   0x0000005c   Code   RO         4439    i.rt_psq_enq        RTX_CM3.lib(rt_list.o)
    0x0800571c   0x0800571c   0x00000048   Code   RO         4440    i.rt_put_dly        RTX_CM3.lib(rt_list.o)
    0x08005764   0x08005764   0x00000036   Code   RO         4441    i.rt_put_prio       RTX_CM3.lib(rt_list.o)
    0x0800579a   0x0800579a   0x00000002   PAD
    0x0800579c   0x0800579c   0x00000014   Code   RO         4442    i.rt_put_rdy_first  RTX_CM3.lib(rt_list.o)
    0x080057b0   0x080057b0   0x00000034   Code   RO         4443    i.rt_resort_prio    RTX_CM3.lib(rt_list.o)
    0x080057e4   0x080057e4   0x00000006   Code   RO         4690    i.rt_ret_val        RTX_CM3.lib(hal_cm.o)
    0x080057ea   0x080057ea   0x00000008   Code   RO         4691    i.rt_ret_val2       RTX_CM3.lib(hal_cm.o)
    0x080057f2   0x080057f2   0x00000028   Code   RO         4444    i.rt_rmv_dly        RTX_CM3.lib(rt_list.o)
    0x0800581a   0x0800581a   0x00000002   PAD
    0x0800581c   0x0800581c   0x00000030   Code   RO         4445    i.rt_rmv_list       RTX_CM3.lib(rt_list.o)
    0x0800584c   0x0800584c   0x00000034   Code   RO         4563    i.rt_sem_psh        RTX_CM3.lib(rt_semaphore.o)
    0x08005880   0x08005880   0x00000024   Code   RO         4307    i.rt_stk_check      RTX_CM3.lib(rt_system.o)
    0x080058a4   0x080058a4   0x00000028   Code   RO         4218    i.rt_switch_req     RTX_CM3.lib(rt_task.o)
    0x080058cc   0x080058cc   0x000000cc   Code   RO         4219    i.rt_sys_init       RTX_CM3.lib(rt_task.o)
    0x08005998   0x08005998   0x00000078   Code   RO         4220    i.rt_sys_start      RTX_CM3.lib(rt_task.o)
    0x08005a10   0x08005a10   0x00000040   Code   RO         4309    i.rt_systick        RTX_CM3.lib(rt_system.o)
    0x08005a50   0x08005a50   0x00000012   Code   RO         3612    i.rt_tid2ptcb       RTX_CM3.lib(rt_cmsis.o)
    0x08005a62   0x08005a62   0x00000002   PAD
    0x08005a64   0x08005a64   0x00000034   Code   RO         3613    i.rt_timer_insert   RTX_CM3.lib(rt_cmsis.o)
    0x08005a98   0x08005a98   0x0000003c   Code   RO         3614    i.rt_timer_remove   RTX_CM3.lib(rt_cmsis.o)
    0x08005ad4   0x08005ad4   0x00000088   Code   RO         4221    i.rt_tsk_create     RTX_CM3.lib(rt_task.o)
    0x08005b5c   0x08005b5c   0x0000017c   Code   RO         4222    i.rt_tsk_delete     RTX_CM3.lib(rt_task.o)
    0x08005cd8   0x08005cd8   0x0000007c   Code   RO         4224    i.rt_tsk_prio       RTX_CM3.lib(rt_task.o)
    0x08005d54   0x08005d54   0x00000010   Code   RO         4225    i.rt_tsk_self       RTX_CM3.lib(rt_task.o)
    0x08005d64   0x08005d64   0x0000001a   Code   RO         3378    i.set_bit           tlsf.o
    0x08005d7e   0x08005d7e   0x00000002   PAD
    0x08005d80   0x08005d80   0x00000070   Code   RO         3616    i.svcKernelInitialize  RTX_CM3.lib(rt_cmsis.o)
    0x08005df0   0x08005df0   0x00000048   Code   RO         3618    i.svcKernelStart    RTX_CM3.lib(rt_cmsis.o)
    0x08005e38   0x08005e38   0x00000042   Code   RO         3620    i.svcMailCreate     RTX_CM3.lib(rt_cmsis.o)
    0x08005e7a   0x08005e7a   0x00000024   Code   RO         3621    i.svcMessageCreate  RTX_CM3.lib(rt_cmsis.o)
    0x08005e9e   0x08005e9e   0x0000003a   Code   RO         3622    i.svcMessageGet     RTX_CM3.lib(rt_cmsis.o)
    0x08005ed8   0x08005ed8   0x00000036   Code   RO         3623    i.svcMessagePut     RTX_CM3.lib(rt_cmsis.o)
    0x08005f0e   0x08005f0e   0x0000001c   Code   RO         3624    i.svcMutexCreate    RTX_CM3.lib(rt_cmsis.o)
    0x08005f2a   0x08005f2a   0x00000022   Code   RO         3626    i.svcMutexRelease   RTX_CM3.lib(rt_cmsis.o)
    0x08005f4c   0x08005f4c   0x0000003a   Code   RO         3627    i.svcMutexWait      RTX_CM3.lib(rt_cmsis.o)
    0x08005f86   0x08005f86   0x00000002   PAD
    0x08005f88   0x08005f88   0x0000006c   Code   RO         3636    i.svcThreadCreate   RTX_CM3.lib(rt_cmsis.o)
    0x08005ff4   0x08005ff4   0x0000001c   Code   RO         3637    i.svcThreadGetId    RTX_CM3.lib(rt_cmsis.o)
    0x08006010   0x08006010   0x00000038   Code   RO         3640    i.svcThreadTerminate  RTX_CM3.lib(rt_cmsis.o)
    0x08006048   0x08006048   0x00000018   Code   RO         3642    i.svcTimerCall      RTX_CM3.lib(rt_cmsis.o)
    0x08006060   0x08006060   0x00000038   Code   RO         3643    i.svcTimerCreate    RTX_CM3.lib(rt_cmsis.o)
    0x08006098   0x08006098   0x00000028   Code   RO         3644    i.svcTimerDelete    RTX_CM3.lib(rt_cmsis.o)
    0x080060c0   0x080060c0   0x00000064   Code   RO         3645    i.svcTimerStart     RTX_CM3.lib(rt_cmsis.o)
    0x08006124   0x08006124   0x00000058   Code   RO         3647    i.sysMailAlloc      RTX_CM3.lib(rt_cmsis.o)
    0x0800617c   0x0800617c   0x00000060   Code   RO         3648    i.sysMailFree       RTX_CM3.lib(rt_cmsis.o)
    0x080061dc   0x080061dc   0x0000005c   Code   RO         3651    i.sysTimerTick      RTX_CM3.lib(rt_cmsis.o)
    0x08006238   0x08006238   0x0000003c   Code   RO         3380    i.tlsf_free         tlsf.o
    0x08006274   0x08006274   0x000000b4   Code   RO         3381    i.tlsf_malloc       tlsf.o
    0x08006328   0x08006328   0x00000005   Data   RO           22    .constdata          main.o
    0x0800632d   0x0800632d   0x00000012   Data   RO         1524    .constdata          stm32f1xx_hal_rcc.o
    0x0800633f   0x0800633f   0x00000018   Data   RO         2718    .constdata          system_stm32f1xx.o
    0x08006357   0x08006357   0x000000e2   Data   RO         2777    .constdata          elog.o
    0x08006439   0x08006439   0x00000023   Data   RO         2944    .constdata          elog_utils.o
    0x0800645c   0x0800645c   0x00000014   Data   RO         3113    .constdata          vmsgexec.o
    0x08006470   0x08006470   0x00000019   Data   RO         3248    .constdata          app.o
    0x08006489   0x08006489   0x00000003   PAD
    0x0800648c   0x0800648c   0x00000404   Data   RO         3384    .constdata          tlsf.o
    0x08006890   0x08006890   0x00000068   Data   RO         3526    .constdata          rtx_conf_cm.o
    0x080068f8   0x080068f8   0x00000047   Data   RO         2778    .conststring        elog.o
    0x0800693f   0x0800693f   0x00000001   PAD
    0x08006940   0x08006940   0x00000020   Data   RO         5088    Region$$Table       anon$$obj.o


    Execution Region RW_IRAM1 (Exec base: 0x20000000, Load base: 0x08006960, Size: 0x0000aa98, Max: 0x00010000, ABSOLUTE)

    Exec Addr    Load Addr    Size         Type   Attr      Idx    E Section Name        Object

    0x20000000   0x08006960   0x00000009   Data   RW         1360    .data               stm32f1xx_hal.o
    0x20000009   0x08006969   0x00000003   PAD
    0x2000000c   0x0800696c   0x00000004   Data   RW         2719    .data               system_stm32f1xx.o
    0x20000010   0x08006970   0x00000034   Data   RW         2779    .data               elog.o
    0x20000044   0x080069a4   0x0000001c   Data   RW         3114    .data               vmsgexec.o
    0x20000060   0x080069c0   0x0000000c   Data   RW         3385    .data               tlsf.o
    0x2000006c   0x080069cc   0x00000010   Data   RW         3527    .data               rtx_conf_cm.o
    0x2000007c   0x080069dc   0x00000008   Data   RW         3654    .data               RTX_CM3.lib(rt_cmsis.o)
    0x20000084   0x080069e4   0x00000004   Data   RW         4186    .data               RTX_CM3.lib(rt_time.o)
    0x20000088   0x080069e8   0x00000008   Data   RW         4227    .data               RTX_CM3.lib(rt_task.o)
    0x20000090   0x080069f0   0x00000008   Data   RW         4312    .data               RTX_CM3.lib(rt_system.o)
    0x20000098   0x080069f8   0x00000001   Data   RW         4692    .data               RTX_CM3.lib(hal_cm.o)
    0x20000099   0x080069f9   0x00000003   PAD
    0x2000009c   0x080069fc   0x00000008   Data   RW         4736    .data               RTX_CM3.lib(rt_robin.o)
    0x200000a4   0x08006a04   0x00000004   Data   RW         5066    .data               mc_w.l(stdout.o)
    0x200000a8        -       0x00000090   Zero   RW           21    .bss                main.o
    0x20000138        -       0x000004f8   Zero   RW         2776    .bss                elog.o
    0x20000630        -       0x00000634   Zero   RW         3112    .bss                vmsgexec.o
    0x20000c64        -       0x00000014   Zero   RW         3247    .bss                app.o
    0x20000c78        -       0x00008010   Zero   RW         3383    .bss                tlsf.o
    0x20008c88        -       0x000019a8   Zero   RW         3525    .bss                rtx_conf_cm.o
    0x2000a630        -       0x00000034   Zero   RW         4226    .bss                RTX_CM3.lib(rt_task.o)
    0x2000a664        -       0x00000030   Zero   RW         4446    .bss                RTX_CM3.lib(rt_list.o)
    0x2000a694   0x08006a08   0x00000004   PAD
    0x2000a698        -       0x00000400   Zero   RW            1    STACK               startup_stm32f103xe.o


==============================================================================

Image component sizes


      Code (inc. data)   RO Data    RW Data    ZI Data      Debug   Object Name

       740        332         25          0         20       1849   app.o
       104         26          0          0          0       1652   bsp.o
       490         34          0          0          0       4575   dht11.o
      2680        982        297         52       1272      16520   elog.o
        54         18          0          0          0       3333   elog_port.o
       256         94         35          0          0       2173   elog_utils.o
       692        110          5          0        144     501030   main.o
        62          6        104         16       6568       7656   rtx_conf_cm.o
        36          8        304          0       1024        792   startup_stm32f103xe.o
       156         22          0          9          0       5441   stm32f1xx_hal.o
       304         22          0          0          0      29331   stm32f1xx_hal_cortex.o
       510         10          0          0          0       1855   stm32f1xx_hal_dma.o
       880         40          0          0          0       3892   stm32f1xx_hal_gpio.o
       300         32          0          0          0       2128   stm32f1xx_hal_msp.o
      1748         98         18          0          0       5880   stm32f1xx_hal_rcc.o
       826         44          0          0          0       6694   stm32f1xx_hal_tim.o
       156         22          0          0          0       1320   stm32f1xx_hal_tim_ex.o
      1950          8          0          0          0      10968   stm32f1xx_hal_uart.o
        38          6          0          0          0       2997   stm32f1xx_it.o
         2          0         24          4          0       1083   system_stm32f1xx.o
      2070        188       1028         12      32784      42943   tlsf.o
       806         62         20         28       1588       8630   vmsgexec.o

    ----------------------------------------------------------------------
     14884       2164       1896        124      43400     662742   Object Totals
         0          0         32          0          0          0   (incl. Generated)
        24          0          4          3          0          0   (incl. Padding)

    ----------------------------------------------------------------------

      Code (inc. data)   RO Data    RW Data    ZI Data      Debug   Library Member Name

       238         24          0          1          0       3244   hal_cm.o
       304         36          0          0          0        756   hal_cm3.o
      2184        218          0          8          0      48234   rt_cmsis.o
        80          4          0          0          0        649   rt_event.o
       530         34          0          0         48       8157   rt_list.o
       706         14          0          0          0       4719   rt_mailbox.o
       140          0          0          0          0       1889   rt_membox.o
       128          0          0          0          0       2267   rt_memory.o
       352         14          0          0          0       2073   rt_mutex.o
        96         22          0          8          0       1134   rt_robin.o
        52          4          0          0          0        565   rt_semaphore.o
       298         52          0          8          0       6139   rt_system.o
      1216        174          0          8         52       9537   rt_task.o
         0          0          0          4          0        206   rt_time.o
         4          4          0          0          0        196   svc_table.o
         0          0          0          0          0          0   entry.o
         0          0          0          0          0          0   entry10a.o
         0          0          0          0          0          0   entry11a.o
         4          0          0          0          0          0   entry12b.o
         8          4          0          0          0          0   entry2.o
         4          0          0          0          0          0   entry5.o
         0          0          0          0          0          0   entry7b.o
         0          0          0          0          0          0   entry8b.o
        30          0          0          0          0          0   handlers.o
        36          8          0          0          0         68   init.o
         0          0          0          0          0          0   iusefp.o
        30          0          0          0          0         68   llshl.o
        36          0          0          0          0         68   llsshr.o
        32          0          0          0          0         68   llushr.o
        36          0          0          0          0        108   memseta.o
      2344        100          0          0          0        700   printfa.o
         0          0          0          4          0          0   stdout.o
        14          0          0          0          0         68   strlen.o
        30          0          0          0          0         80   strncmp.o
        36          0          0          0          0         80   strstr.o
        44          0          0          0          0         80   uidiv.o
        98          0          0          0          0         92   uldiv.o
        48          0          0          0          0         68   cdrcmple.o
       334          0          0          0          0        148   dadd.o
       222          0          0          0          0        100   ddiv.o
       186          0          0          0          0        176   depilogue.o
        48          0          0          0          0         68   dfixul.o
       228          0          0          0          0         96   dmul.o

    ----------------------------------------------------------------------
     10196        712          0         44        104      91901   Library Totals
        20          0          0          3          4          0   (incl. Padding)

    ----------------------------------------------------------------------

      Code (inc. data)   RO Data    RW Data    ZI Data      Debug   Library Name

      6328        600          0         37        100      89765   RTX_CM3.lib
      2782        112          0          4          0       1480   mc_w.l
      1066          0          0          0          0        656   mf_w.l

    ----------------------------------------------------------------------
     10196        712          0         44        104      91901   Library Totals

    ----------------------------------------------------------------------

==============================================================================


      Code (inc. data)   RO Data    RW Data    ZI Data      Debug   

     25080       2876       1896        168      43504     742107   Grand Totals
     25080       2876       1896        168      43504     742107   ELF Image Totals
     25080       2876       1896        168          0          0   ROM Totals

==============================================================================

    Total RO  Size (Code + RO Data)                26976 (  26.34kB)
    Total RW  Size (RW Data + ZI Data)             43672 (  42.65kB)
    Total ROM Size (Code + RO Data + RW Data)      27144 (  26.51kB)

==============================================================================

