Component: ARM Compiler 5.06 update 7 (build 960) Tool: armlink [4d3601]

==============================================================================

Section Cross References

    startup_stm32f103xe.o(RESET) refers to startup_stm32f103xe.o(STACK) for __initial_sp
    startup_stm32f103xe.o(RESET) refers to startup_stm32f103xe.o(.text) for Reset_Handler
    startup_stm32f103xe.o(RESET) refers to stm32f1xx_it.o(i.NMI_Handler) for NMI_Handler
    startup_stm32f103xe.o(RESET) refers to stm32f1xx_it.o(i.HardFault_Handler) for HardFault_Handler
    startup_stm32f103xe.o(RESET) refers to stm32f1xx_it.o(i.MemManage_Handler) for MemManage_Handler
    startup_stm32f103xe.o(RESET) refers to stm32f1xx_it.o(i.BusFault_Handler) for BusFault_Handler
    startup_stm32f103xe.o(RESET) refers to stm32f1xx_it.o(i.UsageFault_Handler) for UsageFault_Handler
    startup_stm32f103xe.o(RESET) refers to hal_cm3.o(.emb_text) for SVC_Handler
    startup_stm32f103xe.o(RESET) refers to stm32f1xx_it.o(i.DebugMon_Handler) for DebugMon_Handler
    startup_stm32f103xe.o(RESET) refers to stm32f1xx_it.o(i.USART1_IRQHandler) for USART1_IRQHandler
    startup_stm32f103xe.o(RESET) refers to stm32f1xx_it.o(i.USART3_IRQHandler) for USART3_IRQHandler
    startup_stm32f103xe.o(.text) refers to system_stm32f1xx.o(i.SystemInit) for SystemInit
    startup_stm32f103xe.o(.text) refers to entry.o(.ARM.Collect$$$$00000000) for __main
    main.o(i.MX_GPIO_Init) refers to stm32f1xx_hal_gpio.o(i.HAL_GPIO_WritePin) for HAL_GPIO_WritePin
    main.o(i.MX_GPIO_Init) refers to stm32f1xx_hal_gpio.o(i.HAL_GPIO_Init) for HAL_GPIO_Init
    main.o(i.MX_TIM4_Init) refers to stm32f1xx_hal_tim.o(i.HAL_TIM_Base_Init) for HAL_TIM_Base_Init
    main.o(i.MX_TIM4_Init) refers to stm32f1xx_hal_tim.o(i.HAL_TIM_ConfigClockSource) for HAL_TIM_ConfigClockSource
    main.o(i.MX_TIM4_Init) refers to stm32f1xx_hal_tim_ex.o(i.HAL_TIMEx_MasterConfigSynchronization) for HAL_TIMEx_MasterConfigSynchronization
    main.o(i.MX_TIM4_Init) refers to main.o(.bss) for .bss
    main.o(i.SystemClock_Config) refers to memseta.o(.text) for __aeabi_memclr4
    main.o(i.SystemClock_Config) refers to stm32f1xx_hal_rcc.o(i.HAL_RCC_OscConfig) for HAL_RCC_OscConfig
    main.o(i.SystemClock_Config) refers to stm32f1xx_hal_rcc.o(i.HAL_RCC_ClockConfig) for HAL_RCC_ClockConfig
    main.o(i.fputc) refers to stm32f1xx_hal_uart.o(i.HAL_UART_Transmit) for HAL_UART_Transmit
    main.o(i.fputc) refers to main.o(.bss) for .bss
    main.o(i.main) refers to stm32f1xx_hal.o(i.HAL_Init) for HAL_Init
    main.o(i.main) refers to main.o(i.SystemClock_Config) for SystemClock_Config
    main.o(i.main) refers to main.o(i.MX_GPIO_Init) for MX_GPIO_Init
    main.o(i.main) refers to main.o(i.MX_TIM4_Init) for MX_TIM4_Init
    main.o(i.main) refers to stm32f1xx_hal_uart.o(i.HAL_UART_Init) for HAL_UART_Init
    main.o(i.main) refers to elog.o(i.elog_init) for elog_init
    main.o(i.main) refers to elog.o(i.elog_set_fmt) for elog_set_fmt
    main.o(i.main) refers to elog.o(i.elog_start) for elog_start
    main.o(i.main) refers to tlsf.o(i.dm_init) for dm_init
    main.o(i.main) refers to vmsgexec.o(i.msgexec_init) for msgexec_init
    main.o(i.main) refers to vmsgexec.o(i.vwm_timer_init) for vwm_timer_init
    main.o(i.main) refers to rt_cmsis.o(i.osKernelStart) for osKernelStart
    main.o(i.main) refers to app.o(i.app_init) for app_init
    main.o(i.main) refers to elog.o(i.elog_output) for elog_output
    main.o(i.main) refers to vmsgexec.o(i.msgexec_exec) for msgexec_exec
    main.o(i.main) refers to main.o(.bss) for .bss
    main.o(i.main) refers to main.o(.constdata) for .constdata
    stm32f1xx_it.o(i.USART1_IRQHandler) refers to stm32f1xx_hal_uart.o(i.HAL_UART_IRQHandler) for HAL_UART_IRQHandler
    stm32f1xx_it.o(i.USART1_IRQHandler) refers to main.o(.bss) for huart1
    stm32f1xx_it.o(i.USART3_IRQHandler) refers to stm32f1xx_hal_uart.o(i.HAL_UART_IRQHandler) for HAL_UART_IRQHandler
    stm32f1xx_it.o(i.USART3_IRQHandler) refers to main.o(.bss) for huart3
    stm32f1xx_hal_msp.o(i.HAL_MspInit) refers to stm32f1xx_hal_cortex.o(i.HAL_NVIC_SetPriorityGrouping) for HAL_NVIC_SetPriorityGrouping
    stm32f1xx_hal_msp.o(i.HAL_MspInit) refers to stm32f1xx_hal_cortex.o(i.HAL_NVIC_SetPriority) for HAL_NVIC_SetPriority
    stm32f1xx_hal_msp.o(i.HAL_UART_MspDeInit) refers to stm32f1xx_hal_gpio.o(i.HAL_GPIO_DeInit) for HAL_GPIO_DeInit
    stm32f1xx_hal_msp.o(i.HAL_UART_MspDeInit) refers to stm32f1xx_hal_cortex.o(i.HAL_NVIC_DisableIRQ) for HAL_NVIC_DisableIRQ
    stm32f1xx_hal_msp.o(i.HAL_UART_MspInit) refers to stm32f1xx_hal_gpio.o(i.HAL_GPIO_Init) for HAL_GPIO_Init
    stm32f1xx_hal_msp.o(i.HAL_UART_MspInit) refers to stm32f1xx_hal_cortex.o(i.HAL_NVIC_SetPriority) for HAL_NVIC_SetPriority
    stm32f1xx_hal_msp.o(i.HAL_UART_MspInit) refers to stm32f1xx_hal_cortex.o(i.HAL_NVIC_EnableIRQ) for HAL_NVIC_EnableIRQ
[...]
    __FUNCTION__                             0x08005bfa   Data          20  elog.o(.constdata)
    __FUNCTION__                             0x08005c0e   Data          24  elog.o(.constdata)
    __FUNCTION__                             0x08005c26   Data          24  elog.o(.constdata)
    __FUNCTION__                             0x08005c3e   Data          12  elog.o(.constdata)
    __FUNCTION__                             0x08005c4a   Data          16  elog.o(.constdata)
    __FUNCTION__                             0x08005c5a   Data          14  elog.o(.constdata)
    __FUNCTION__                             0x08005c68   Data          14  elog.o(.constdata)
    .constdata                               0x08005c76   Section       35  elog_utils.o(.constdata)
    __FUNCTION__                             0x08005c76   Data          12  elog_utils.o(.constdata)
    __FUNCTION__                             0x08005c82   Data          11  elog_utils.o(.constdata)
    __FUNCTION__                             0x08005c8d   Data          12  elog_utils.o(.constdata)
    .constdata                               0x08005c9a   Section        2  rtx_conf_cm.o(.constdata)
    .constdata                               0x08005c9c   Section        4  rtx_conf_cm.o(.constdata)
    .constdata                               0x08005ca0   Section        4  rtx_conf_cm.o(.constdata)
    .constdata                               0x08005ca4   Section        4  rtx_conf_cm.o(.constdata)
    .constdata                               0x08005ca8   Section        1  rtx_conf_cm.o(.constdata)
    .constdata                               0x08005cac   Section       32  rtx_conf_cm.o(.constdata)
    __tagsym$$used                           0x08005cac   Number         0  rtx_conf_cm.o(.constdata)
    __tagsym$$used                           0x08005cb0   Number         0  rtx_conf_cm.o(.constdata)
    __tagsym$$used                           0x08005cb4   Number         0  rtx_conf_cm.o(.constdata)
    __tagsym$$used                           0x08005cb8   Number         0  rtx_conf_cm.o(.constdata)
    .constdata                               0x08005ccc   Section        2  rtx_conf_cm.o(.constdata)
    .constdata                               0x08005cd0   Section        4  rtx_conf_cm.o(.constdata)
    .constdata                               0x08005cd4   Section        4  rtx_conf_cm.o(.constdata)
    .constdata                               0x08005cd8   Section        1  rtx_conf_cm.o(.constdata)
    .constdata                               0x08005cdc   Section       16  rtx_conf_cm.o(.constdata)
    .constdata                               0x08005cec   Section        8  rtx_conf_cm.o(.constdata)
    .constdata                               0x08005cf4   Section        2  rtx_conf_cm.o(.constdata)
    .conststring                             0x08005cf8   Section       71  elog.o(.conststring)
    .data                                    0x20000000   Section       12  stm32f1xx_hal.o(.data)
    .data                                    0x2000000c   Section        4  system_stm32f1xx.o(.data)
    .data                                    0x20000010   Section        8  vmsgexec.o(.data)
    .data                                    0x20000018   Section       20  vmsgexec.o(.data)
    .data                                    0x2000002c   Section       12  tlsf.o(.data)
    mem_errorno                              0x2000002c   Data           1  tlsf.o(.data)
    .data                                    0x20000038   Section       52  elog.o(.data)
    level_output_info                        0x2000003c   Data          24  elog.o(.data)
    color_output_info                        0x20000054   Data          24  elog.o(.data)
    .data                                    0x2000006c   Section        4  rtx_conf_cm.o(.data)
    .data                                    0x20000070   Section        4  rtx_conf_cm.o(.data)
    .data                                    0x20000074   Section        4  rtx_conf_cm.o(.data)
    .data                                    0x20000078   Section        8  rt_cmsis.o(.data)
    .data                                    0x20000080   Section        4  rt_time.o(.data)
    .data                                    0x20000084   Section        8  rt_task.o(.data)
    .data                                    0x2000008c   Section        8  rt_system.o(.data)
    os_lock                                  0x2000008c   Data           1  rt_system.o(.data)
    os_psh_flag                              0x2000008d   Data           1  rt_system.o(.data)
    pend_flags                               0x2000008e   Data           1  rt_system.o(.data)
    .data                                    0x20000094   Section        1  hal_cm.o(.data)
    .data                                    0x20000098   Section        8  rt_robin.o(.data)
    .data                                    0x200000a0   Section        4  stdout.o(.data)
    .bss                                     0x200000a4   Section      216  main.o(.bss)
    .bss                                     0x2000017c   Section       12  vkey.o(.bss)
    .bss                                     0x20000188   Section      272  vmsgexec.o(.bss)
    .bss                                     0x20000298   Section     1292  vmsgexec.o(.bss)
    .bss                                     0x200007a4   Section       16  app.o(.bss)
    .bss                                     0x200007b4   Section       16  tlsf.o(.bss)
    .bss                                     0x200007c4   Section    25600  tlsf.o(.bss)
    work_mem                                 0x200007c4   Data       25600  tlsf.o(.bss)
    .bss                                     0x20006bc4   Section     1272  elog.o(.bss)
    log_buf                                  0x20006bc4   Data        1024  elog.o(.bss)
    elog                                     0x20006fc4   Data         248  elog.o(.bss)
    .bss                                     0x200070bc   Section       80  rtx_conf_cm.o(.bss)
    .bss                                     0x2000710c   Section      324  rtx_conf_cm.o(.bss)
    .bss                                     0x20007250   Section     5136  rtx_conf_cm.o(.bss)
    .bss                                     0x20008660   Section     1568  rtx_conf_cm.o(.bss)
    .bss                                     0x20008c80   Section      516  rtx_conf_cm.o(.bss)
    .bss                                     0x20008e84   Section       24  rtx_conf_cm.o(.bss)
    .bss                                     0x20008e9c   Section       52  rt_task.o(.bss)
    .bss                                     0x20008ed0   Section       48  rt_list.o(.bss)
    STACK                                    0x20008f00   Section     1024  startup_stm32f103xe.o(STACK)

    Global Symbols

    Symbol Name                              Value     Ov Type        Size  Object(Section)

    BuildAttributes$$THM_ISAv4$P$D$K$B$S$PE$A:L22UL41UL21$X:L11$S22US41US21$IEEE1$IW$USESV6$~STKCKD$USESV7$~SHL$OSPACE$ROPI$EBA8$MICROLIB$REQ8$PRES8$EABIv2 0x00000000   Number         0  anon$$obj.o ABSOLUTE
    __ARM_use_no_argv                        0x00000000   Number         0  main.o ABSOLUTE
    _printf_a                                0x00000000   Number         0  stubs.o ABSOLUTE
    _printf_c                                0x00000000   Number         0  stubs.o ABSOLUTE
    _printf_charcount                        0x00000000   Number         0  stubs.o ABSOLUTE
    _printf_d                                0x00000000   Number         0  stubs.o ABSOLUTE
    _printf_e                                0x00000000   Number         0  stubs.o ABSOLUTE
    _printf_f                                0x00000000   Number         0  stubs.o ABSOLUTE
    _printf_flags                            0x00000000   Number         0  stubs.o ABSOLUTE
    _printf_fp_dec                           0x00000000   Number         0  stubs.o ABSOLUTE
    _printf_fp_hex                           0x00000000   Number         0  stubs.o ABSOLUTE
    _printf_g                                0x00000000   Number         0  stubs.o ABSOLUTE
    _printf_i                                0x00000000   Number         0  stubs.o ABSOLUTE
    _printf_int_dec                          0x00000000   Number         0  stubs.o ABSOLUTE
    _printf_l                                0x00000000   Number         0  stubs.o ABSOLUTE
    _printf_lc                               0x00000000   Number         0  stubs.o ABSOLUTE
    _printf_ll                               0x00000000   Number         0  stubs.o ABSOLUTE
    _printf_lld                              0x00000000   Number         0  stubs.o ABSOLUTE
    _printf_lli                              0x00000000   Number         0  stubs.o ABSOLUTE
    _printf_llo                              0x00000000   Number         0  stubs.o ABSOLUTE
    _printf_llu                              0x00000000   Number         0  stubs.o ABSOLUTE
    _printf_llx                              0x00000000   Number         0  stubs.o ABSOLUTE
    _printf_longlong_dec                     0x00000000   Number         0  stubs.o ABSOLUTE
    _printf_longlong_hex                     0x00000000   Number         0  stubs.o ABSOLUTE
    _printf_longlong_oct                     0x00000000   Number         0  stubs.o ABSOLUTE
    _printf_ls                               0x00000000   Number         0  stubs.o ABSOLUTE
    _printf_mbtowc                           0x00000000   Number         0  stubs.o ABSOLUTE
    _printf_n                                0x00000000   Number         0  stubs.o ABSOLUTE
    _printf_o                                0x00000000   Number         0  stubs.o ABSOLUTE
    _printf_p                                0x00000000   Number         0  stubs.o ABSOLUTE
    _printf_percent                          0x00000000   Number         0  stubs.o ABSOLUTE
    _printf_pre_padding                      0x00000000   Number         0  stubs.o ABSOLUTE
    _printf_return_value                     0x00000000   Number         0  stubs.o ABSOLUTE
    _printf_s                                0x00000000   Number         0  stubs.o ABSOLUTE
    _printf_sizespec                         0x00000000   Number         0  stubs.o ABSOLUTE
    _printf_str                              0x00000000   Number         0  stubs.o ABSOLUTE
    _printf_truncate_signed                  0x00000000   Number         0  stubs.o ABSOLUTE
    _printf_truncate_unsigned                0x00000000   Number         0  stubs.o ABSOLUTE
    _printf_u                                0x00000000   Number         0  stubs.o ABSOLUTE
    _printf_wc                               0x00000000   Number         0  stubs.o ABSOLUTE
    _printf_wctomb                           0x00000000   Number         0  stubs.o ABSOLUTE
    _printf_widthprec                        0x00000000   Number         0  stubs.o ABSOLUTE
    _printf_x                                0x00000000   Number         0  stubs.o ABSOLUTE
    __arm_fini_                               - Undefined Weak Reference
    __cpp_initialize__aeabi_                  - Undefined Weak Reference
    __cxa_finalize                            - Undefined Weak Reference
    __decompress                              - Undefined Weak Reference
    _clock_init                               - Undefined Weak Reference
    _microlib_exit                            - Undefined Weak Reference
    __Vectors_Size                           0x00000130   Number         0  startup_stm32f103xe.o ABSOLUTE
    __RL_RTX_VER                             0x00000482   Number         0  rt_system.o ABSOLUTE
    __Vectors                                0x08000000   Data           4  startup_stm32f103xe.o(RESET)
    __Vectors_End                            0x08000130   Data           0  startup_stm32f103xe.o(RESET)
    __main                                   0x08000131   Thumb Code     0  entry.o(.ARM.Collect$$$$00000000)
    _main_stk                                0x08000131   Thumb Code     0  entry2.o(.ARM.Collect$$$$00000001)
    _main_scatterload                        0x08000135   Thumb Code     0  entry5.o(.ARM.Collect$$$$00000004)
    __main_after_scatterload                 0x08000139   Thumb Code     0  entry5.o(.ARM.Collect$$$$00000004)
    __rt_lib_shutdown_fini                   0x08000139   Thumb Code     0  entry12b.o(.ARM.Collect$$$$0000000E)
    _main_clock                              0x08000139   Thumb Code     0  entry7b.o(.ARM.Collect$$$$00000008)
    _main_cpp_init                           0x08000139   Thumb Code     0  entry8b.o(.ARM.Collect$$$$0000000A)
    __rt_final_cpp                           0x0800013d   Thumb Code     0  entry10a.o(.ARM.Collect$$$$0000000F)
    __rt_final_exit                          0x0800013d   Thumb Code     0  entry11a.o(.ARM.Collect$$$$00000011)
    _main_init                               0x0800013d   Thumb Code    18  rtx_conf_cm.o(.ARM.Collect$$$$000000FF)
    rt_set_PSP                               0x08000159   Thumb Code     6  hal_cm3.o(.emb_text)
    rt_get_PSP                               0x0800015f   Thumb Code     6  hal_cm3.o(.emb_text)
    os_set_env                               0x08000165   Thumb Code    24  hal_cm3.o(.emb_text)
    _alloc_box                               0x08000181   Thumb Code    28  hal_cm3.o(.emb_text)
    _free_box                                0x080001a1   Thumb Code    28  hal_cm3.o(.emb_text)
    SVC_Handler                              0x080001c1   Thumb Code   108  hal_cm3.o(.emb_text)
    PendSV_Handler                           0x08000239   Thumb Code    56  hal_cm3.o(.emb_text)
    SysTick_Handler                          0x08000275   Thumb Code     8  hal_cm3.o(.emb_text)
    OS_Tick_Handler                          0x0800027d   Thumb Code    12  hal_cm3.o(.emb_text)
    Reset_Handler                            0x08000289   Thumb Code     8  startup_stm32f103xe.o(.text)
    ADC1_2_IRQHandler                        0x080002a3   Thumb Code     0  startup_stm32f103xe.o(.text)
    ADC3_IRQHandler                          0x080002a3   Thumb Code     0  startup_stm32f103xe.o(.text)
    CAN1_RX1_IRQHandler                      0x080002a3   Thumb Code     0  startup_stm32f103xe.o(.text)
    CAN1_SCE_IRQHandler                      0x080002a3   Thumb Code     0  startup_stm32f103xe.o(.text)
    DMA1_Channel1_IRQHandler                 0x080002a3   Thumb Code     0  startup_stm32f103xe.o(.text)
    DMA1_Channel2_IRQHandler                 0x080002a3   Thumb Code     0  startup_stm32f103xe.o(.text)
    DMA1_Channel3_IRQHandler                 0x080002a3   Thumb Code     0  startup_stm32f103xe.o(.text)
    DMA1_Channel4_IRQHandler                 0x080002a3   Thumb Code     0  startup_stm32f103xe.o(.text)
    DMA1_Channel5_IRQHandler                 0x080002a3   Thumb Code     0  startup_stm32f103xe.o(.text)
    DMA1_Channel6_IRQHandler                 0x080002a3   Thumb Code     0  startup_stm32f103xe.o(.text)
    DMA1_Channel7_IRQHandler                 0x080002a3   Thumb Code     0  startup_stm32f103xe.o(.text)
    DMA2_Channel1_IRQHandler                 0x080002a3   Thumb Code     0  startup_stm32f103xe.o(.text)
    DMA2_Channel2_IRQHandler                 0x080002a3   Thumb Code     0  startup_stm32f103xe.o(.text)
    DMA2_Channel3_IRQHandler                 0x080002a3   Thumb Code     0  startup_stm32f103xe.o(.text)
    DMA2_Channel4_5_IRQHandler               0x080002a3   Thumb Code     0  startup_stm32f103xe.o(.text)
    EXTI0_IRQHandler                         0x080002a3   Thumb Code     0  startup_stm32f103xe.o(.text)
    EXTI15_10_IRQHandler                     0x080002a3   Thumb Code     0  startup_stm32f103xe.o(.text)
    EXTI1_IRQHandler                         0x080002a3   Thumb Code     0  startup_stm32f103xe.o(.text)
    EXTI2_IRQHandler                         0x080002a3   Thumb Code     0  startup_stm32f103xe.o(.text)
    EXTI3_IRQHandler                         0x080002a3   Thumb Code     0  startup_stm32f103xe.o(.text)
    EXTI4_IRQHandler                         0x080002a3   Thumb Code     0  startup_stm32f103xe.o(.text)
    EXTI9_5_IRQHandler                       0x080002a3   Thumb Code     0  startup_stm32f103xe.o(.text)
    FLASH_IRQHandler                         0x080002a3   Thumb Code     0  startup_stm32f103xe.o(.text)
    FSMC_IRQHandler                          0x080002a3   Thumb Code     0  startup_stm32f103xe.o(.text)
    I2C1_ER_IRQHandler                       0x080002a3   Thumb Code     0  startup_stm32f103xe.o(.text)
    I2C1_EV_IRQHandler                       0x080002a3   Thumb Code     0  startup_stm32f103xe.o(.text)
    I2C2_ER_IRQHandler                       0x080002a3   Thumb Code     0  startup_stm32f103xe.o(.text)
    I2C2_EV_IRQHandler                       0x080002a3   Thumb Code     0  startup_stm32f103xe.o(.text)
    PVD_IRQHandler                           0x080002a3   Thumb Code     0  startup_stm32f103xe.o(.text)
    RCC_IRQHandler                           0x080002a3   Thumb Code     0  startup_stm32f103xe.o(.text)
    RTC_Alarm_IRQHandler                     0x080002a3   Thumb Code     0  startup_stm32f103xe.o(.text)
    RTC_IRQHandler                           0x080002a3   Thumb Code     0  startup_stm32f103xe.o(.text)
    SDIO_IRQHandler                          0x080002a3   Thumb Code     0  startup_stm32f103xe.o(.text)
    SPI1_IRQHandler                          0x080002a3   Thumb Code     0  startup_stm32f103xe.o(.text)
    SPI2_IRQHandler                          0x080002a3   Thumb Code     0  startup_stm32f103xe.o(.text)
    SPI3_IRQHandler                          0x080002a3   Thumb Code     0  startup_stm32f103xe.o(.text)
    TAMPER_IRQHandler                        0x080002a3   Thumb Code     0  startup_stm32f103xe.o(.text)
    TIM1_BRK_IRQHandler                      0x080002a3   Thumb Code     0  startup_stm32f103xe.o(.text)
    TIM1_CC_IRQHandler                       0x080002a3   Thumb Code     0  startup_stm32f103xe.o(.text)
    TIM1_TRG_COM_IRQHandler                  0x080002a3   Thumb Code     0  startup_stm32f103xe.o(.text)
    TIM1_UP_IRQHandler                       0x080002a3   Thumb Code     0  startup_stm32f103xe.o(.text)
    TIM2_IRQHandler                          0x080002a3   Thumb Code     0  startup_stm32f103xe.o(.text)
    TIM3_IRQHandler                          0x080002a3   Thumb Code     0  startup_stm32f103xe.o(.text)
    TIM4_IRQHandler                          0x080002a3   Thumb Code     0  startup_stm32f103xe.o(.text)
    TIM5_IRQHandler                          0x080002a3   Thumb Code     0  startup_stm32f103xe.o(.text)
    TIM6_IRQHandler                          0x080002a3   Thumb Code     0  startup_stm32f103xe.o(.text)
    TIM7_IRQHandler                          0x080002a3   Thumb Code     0  startup_stm32f103xe.o(.text)
    TIM8_BRK_IRQHandler                      0x080002a3   Thumb Code     0  startup_stm32f103xe.o(.text)
    TIM8_CC_IRQHandler                       0x080002a3   Thumb Code     0  startup_stm32f103xe.o(.text)
    TIM8_TRG_COM_IRQHandler                  0x080002a3   Thumb Code     0  startup_stm32f103xe.o(.text)
    TIM8_UP_IRQHandler                       0x080002a3   Thumb Code     0  startup_stm32f103xe.o(.text)
    UART4_IRQHandler                         0x080002a3   Thumb Code     0  startup_stm32f103xe.o(.text)
    UART5_IRQHandler                         0x080002a3   Thumb Code     0  startup_stm32f103xe.o(.text)
    USART2_IRQHandler                        0x080002a3   Thumb Code     0  startup_stm32f103xe.o(.text)
    USBWakeUp_IRQHandler                     0x080002a3   Thumb Code     0  startup_stm32f103xe.o(.text)
    USB_HP_CAN1_TX_IRQHandler                0x080002a3   Thumb Code     0  startup_stm32f103xe.o(.text)
    USB_LP_CAN1_RX0_IRQHandler               0x080002a3   Thumb Code     0  startup_stm32f103xe.o(.text)
    WWDG_IRQHandler                          0x080002a3   Thumb Code     0  startup_stm32f103xe.o(.text)
    __aeabi_uldivmod                         0x080002ad   Thumb Code    98  uldiv.o(.text)
    __aeabi_llsr                             0x0800030f   Thumb Code    32  llushr.o(.text)
    _ll_ushift_r                             0x0800030f   Thumb Code     0  llushr.o(.text)
    __aeabi_memset                           0x0800032f   Thumb Code    14  memseta.o(.text)
    __aeabi_memset4                          0x0800032f   Thumb Code     0  memseta.o(.text)
    __aeabi_memset8                          0x0800032f   Thumb Code     0  memseta.o(.text)
    __aeabi_memclr                           0x0800033d   Thumb Code     4  memseta.o(.text)
    __aeabi_memclr4                          0x0800033d   Thumb Code     0  memseta.o(.text)
    __aeabi_memclr8                          0x0800033d   Thumb Code     0  memseta.o(.text)
    _memset$wrapper                          0x08000341   Thumb Code    18  memseta.o(.text)
    strstr                                   0x08000353   Thumb Code    36  strstr.o(.text)
    strlen                                   0x08000377   Thumb Code    14  strlen.o(.text)
    strncmp                                  0x08000385   Thumb Code    30  strncmp.o(.text)
    __aeabi_uidiv                            0x080003a3   Thumb Code     0  uidiv.o(.text)
    __aeabi_uidivmod                         0x080003a3   Thumb Code    44  uidiv.o(.text)
    __aeabi_llsl                             0x080003cf   Thumb Code    30  llshl.o(.text)
    _ll_shift_l                              0x080003cf   Thumb Code     0  llshl.o(.text)
    __I$use$fp                               0x080003ed   Thumb Code     0  iusefp.o(.text)
    __aeabi_dadd                             0x080003ed   Thumb Code   322  dadd.o(.text)
    __aeabi_dsub                             0x0800052f   Thumb Code     6  dadd.o(.text)
    __aeabi_drsub                            0x08000535   Thumb Code     6  dadd.o(.text)
    __aeabi_dmul                             0x0800053b   Thumb Code   228  dmul.o(.text)
    __aeabi_ddiv                             0x0800061f   Thumb Code   222  ddiv.o(.text)
    __aeabi_d2ulz                            0x080006fd   Thumb Code    48  dfixul.o(.text)
    __aeabi_cdrcmple                         0x0800072d   Thumb Code    48  cdrcmple.o(.text)
    __scatterload                            0x0800075d   Thumb Code    28  init.o(.text)
    __scatterload_rt2                        0x0800075d   Thumb Code     0  init.o(.text)
    __aeabi_lasr                             0x08000781   Thumb Code    36  llsshr.o(.text)
    _ll_sshift_r                             0x08000781   Thumb Code     0  llsshr.o(.text)
    _double_round                            0x080007a5   Thumb Code    30  depilogue.o(.text)
    _double_epilogue                         0x080007c3   Thumb Code   156  depilogue.o(.text)
    SVC_Count                                0x08000860   Data           4  svc_table.o(SVC_TABLE)
    BusFault_Handler                         0x08000865   Thumb Code     2  stm32f1xx_it.o(i.BusFault_Handler)
    SVC_Table                                0x08000864   Data           0  svc_table.o(SVC_TABLE)
    DHT11_Check                              0x08000869   Thumb Code    88  dht11.o(i.DHT11_Check)
    DHT11_IO_IN                              0x080008c5   Thumb Code    28  dht11.o(i.DHT11_IO_IN)
    DHT11_IO_OUT                             0x080008e5   Thumb Code    50  dht11.o(i.DHT11_IO_OUT)
    DHT11_RST                                0x0800091d   Thumb Code    48  dht11.o(i.DHT11_RST)
    DHT11_Read_Bit                           0x08000951   Thumb Code    84  dht11.o(i.DHT11_Read_Bit)
    DHT11_Read_Byte                          0x080009a9   Thumb Code    26  dht11.o(i.DHT11_Read_Byte)
    DHT11_Read_Data                          0x080009c3   Thumb Code    80  dht11.o(i.DHT11_Read_Data)
    DebugMon_Handler                         0x08000a13   Thumb Code     2  stm32f1xx_it.o(i.DebugMon_Handler)
    Delay_us                                 0x08000a15   Thumb Code    36  dht11.o(i.Delay_us)
    HAL_DMA_Abort                            0x08000a3d   Thumb Code    70  stm32f1xx_hal_dma.o(i.HAL_DMA_Abort)
    HAL_DMA_Abort_IT                         0x08000a85   Thumb Code   296  stm32f1xx_hal_dma.o(i.HAL_DMA_Abort_IT)
    HAL_Delay                                0x08000bb5   Thumb Code    32  stm32f1xx_hal.o(i.HAL_Delay)
    HAL_GPIO_Init                            0x08000bd9   Thumb Code   462  stm32f1xx_hal_gpio.o(i.HAL_GPIO_Init)
    HAL_GPIO_ReadPin                         0x08000dd1   Thumb Code    10  stm32f1xx_hal_gpio.o(i.HAL_GPIO_ReadPin)
    HAL_GPIO_TogglePin                       0x08000ddb   Thumb Code    16  stm32f1xx_hal_gpio.o(i.HAL_GPIO_TogglePin)
    HAL_GPIO_WritePin                        0x08000deb   Thumb Code    10  stm32f1xx_hal_gpio.o(i.HAL_GPIO_WritePin)
    HAL_GetTick                              0x08000df5   Thumb Code     6  os_port.o(i.HAL_GetTick)
    HAL_Init                                 0x08000e01   Thumb Code    32  stm32f1xx_hal.o(i.HAL_Init)
    HAL_InitTick                             0x08000e25   Thumb Code    54  stm32f1xx_hal.o(i.HAL_InitTick)
    HAL_MspInit                              0x08000e65   Thumb Code    64  stm32f1xx_hal_msp.o(i.HAL_MspInit)
    HAL_NVIC_EnableIRQ                       0x08000ead   Thumb Code    26  stm32f1xx_hal_cortex.o(i.HAL_NVIC_EnableIRQ)
    HAL_NVIC_SetPriority                     0x08000ec9   Thumb Code    60  stm32f1xx_hal_cortex.o(i.HAL_NVIC_SetPriority)
    HAL_NVIC_SetPriorityGrouping             0x08000f09   Thumb Code    26  stm32f1xx_hal_cortex.o(i.HAL_NVIC_SetPriorityGrouping)
    HAL_RCC_ClockConfig                      0x08000f2d   Thumb Code   280  stm32f1xx_hal_rcc.o(i.HAL_RCC_ClockConfig)
    HAL_RCC_GetPCLK1Freq                     0x08001059   Thumb Code    20  stm32f1xx_hal_rcc.o(i.HAL_RCC_GetPCLK1Freq)
    HAL_RCC_GetPCLK2Freq                     0x08001079   Thumb Code    20  stm32f1xx_hal_rcc.o(i.HAL_RCC_GetPCLK2Freq)
    HAL_RCC_GetSysClockFreq                  0x08001099   Thumb Code    58  stm32f1xx_hal_rcc.o(i.HAL_RCC_GetSysClockFreq)
    HAL_RCC_OscConfig                        0x080010e5   Thumb Code   778  stm32f1xx_hal_rcc.o(i.HAL_RCC_OscConfig)
    HAL_SYSTICK_Config                       0x08001405   Thumb Code    40  stm32f1xx_hal_cortex.o(i.HAL_SYSTICK_Config)
    HAL_TIMEx_MasterConfigSynchronization    0x0800142d   Thumb Code   104  stm32f1xx_hal_tim_ex.o(i.HAL_TIMEx_MasterConfigSynchronization)
    HAL_TIM_Base_Init                        0x080014a9   Thumb Code    90  stm32f1xx_hal_tim.o(i.HAL_TIM_Base_Init)
    HAL_TIM_Base_MspInit                     0x08001505   Thumb Code    30  stm32f1xx_hal_msp.o(i.HAL_TIM_Base_MspInit)
    HAL_TIM_Base_Start                       0x0800152d   Thumb Code    78  stm32f1xx_hal_tim.o(i.HAL_TIM_Base_Start)
    HAL_TIM_Base_Stop                        0x08001591   Thumb Code    38  stm32f1xx_hal_tim.o(i.HAL_TIM_Base_Stop)
    HAL_TIM_ConfigClockSource                0x080015b7   Thumb Code   220  stm32f1xx_hal_tim.o(i.HAL_TIM_ConfigClockSource)
    HAL_UARTEx_RxEventCallback               0x08001693   Thumb Code     2  stm32f1xx_hal_uart.o(i.HAL_UARTEx_RxEventCallback)
    HAL_UART_ErrorCallback                   0x08001695   Thumb Code     2  stm32f1xx_hal_uart.o(i.HAL_UART_ErrorCallback)
    HAL_UART_IRQHandler                      0x08001699   Thumb Code   616  stm32f1xx_hal_uart.o(i.HAL_UART_IRQHandler)
    HAL_UART_Init                            0x08001905   Thumb Code   100  stm32f1xx_hal_uart.o(i.HAL_UART_Init)
    HAL_UART_MspInit                         0x08001969   Thumb Code   198  stm32f1xx_hal_msp.o(i.HAL_UART_MspInit)
    HAL_UART_RxCpltCallback                  0x08001a45   Thumb Code     2  stm32f1xx_hal_uart.o(i.HAL_UART_RxCpltCallback)
    HAL_UART_Transmit                        0x08001a47   Thumb Code   154  stm32f1xx_hal_uart.o(i.HAL_UART_Transmit)
    HAL_UART_TxCpltCallback                  0x08001ae1   Thumb Code     2  stm32f1xx_hal_uart.o(i.HAL_UART_TxCpltCallback)
    HardFault_Handler                        0x08001ae3   Thumb Code     2  stm32f1xx_it.o(i.HardFault_Handler)
    MemManage_Handler                        0x08001c21   Thumb Code     2  stm32f1xx_it.o(i.MemManage_Handler)
    NMI_Handler                              0x08001c23   Thumb Code     2  stm32f1xx_it.o(i.NMI_Handler)
    SystemClock_Config                       0x08001c25   Thumb Code    94  main.o(i.SystemClock_Config)
    SystemInit                               0x08001c83   Thumb Code     2  system_stm32f1xx.o(i.SystemInit)
    TIM_Base_SetConfig                       0x08001c85   Thumb Code   120  stm32f1xx_hal_tim.o(i.TIM_Base_SetConfig)
    TIM_ETR_SetConfig                        0x08001d11   Thumb Code    20  stm32f1xx_hal_tim.o(i.TIM_ETR_SetConfig)
    USART1_IRQHandler                        0x08001fcd   Thumb Code     6  stm32f1xx_it.o(i.USART1_IRQHandler)
    USART3_IRQHandler                        0x08001fd9   Thumb Code     6  stm32f1xx_it.o(i.USART3_IRQHandler)
    UsageFault_Handler                       0x08001fe5   Thumb Code     2  stm32f1xx_it.o(i.UsageFault_Handler)
    __0printf                                0x08001fe9   Thumb Code    22  printfa.o(i.__0printf)
    __1printf                                0x08001fe9   Thumb Code     0  printfa.o(i.__0printf)
    __2printf                                0x08001fe9   Thumb Code     0  printfa.o(i.__0printf)
    __c89printf                              0x08001fe9   Thumb Code     0  printfa.o(i.__0printf)
    printf                                   0x08001fe9   Thumb Code     0  printfa.o(i.__0printf)
    __0snprintf                              0x08002009   Thumb Code    48  printfa.o(i.__0snprintf)
    __1snprintf                              0x08002009   Thumb Code     0  printfa.o(i.__0snprintf)
    __2snprintf                              0x08002009   Thumb Code     0  printfa.o(i.__0snprintf)
    __c89snprintf                            0x08002009   Thumb Code     0  printfa.o(i.__0snprintf)
    snprintf                                 0x08002009   Thumb Code     0  printfa.o(i.__0snprintf)
    __0vsnprintf                             0x0800203d   Thumb Code    46  printfa.o(i.__0vsnprintf)
    __1vsnprintf                             0x0800203d   Thumb Code     0  printfa.o(i.__0vsnprintf)
    __2vsnprintf                             0x0800203d   Thumb Code     0  printfa.o(i.__0vsnprintf)
    __c89vsnprintf                           0x0800203d   Thumb Code     0  printfa.o(i.__0vsnprintf)
    vsnprintf                                0x0800203d   Thumb Code     0  printfa.o(i.__0vsnprintf)
    __scatterload_copy                       0x08002091   Thumb Code    14  handlers.o(i.__scatterload_copy)
    __scatterload_null                       0x0800209f   Thumb Code     2  handlers.o(i.__scatterload_null)
    __scatterload_zeroinit                   0x080020a1   Thumb Code    14  handlers.o(i.__scatterload_zeroinit)
    _init_box                                0x08002235   Thumb Code    70  rt_membox.o(i._init_box)
    app_dlgcallback                          0x08002999   Thumb Code   350  app.o(i.app_dlgcallback)
    app_init                                 0x08002bb1   Thumb Code    86  app.o(i.app_init)
    dbg_init                                 0x08002c8d   Thumb Code    34  hal_cm.o(i.dbg_init)
    dbg_task_notify                          0x08002cbd   Thumb Code    32  hal_cm.o(i.dbg_task_notify)
    dbg_task_switch                          0x08002cdd   Thumb Code    16  hal_cm.o(i.dbg_task_switch)
    dm_init                                  0x08002ced   Thumb Code    10  tlsf.o(i.dm_init)
    elog_get_filter_tag_lvl                  0x08002cfd   Thumb Code   130  elog.o(i.elog_get_filter_tag_lvl)
    elog_init                                0x08002de9   Thumb Code   100  elog.o(i.elog_init)
    elog_output                              0x08002e51   Thumb Code   720  elog.o(i.elog_output)
    elog_output_lock                         0x080031c1   Thumb Code    28  elog.o(i.elog_output_lock)
    elog_output_lock_enabled                 0x080031e1   Thumb Code    40  elog.o(i.elog_output_lock_enabled)
    elog_output_unlock                       0x0800320d   Thumb Code    28  elog.o(i.elog_output_unlock)
    elog_port_get_p_info                     0x0800322d   Thumb Code     4  elog_port.o(i.elog_port_get_p_info)
    elog_port_get_t_info                     0x08003235   Thumb Code     4  elog_port.o(i.elog_port_get_t_info)
    elog_port_get_time                       0x0800323d   Thumb Code     2  elog_port.o(i.elog_port_get_time)
    elog_port_init                           0x0800323f   Thumb Code     4  elog_port.o(i.elog_port_init)
    elog_port_output                         0x08003245   Thumb Code     8  elog_port.o(i.elog_port_output)
    elog_port_output_lock                    0x08003255   Thumb Code     2  elog_port.o(i.elog_port_output_lock)
    elog_port_output_unlock                  0x08003257   Thumb Code     2  elog_port.o(i.elog_port_output_unlock)
    elog_set_filter_lvl                      0x08003259   Thumb Code    64  elog.o(i.elog_set_filter_lvl)
    elog_set_fmt                             0x08003309   Thumb Code    72  elog.o(i.elog_set_fmt)
    elog_start                               0x080033c1   Thumb Code    42  elog.o(i.elog_start)
    elog_strcpy                              0x08003449   Thumb Code   148  elog_utils.o(i.elog_strcpy)
    fputc                                    0x08003539   Thumb Code    20  main.o(i.fputc)
    free_ex                                  0x08003551   Thumb Code   380  tlsf.o(i.free_ex)
    init_memory_pool                         0x08003791   Thumb Code   148  tlsf.o(i.init_memory_pool)
    isrMessageGet                            0x08003899   Thumb Code    42  rt_cmsis.o(i.isrMessageGet)
    isrMessagePut                            0x080038c3   Thumb Code    44  rt_cmsis.o(i.isrMessagePut)
    isr_mbx_receive                          0x080038f1   Thumb Code    86  rt_mailbox.o(i.isr_mbx_receive)
    isr_mbx_send                             0x08003947   Thumb Code    14  rt_mailbox.o(i.isr_mbx_send)
    key_scan__getkeystate                    0x08003955   Thumb Code    18  vkey.o(i.key_scan__getkeystate)
    key_scan__init                           0x0800396d   Thumb Code   112  vkey.o(i.key_scan__init)
    key_scan__scan                           0x080039e1   Thumb Code    84  vkey.o(i.key_scan__scan)
    main                                     0x08003a6d   Thumb Code   190  main.o(i.main)
    malloc_ex                                0x08003b75   Thumb Code   380  tlsf.o(i.malloc_ex)
    msgexec_alloc_message                    0x08003d25   Thumb Code    10  vmsgexec.o(i.msgexec_alloc_message)
    msgexec_create_module                    0x08003d35   Thumb Code    86  vmsgexec.o(i.msgexec_create_module)
    msgexec_exec                             0x08003d91   Thumb Code    58  vmsgexec.o(i.msgexec_exec)
    msgexec_free_module                      0x08003dd1   Thumb Code    86  vmsgexec.o(i.msgexec_free_module)
    msgexec_init                             0x08003e2d   Thumb Code    24  vmsgexec.o(i.msgexec_init)
    msgexec_put_message                      0x08003e4d   Thumb Code    16  vmsgexec.o(i.msgexec_put_message)
    osKernelInitialize                       0x08003e61   Thumb Code    30  rt_cmsis.o(i.osKernelInitialize)
    osKernelStart                            0x08003e85   Thumb Code    98  rt_cmsis.o(i.osKernelStart)
    osMailCAlloc                             0x08003ef1   Thumb Code    44  rt_cmsis.o(i.osMailCAlloc)
    osMailCreate                             0x08003f21   Thumb Code    36  rt_cmsis.o(i.osMailCreate)
    osMailFree                               0x08003f4d   Thumb Code    22  rt_cmsis.o(i.osMailFree)
    osMailGet                                0x08003f69   Thumb Code    22  rt_cmsis.o(i.osMailGet)
    osMailPut                                0x08003f7f   Thumb Code    20  rt_cmsis.o(i.osMailPut)
    osMessageGet                             0x08003f95   Thumb Code    18  rt_cmsis.o(i.osMessageGet)
    osMessagePut                             0x08003fad   Thumb Code    18  rt_cmsis.o(i.osMessagePut)
    osMutexCreate                            0x08003fc5   Thumb Code    36  rt_cmsis.o(i.osMutexCreate)
    osMutexRelease                           0x08003ff1   Thumb Code    18  rt_cmsis.o(i.osMutexRelease)
    osMutexWait                              0x08004009   Thumb Code    18  rt_cmsis.o(i.osMutexWait)
    osThreadCreate                           0x08004021   Thumb Code    36  rt_cmsis.o(i.osThreadCreate)
    osThreadExit                             0x0800404d   Thumb Code    14  rt_cmsis.o(i.osThreadExit)
    osTimerCall                              0x08004065   Thumb Code     8  rt_cmsis.o(i.osTimerCall)
    osTimerCreate                            0x08004071   Thumb Code    36  rt_cmsis.o(i.osTimerCreate)
    osTimerDelete                            0x0800409d   Thumb Code    18  rt_cmsis.o(i.osTimerDelete)
    osTimerStart                             0x080040b5   Thumb Code    18  rt_cmsis.o(i.osTimerStart)
    osTimerThread                            0x080040cd   Thumb Code    38  rt_cmsis.o(i.osTimerThread)
    os_error                                 0x080040f9   Thumb Code     2  rtx_conf_cm.o(i.os_error)
    os_idle_demon                            0x080040fb   Thumb Code     2  rtx_conf_cm.o(i.os_idle_demon)
    os_tick_init                             0x080040fd   Thumb Code    32  rt_system.o(i.os_tick_init)
    os_tick_irqack                           0x08004125   Thumb Code     2  rt_system.o(i.os_tick_irqack)
    ostimer_callback                         0x08004127   Thumb Code    46  vmsgexec.o(i.ostimer_callback)
    rt_alloc_box                             0x08004181   Thumb Code    26  rt_membox.o(i.rt_alloc_box)
    rt_alloc_mem                             0x0800419b   Thumb Code    62  rt_memory.o(i.rt_alloc_mem)
    rt_block                                 0x080041d9   Thumb Code    48  rt_task.o(i.rt_block)
    rt_chk_robin                             0x08004211   Thumb Code    60  rt_robin.o(i.rt_chk_robin)
    rt_dec_dly                               0x08004271   Thumb Code   102  rt_list.o(i.rt_dec_dly)
    rt_dispatch                              0x080042e1   Thumb Code    60  rt_task.o(i.rt_dispatch)
    rt_evt_psh                               0x08004325   Thumb Code    76  rt_event.o(i.rt_evt_psh)
    rt_free_box                              0x08004375   Thumb Code    44  rt_membox.o(i.rt_free_box)
    rt_free_mem                              0x080043a1   Thumb Code    40  rt_memory.o(i.rt_free_mem)
    rt_get_first                             0x080043c9   Thumb Code    40  rt_list.o(i.rt_get_first)
    rt_init_mem                              0x08004441   Thumb Code    26  rt_memory.o(i.rt_init_mem)
    rt_init_robin                            0x0800445d   Thumb Code    14  rt_robin.o(i.rt_init_robin)
    rt_init_stack                            0x08004475   Thumb Code   118  hal_cm.o(i.rt_init_stack)
    rt_mbx_check                             0x080044f5   Thumb Code     8  rt_mailbox.o(i.rt_mbx_check)
    rt_mbx_init                              0x080044fd   Thumb Code    26  rt_mailbox.o(i.rt_mbx_init)
    rt_mbx_psh                               0x08004519   Thumb Code   236  rt_mailbox.o(i.rt_mbx_psh)
    rt_mbx_send                              0x08004609   Thumb Code   148  rt_mailbox.o(i.rt_mbx_send)
    rt_mbx_wait                              0x080046a1   Thumb Code   174  rt_mailbox.o(i.rt_mbx_wait)
    rt_mut_init                              0x08004799   Thumb Code    16  rt_mutex.o(i.rt_mut_init)
    rt_mut_release                           0x080047a9   Thumb Code   208  rt_mutex.o(i.rt_mut_release)
    rt_mut_wait                              0x08004881   Thumb Code   114  rt_mutex.o(i.rt_mut_wait)
    rt_pop_req                               0x080048f9   Thumb Code   112  rt_system.o(i.rt_pop_req)
    rt_psh_req                               0x08004975   Thumb Code    22  rt_system.o(i.rt_psh_req)
    rt_psq_enq                               0x08004995   Thumb Code    88  rt_list.o(i.rt_psq_enq)
    rt_put_dly                               0x080049f1   Thumb Code    68  rt_list.o(i.rt_put_dly)
    rt_put_prio                              0x08004a39   Thumb Code    54  rt_list.o(i.rt_put_prio)
    rt_put_rdy_first                         0x08004a71   Thumb Code    14  rt_list.o(i.rt_put_rdy_first)
    rt_resort_prio                           0x08004a85   Thumb Code    46  rt_list.o(i.rt_resort_prio)
    rt_ret_val                               0x08004ab9   Thumb Code     6  hal_cm.o(i.rt_ret_val)
    rt_ret_val2                              0x08004abf   Thumb Code     8  hal_cm.o(i.rt_ret_val2)
    rt_rmv_dly                               0x08004ac7   Thumb Code    40  rt_list.o(i.rt_rmv_dly)
    rt_rmv_list                              0x08004af1   Thumb Code    44  rt_list.o(i.rt_rmv_list)
    rt_sem_psh                               0x08004b21   Thumb Code    48  rt_semaphore.o(i.rt_sem_psh)
    rt_stk_check                             0x08004b55   Thumb Code    28  rt_system.o(i.rt_stk_check)
    rt_switch_req                            0x08004b79   Thumb Code    30  rt_task.o(i.rt_switch_req)
    rt_sys_init                              0x08004ba1   Thumb Code   138  rt_task.o(i.rt_sys_init)
    rt_sys_start                             0x08004c6d   Thumb Code   110  rt_task.o(i.rt_sys_start)
    rt_systick                               0x08004ce5   Thumb Code    50  rt_system.o(i.rt_systick)
    rt_tsk_create                            0x08004da9   Thumb Code   118  rt_task.o(i.rt_tsk_create)
    rt_tsk_delete                            0x08004e31   Thumb Code   352  rt_task.o(i.rt_tsk_delete)
    rt_tsk_prio                              0x08004fad   Thumb Code   108  rt_task.o(i.rt_tsk_prio)
    rt_tsk_self                              0x08005029   Thumb Code    12  rt_task.o(i.rt_tsk_self)
    svcKernelInitialize                      0x08005051   Thumb Code    80  rt_cmsis.o(i.svcKernelInitialize)
    svcKernelStart                           0x080050c1   Thumb Code    62  rt_cmsis.o(i.svcKernelStart)
    svcMailCreate                            0x08005109   Thumb Code    66  rt_cmsis.o(i.svcMailCreate)
    svcMessageCreate                         0x0800514b   Thumb Code    36  rt_cmsis.o(i.svcMessageCreate)
    svcMessageGet                            0x0800516f   Thumb Code    58  rt_cmsis.o(i.svcMessageGet)
    svcMessagePut                            0x080051a9   Thumb Code    54  rt_cmsis.o(i.svcMessagePut)
    svcMutexCreate                           0x080051df   Thumb Code    28  rt_cmsis.o(i.svcMutexCreate)
    svcMutexRelease                          0x080051fb   Thumb Code    34  rt_cmsis.o(i.svcMutexRelease)
    svcMutexWait                             0x0800521d   Thumb Code    58  rt_cmsis.o(i.svcMutexWait)
    svcThreadCreate                          0x08005259   Thumb Code    96  rt_cmsis.o(i.svcThreadCreate)
    svcThreadGetId                           0x080052c5   Thumb Code    22  rt_cmsis.o(i.svcThreadGetId)
    svcThreadTerminate                       0x080052e1   Thumb Code    50  rt_cmsis.o(i.svcThreadTerminate)
    svcTimerCall                             0x08005319   Thumb Code    24  rt_cmsis.o(i.svcTimerCall)
    svcTimerCreate                           0x08005331   Thumb Code    52  rt_cmsis.o(i.svcTimerCreate)
    svcTimerDelete                           0x08005369   Thumb Code    40  rt_cmsis.o(i.svcTimerDelete)
    svcTimerStart                            0x08005391   Thumb Code    96  rt_cmsis.o(i.svcTimerStart)
    sysMailAlloc                             0x080053f5   Thumb Code    84  rt_cmsis.o(i.sysMailAlloc)
    sysMailFree                              0x0800544d   Thumb Code    96  rt_cmsis.o(i.sysMailFree)
    sysTimerTick                             0x080054ad   Thumb Code    84  rt_cmsis.o(i.sysTimerTick)
    tlsf_free                                0x08005509   Thumb Code    60  tlsf.o(i.tlsf_free)
    tlsf_malloc                              0x08005549   Thumb Code   100  tlsf.o(i.tlsf_malloc)
    vwm_clear_wnd_timer                      0x080055cd   Thumb Code    22  vmsgexec.o(i.vwm_clear_wnd_timer)
    vwm_create_timer                         0x080055e5   Thumb Code   110  vmsgexec.o(i.vwm_create_timer)
    vwm_delete_timer                         0x0800565d   Thumb Code    88  vmsgexec.o(i.vwm_delete_timer)
    vwm_find_timer_by_wnd                    0x080056b9   Thumb Code    20  vmsgexec.o(i.vwm_find_timer_by_wnd)
    vwm_send_message                         0x080056d1   Thumb Code    48  vmsgexec.o(i.vwm_send_message)
    vwm_start_timer                          0x08005701   Thumb Code    14  vmsgexec.o(i.vwm_start_timer)
    vwm_timer_init                           0x08005711   Thumb Code    12  vmsgexec.o(i.vwm_timer_init)
    AHBPrescTable                            0x08005737   Data          16  system_stm32f1xx.o(.constdata)
    APBPrescTable                            0x08005747   Data           8  system_stm32f1xx.o(.constdata)
    os_mailQ_def_msgexec_queue               0x08005750   Data          12  vmsgexec.o(.constdata)
    key_map                                  0x0800575c   Data          24  app.o(.constdata)
    os_mutex_def_DYNMemMutex                 0x08005790   Data           4  tlsf.o(.constdata)
    os_maxtaskrun                            0x08005c9a   Data           2  rtx_conf_cm.o(.constdata)
    os_stackinfo                             0x08005c9c   Data           4  rtx_conf_cm.o(.constdata)
    os_rrobin                                0x08005ca0   Data           4  rtx_conf_cm.o(.constdata)
    os_trv                                   0x08005ca4   Data           4  rtx_conf_cm.o(.constdata)
    os_flags                                 0x08005ca8   Data           1  rtx_conf_cm.o(.constdata)
    CMSIS_RTOS_API_Version                   0x08005cac   Data           4  rtx_conf_cm.o(.constdata)
    CMSIS_RTOS_RTX_Version                   0x08005cb0   Data           4  rtx_conf_cm.o(.constdata)
    os_clockrate                             0x08005cb4   Data           4  rtx_conf_cm.o(.constdata)
    os_timernum                              0x08005cb8   Data           4  rtx_conf_cm.o(.constdata)
    os_thread_def_main                       0x08005cbc   Data          16  rtx_conf_cm.o(.constdata)
    mp_tcb_size                              0x08005ccc   Data           2  rtx_conf_cm.o(.constdata)
    mp_stk_size                              0x08005cd0   Data           4  rtx_conf_cm.o(.constdata)
    os_stack_sz                              0x08005cd4   Data           4  rtx_conf_cm.o(.constdata)
    os_fifo_size                             0x08005cd8   Data           1  rtx_conf_cm.o(.constdata)
    os_thread_def_osTimerThread              0x08005cdc   Data          16  rtx_conf_cm.o(.constdata)
    os_messageQ_def_osTimerMessageQ          0x08005cec   Data           8  rtx_conf_cm.o(.constdata)
    mp_tmr_size                              0x08005cf4   Data           2  rtx_conf_cm.o(.constdata)
    Region$$Table$$Base                      0x08005d40   Number         0  anon$$obj.o(Region$$Table)
    Region$$Table$$Limit                     0x08005d60   Number         0  anon$$obj.o(Region$$Table)
    uwTickFreq                               0x20000000   Data           1  stm32f1xx_hal.o(.data)
    uwTickPrio                               0x20000004   Data           4  stm32f1xx_hal.o(.data)
    uwTick                                   0x20000008   Data           4  stm32f1xx_hal.o(.data)
    SystemCoreClock                          0x2000000c   Data           4  system_stm32f1xx.o(.data)
    os_mailQ_p_msgexec_queue                 0x20000010   Data           8  vmsgexec.o(.data)
    msgexec_queue_id                         0x20000018   Data           4  vmsgexec.o(.data)
    g_msg_exec                               0x2000001c   Data           8  vmsgexec.o(.data)
    gVTimer                                  0x20000024   Data           8  vmsgexec.o(.data)
    mp                                       0x20000030   Data           4  tlsf.o(.data)
    g_mp                                     0x20000034   Data           4  tlsf.o(.data)
    elog_assert_hook                         0x20000038   Data           4  elog.o(.data)
    m_tmr                                    0x2000006c   Data           4  rtx_conf_cm.o(.data)
    osThreadId_osTimerThread                 0x20000070   Data           4  rtx_conf_cm.o(.data)
    osMessageQId_osTimerMessageQ             0x20000074   Data           4  rtx_conf_cm.o(.data)
    os_initialized                           0x20000078   Data           1  rt_cmsis.o(.data)
    os_running                               0x20000079   Data           1  rt_cmsis.o(.data)
    os_timer_head                            0x2000007c   Data           4  rt_cmsis.o(.data)
    os_time                                  0x20000080   Data           4  rt_time.o(.data)
    os_tsk                                   0x20000084   Data           8  rt_task.o(.data)
    os_tick_irqn                             0x20000090   Data           4  rt_system.o(.data)
    dbg_msg                                  0x20000094   Data           1  hal_cm.o(.data)
    os_robin                                 0x20000098   Data           8  rt_robin.o(.data)
    __stdout                                 0x200000a0   Data           4  stdout.o(.data)
    htim4                                    0x200000a4   Data          72  main.o(.bss)
    huart1                                   0x200000ec   Data          72  main.o(.bss)
    huart3                                   0x20000134   Data          72  main.o(.bss)
    g_keyscan                                0x2000017c   Data          12  vkey.o(.bss)
    os_mailQ_q_msgexec_queue                 0x20000188   Data         272  vmsgexec.o(.bss)
    os_mailQ_m_msgexec_queue                 0x20000298   Data        1292  vmsgexec.o(.bss)
    g_app                                    0x200007a4   Data          16  app.o(.bss)
    os_mutex_cb_DYNMemMutex                  0x200007b4   Data          16  tlsf.o(.bss)
    os_messageQ_q_osTimerMessageQ            0x200070bc   Data          80  rtx_conf_cm.o(.bss)
    mp_tcb                                   0x2000710c   Data         324  rtx_conf_cm.o(.bss)
    mp_stk                                   0x20007250   Data        5136  rtx_conf_cm.o(.bss)
    os_stack_mem                             0x20008660   Data        1568  rtx_conf_cm.o(.bss)
    os_fifo                                  0x20008c80   Data         516  rtx_conf_cm.o(.bss)
    os_active_TCB                            0x20008e84   Data          24  rtx_conf_cm.o(.bss)
    os_idle_TCB                              0x20008e9c   Data          52  rt_task.o(.bss)
    os_rdy                                   0x20008ed0   Data          24  rt_list.o(.bss)
    os_dly                                   0x20008ee8   Data          24  rt_list.o(.bss)
    __initial_sp                             0x20009300   Data           0  startup_stm32f103xe.o(STACK)



==============================================================================

Memory Map of the image

  Image Entry point : 0x08000131

  Load Region LR_IROM1 (Base: 0x08000000, Size: 0x00005e04, Max: 0x00080000, ABSOLUTE)

    Execution Region ER_IROM1 (Exec base: 0x08000000, Load base: 0x08000000, Size: 0x00005d60, Max: 0x00080000, ABSOLUTE)

    Exec Addr    Load Addr    Size         Type   Attr      Idx    E Section Name        Object

    0x08000000   0x08000000   0x00000130   Data   RO            3    RESET               startup_stm32f103xe.o
    0x08000130   0x08000130   0x00000000   Code   RO         5034  * .ARM.Collect$$$$00000000  mc_w.l(entry.o)
    0x08000130   0x08000130   0x00000004   Code   RO         5320    .ARM.Collect$$$$00000001  mc_w.l(entry2.o)
    0x08000134   0x08000134   0x00000004   Code   RO         5323    .ARM.Collect$$$$00000004  mc_w.l(entry5.o)
    0x08000138   0x08000138   0x00000000   Code   RO         5325    .ARM.Collect$$$$00000008  mc_w.l(entry7b.o)
    0x08000138   0x08000138   0x00000000   Code   RO         5327    .ARM.Collect$$$$0000000A  mc_w.l(entry8b.o)
    0x08000138   0x08000138   0x00000004   Code   RO         5333    .ARM.Collect$$$$0000000E  mc_w.l(entry12b.o)
    0x0800013c   0x0800013c   0x00000000   Code   RO         5328    .ARM.Collect$$$$0000000F  mc_w.l(entry10a.o)
    0x0800013c   0x0800013c   0x00000000   Code   RO         5330    .ARM.Collect$$$$00000011  mc_w.l(entry11a.o)
    0x0800013c   0x0800013c   0x00000018   Code   RO         3765    .ARM.Collect$$$$000000FF  rtx_conf_cm.o
    0x08000154   0x08000154   0x00000004   Code   RO         5321    .ARM.Collect$$$$00002712  mc_w.l(entry2.o)
    0x08000158   0x08000158   0x00000130   Code   RO         5021    .emb_text           RTX_CM3.lib(hal_cm3.o)
    0x08000288   0x08000288   0x00000024   Code   RO            4    .text               startup_stm32f103xe.o
    0x080002ac   0x080002ac   0x00000062   Code   RO         5037    .text               mc_w.l(uldiv.o)
    0x0800030e   0x0800030e   0x00000020   Code   RO         5039    .text               mc_w.l(llushr.o)
    0x0800032e   0x0800032e   0x00000024   Code   RO         5043    .text               mc_w.l(memseta.o)
    0x08000352   0x08000352   0x00000024   Code   RO         5045    .text               mc_w.l(strstr.o)
    0x08000376   0x08000376   0x0000000e   Code   RO         5051    .text               mc_w.l(strlen.o)
    0x08000384   0x08000384   0x0000001e   Code   RO         5055    .text               mc_w.l(strncmp.o)
    0x080003a2   0x080003a2   0x0000002c   Code   RO         5335    .text               mc_w.l(uidiv.o)
    0x080003ce   0x080003ce   0x0000001e   Code   RO         5337    .text               mc_w.l(llshl.o)
    0x080003ec   0x080003ec   0x00000000   Code   RO         5339    .text               mc_w.l(iusefp.o)
    0x080003ec   0x080003ec   0x0000014e   Code   RO         5340    .text               mf_w.l(dadd.o)
    0x0800053a   0x0800053a   0x000000e4   Code   RO         5342    .text               mf_w.l(dmul.o)
    0x0800061e   0x0800061e   0x000000de   Code   RO         5344    .text               mf_w.l(ddiv.o)
    0x080006fc   0x080006fc   0x00000030   Code   RO         5346    .text               mf_w.l(dfixul.o)
    0x0800072c   0x0800072c   0x00000030   Code   RO         5348    .text               mf_w.l(cdrcmple.o)
    0x0800075c   0x0800075c   0x00000024   Code   RO         5350    .text               mc_w.l(init.o)
    0x08000780   0x08000780   0x00000024   Code   RO         5352    .text               mc_w.l(llsshr.o)
    0x080007a4   0x080007a4   0x000000ba   Code   RO         5354    .text               mf_w.l(depilogue.o)
    0x0800085e   0x0800085e   0x00000002   PAD
    0x08000860   0x08000860   0x00000004   Code   RO         5031    SVC_TABLE           RTX_CM3.lib(svc_table.o)
    0x08000864   0x08000864   0x00000002   Code   RO          193    i.BusFault_Handler  stm32f1xx_it.o
    0x08000866   0x08000866   0x00000002   PAD
    0x08000868   0x08000868   0x0000005c   Code   RO         3190    i.DHT11_Check       dht11.o
    0x080008c4   0x080008c4   0x00000020   Code   RO         3191    i.DHT11_IO_IN       dht11.o
    0x080008e4   0x080008e4   0x00000038   Code   RO         3192    i.DHT11_IO_OUT      dht11.o
    0x0800091c   0x0800091c   0x00000034   Code   RO         3193    i.DHT11_RST         dht11.o
    0x08000950   0x08000950   0x00000058   Code   RO         3194    i.DHT11_Read_Bit    dht11.o
    0x080009a8   0x080009a8   0x0000001a   Code   RO         3195    i.DHT11_Read_Byte   dht11.o
    0x080009c2   0x080009c2   0x00000050   Code   RO         3196    i.DHT11_Read_Data   dht11.o
    0x08000a12   0x08000a12   0x00000002   Code   RO          194    i.DebugMon_Handler  stm32f1xx_it.o
    0x08000a14   0x08000a14   0x00000028   Code   RO         3197    i.Delay_us          dht11.o
    0x08000a3c   0x08000a3c   0x00000046   Code   RO         1701    i.HAL_DMA_Abort     stm32f1xx_hal_dma.o
    0x08000a82   0x08000a82   0x00000002   PAD
    0x08000a84   0x08000a84   0x00000130   Code   RO         1702    i.HAL_DMA_Abort_IT  stm32f1xx_hal_dma.o
    0x08000bb4   0x08000bb4   0x00000024   Code   RO         1327    i.HAL_Delay         stm32f1xx_hal.o
    0x08000bd8   0x08000bd8   0x000001f8   Code   RO         1637    i.HAL_GPIO_Init     stm32f1xx_hal_gpio.o
    0x08000dd0   0x08000dd0   0x0000000a   Code   RO         1639    i.HAL_GPIO_ReadPin  stm32f1xx_hal_gpio.o
    0x08000dda   0x08000dda   0x00000010   Code   RO         1640    i.HAL_GPIO_TogglePin  stm32f1xx_hal_gpio.o
    0x08000dea   0x08000dea   0x0000000a   Code   RO         1641    i.HAL_GPIO_WritePin  stm32f1xx_hal_gpio.o
    0x08000df4   0x08000df4   0x0000000c   Code   RO         2728    i.HAL_GetTick       os_port.o
    0x08000e00   0x08000e00   0x00000024   Code   RO         1338    i.HAL_Init          stm32f1xx_hal.o
    0x08000e24   0x08000e24   0x00000040   Code   RO         1339    i.HAL_InitTick      stm32f1xx_hal.o
    0x08000e64   0x08000e64   0x00000048   Code   RO          263    i.HAL_MspInit       stm32f1xx_hal_msp.o
    0x08000eac   0x08000eac   0x0000001a   Code   RO         1797    i.HAL_NVIC_EnableIRQ  stm32f1xx_hal_cortex.o
    0x08000ec6   0x08000ec6   0x00000002   PAD
    0x08000ec8   0x08000ec8   0x00000040   Code   RO         1803    i.HAL_NVIC_SetPriority  stm32f1xx_hal_cortex.o
    0x08000f08   0x08000f08   0x00000024   Code   RO         1804    i.HAL_NVIC_SetPriorityGrouping  stm32f1xx_hal_cortex.o
    0x08000f2c   0x08000f2c   0x0000012c   Code   RO         1495    i.HAL_RCC_ClockConfig  stm32f1xx_hal_rcc.o
    0x08001058   0x08001058   0x00000020   Code   RO         1502    i.HAL_RCC_GetPCLK1Freq  stm32f1xx_hal_rcc.o
    0x08001078   0x08001078   0x00000020   Code   RO         1503    i.HAL_RCC_GetPCLK2Freq  stm32f1xx_hal_rcc.o
    0x08001098   0x08001098   0x0000004c   Code   RO         1504    i.HAL_RCC_GetSysClockFreq  stm32f1xx_hal_rcc.o
    0x080010e4   0x080010e4   0x00000320   Code   RO         1507    i.HAL_RCC_OscConfig  stm32f1xx_hal_rcc.o
    0x08001404   0x08001404   0x00000028   Code   RO         1808    i.HAL_SYSTICK_Config  stm32f1xx_hal_cortex.o
    0x0800142c   0x0800142c   0x0000007c   Code   RO         1072    i.HAL_TIMEx_MasterConfigSynchronization  stm32f1xx_hal_tim_ex.o
    0x080014a8   0x080014a8   0x0000005a   Code   RO          349    i.HAL_TIM_Base_Init  stm32f1xx_hal_tim.o
    0x08001502   0x08001502   0x00000002   PAD
    0x08001504   0x08001504   0x00000028   Code   RO          265    i.HAL_TIM_Base_MspInit  stm32f1xx_hal_msp.o
    0x0800152c   0x0800152c   0x00000064   Code   RO          352    i.HAL_TIM_Base_Start  stm32f1xx_hal_tim.o
    0x08001590   0x08001590   0x00000026   Code   RO          355    i.HAL_TIM_Base_Stop  stm32f1xx_hal_tim.o
    0x080015b6   0x080015b6   0x000000dc   Code   RO          358    i.HAL_TIM_ConfigClockSource  stm32f1xx_hal_tim.o
    0x08001692   0x08001692   0x00000002   Code   RO         2309    i.HAL_UARTEx_RxEventCallback  stm32f1xx_hal_uart.o
    0x08001694   0x08001694   0x00000002   Code   RO         2323    i.HAL_UART_ErrorCallback  stm32f1xx_hal_uart.o
    0x08001696   0x08001696   0x00000002   PAD
    0x08001698   0x08001698   0x0000026c   Code   RO         2326    i.HAL_UART_IRQHandler  stm32f1xx_hal_uart.o
    0x08001904   0x08001904   0x00000064   Code   RO         2327    i.HAL_UART_Init     stm32f1xx_hal_uart.o
    0x08001968   0x08001968   0x000000dc   Code   RO          267    i.HAL_UART_MspInit  stm32f1xx_hal_msp.o
    0x08001a44   0x08001a44   0x00000002   Code   RO         2333    i.HAL_UART_RxCpltCallback  stm32f1xx_hal_uart.o
    0x08001a46   0x08001a46   0x0000009a   Code   RO         2335    i.HAL_UART_Transmit  stm32f1xx_hal_uart.o
    0x08001ae0   0x08001ae0   0x00000002   Code   RO         2338    i.HAL_UART_TxCpltCallback  stm32f1xx_hal_uart.o
    0x08001ae2   0x08001ae2   0x00000002   Code   RO          195    i.HardFault_Handler  stm32f1xx_it.o
    0x08001ae4   0x08001ae4   0x0000002c   Code   RO         3297    i.MAPPING_INSERT    tlsf.o
    0x08001b10   0x08001b10   0x000000a8   Code   RO           14    i.MX_GPIO_Init      main.o
    0x08001bb8   0x08001bb8   0x00000068   Code   RO           15    i.MX_TIM4_Init      main.o
    0x08001c20   0x08001c20   0x00000002   Code   RO          196    i.MemManage_Handler  stm32f1xx_it.o
    0x08001c22   0x08001c22   0x00000002   Code   RO          197    i.NMI_Handler       stm32f1xx_it.o
    0x08001c24   0x08001c24   0x0000005e   Code   RO           16    i.SystemClock_Config  main.o
    0x08001c82   0x08001c82   0x00000002   Code   RO         2661    i.SystemInit        system_stm32f1xx.o
    0x08001c84   0x08001c84   0x0000008c   Code   RO          442    i.TIM_Base_SetConfig  stm32f1xx_hal_tim.o
    0x08001d10   0x08001d10   0x00000014   Code   RO          453    i.TIM_ETR_SetConfig  stm32f1xx_hal_tim.o
    0x08001d24   0x08001d24   0x00000010   Code   RO          454    i.TIM_ITRx_SetConfig  stm32f1xx_hal_tim.o
    0x08001d34   0x08001d34   0x00000022   Code   RO          460    i.TIM_TI1_ConfigInputStage  stm32f1xx_hal_tim.o
    0x08001d56   0x08001d56   0x00000024   Code   RO          462    i.TIM_TI2_ConfigInputStage  stm32f1xx_hal_tim.o
    0x08001d7a   0x08001d7a   0x00000010   Code   RO         2340    i.UART_DMAAbortOnError  stm32f1xx_hal_uart.o
    0x08001d8a   0x08001d8a   0x0000004e   Code   RO         2350    i.UART_EndRxTransfer  stm32f1xx_hal_uart.o
    0x08001dd8   0x08001dd8   0x000000c2   Code   RO         2352    i.UART_Receive_IT   stm32f1xx_hal_uart.o
    0x08001e9a   0x08001e9a   0x00000002   PAD
    0x08001e9c   0x08001e9c   0x000000b8   Code   RO         2353    i.UART_SetConfig    stm32f1xx_hal_uart.o
    0x08001f54   0x08001f54   0x00000078   Code   RO         2356    i.UART_WaitOnFlagUntilTimeout  stm32f1xx_hal_uart.o
    0x08001fcc   0x08001fcc   0x0000000c   Code   RO          198    i.USART1_IRQHandler  stm32f1xx_it.o
    0x08001fd8   0x08001fd8   0x0000000c   Code   RO          199    i.USART3_IRQHandler  stm32f1xx_it.o
    0x08001fe4   0x08001fe4   0x00000002   Code   RO          200    i.UsageFault_Handler  stm32f1xx_it.o
    0x08001fe6   0x08001fe6   0x00000002   PAD
    0x08001fe8   0x08001fe8   0x00000020   Code   RO         5292    i.__0printf         mc_w.l(printfa.o)
    0x08002008   0x08002008   0x00000034   Code   RO         5293    i.__0snprintf       mc_w.l(printfa.o)
    0x0800203c   0x0800203c   0x00000034   Code   RO         5297    i.__0vsnprintf      mc_w.l(printfa.o)
    0x08002070   0x08002070   0x00000020   Code   RO         1810    i.__NVIC_SetPriority  stm32f1xx_hal_cortex.o
    0x08002090   0x08002090   0x0000000e   Code   RO         5358    i.__scatterload_copy  mc_w.l(handlers.o)
    0x0800209e   0x0800209e   0x00000002   Code   RO         5359    i.__scatterload_null  mc_w.l(handlers.o)
    0x080020a0   0x080020a0   0x0000000e   Code   RO         5360    i.__scatterload_zeroinit  mc_w.l(handlers.o)
    0x080020ae   0x080020ae   0x00000002   PAD
    0x080020b0   0x080020b0   0x00000184   Code   RO         5299    i._fp_digits        mc_w.l(printfa.o)
    0x08002234   0x08002234   0x00000046   Code   RO         4899    i._init_box         RTX_CM3.lib(rt_membox.o)
    0x0800227a   0x0800227a   0x00000002   PAD
    0x0800227c   0x0800227c   0x000006b4   Code   RO         5300    i._printf_core      mc_w.l(printfa.o)
    0x08002930   0x08002930   0x00000024   Code   RO         5301    i._printf_post_padding  mc_w.l(printfa.o)
    0x08002954   0x08002954   0x0000002e   Code   RO         5302    i._printf_pre_padding  mc_w.l(printfa.o)
    0x08002982   0x08002982   0x00000016   Code   RO         5303    i._snputc           mc_w.l(printfa.o)
    0x08002998   0x08002998   0x00000218   Code   RO         3260    i.app_dlgcallback   app.o
    0x08002bb0   0x08002bb0   0x000000c4   Code   RO         3261    i.app_init          app.o
    0x08002c74   0x08002c74   0x00000018   Code   RO         3300    i.clear_bit         tlsf.o
    0x08002c8c   0x08002c8c   0x00000030   Code   RO         4952    i.dbg_init          RTX_CM3.lib(hal_cm.o)
    0x08002cbc   0x08002cbc   0x00000020   Code   RO         4953    i.dbg_task_notify   RTX_CM3.lib(hal_cm.o)
    0x08002cdc   0x08002cdc   0x00000010   Code   RO         4954    i.dbg_task_switch   RTX_CM3.lib(hal_cm.o)
    0x08002cec   0x08002cec   0x00000010   Code   RO         3302    i.dm_init           tlsf.o
    0x08002cfc   0x08002cfc   0x000000ec   Code   RO         3449    i.elog_get_filter_tag_lvl  elog.o
    0x08002de8   0x08002de8   0x00000068   Code   RO         3453    i.elog_init         elog.o
    0x08002e50   0x08002e50   0x00000370   Code   RO         3454    i.elog_output       elog.o
    0x080031c0   0x080031c0   0x00000020   Code   RO         3455    i.elog_output_lock  elog.o
    0x080031e0   0x080031e0   0x0000002c   Code   RO         3456    i.elog_output_lock_enabled  elog.o
    0x0800320c   0x0800320c   0x00000020   Code   RO         3457    i.elog_output_unlock  elog.o
    0x0800322c   0x0800322c   0x00000008   Code   RO         3649    i.elog_port_get_p_info  elog_port.o
    0x08003234   0x08003234   0x00000008   Code   RO         3650    i.elog_port_get_t_info  elog_port.o
    0x0800323c   0x0800323c   0x00000002   Code   RO         3651    i.elog_port_get_time  elog_port.o
    0x0800323e   0x0800323e   0x00000004   Code   RO         3652    i.elog_port_init    elog_port.o
    0x08003242   0x08003242   0x00000002   PAD
    0x08003244   0x08003244   0x00000010   Code   RO         3653    i.elog_port_output  elog_port.o
    0x08003254   0x08003254   0x00000002   Code   RO         3654    i.elog_port_output_lock  elog_port.o
    0x08003256   0x08003256   0x00000002   Code   RO         3655    i.elog_port_output_unlock  elog_port.o
    0x08003258   0x08003258   0x000000b0   Code   RO         3461    i.elog_set_filter_lvl  elog.o
    0x08003308   0x08003308   0x000000b8   Code   RO         3464    i.elog_set_fmt      elog.o
    0x080033c0   0x080033c0   0x00000088   Code   RO         3467    i.elog_start        elog.o
    0x08003448   0x08003448   0x000000f0   Code   RO         3625    i.elog_strcpy       elog_utils.o
    0x08003538   0x08003538   0x00000018   Code   RO           17    i.fputc             main.o
    0x08003550   0x08003550   0x00000180   Code   RO         3303    i.free_ex           tlsf.o
    0x080036d0   0x080036d0   0x000000c0   Code   RO         3469    i.get_fmt_enabled   elog.o
    0x08003790   0x08003790   0x00000108   Code   RO         3306    i.init_memory_pool  tlsf.o
    0x08003898   0x08003898   0x0000002a   Code   RO         3826    i.isrMessageGet     RTX_CM3.lib(rt_cmsis.o)
    0x080038c2   0x080038c2   0x0000002c   Code   RO         3827    i.isrMessagePut     RTX_CM3.lib(rt_cmsis.o)
    0x080038ee   0x080038ee   0x00000002   PAD
    0x080038f0   0x080038f0   0x00000056   Code   RO         4778    i.isr_mbx_receive   RTX_CM3.lib(rt_mailbox.o)
    0x08003946   0x08003946   0x0000000e   Code   RO         4779    i.isr_mbx_send      RTX_CM3.lib(rt_mailbox.o)
    0x08003954   0x08003954   0x00000018   Code   RO         2930    i.key_scan__getkeystate  vkey.o
    0x0800396c   0x0800396c   0x00000074   Code   RO         2931    i.key_scan__init    vkey.o
    0x080039e0   0x080039e0   0x00000058   Code   RO         2932    i.key_scan__scan    vkey.o
    0x08003a38   0x08003a38   0x00000034   Code   RO         3307    i.ls_bit            tlsf.o
    0x08003a6c   0x08003a6c   0x00000108   Code   RO           18    i.main              main.o
    0x08003b74   0x08003b74   0x00000180   Code   RO         3308    i.malloc_ex         tlsf.o
    0x08003cf4   0x08003cf4   0x00000030   Code   RO         3309    i.ms_bit            tlsf.o
    0x08003d24   0x08003d24   0x00000010   Code   RO         3035    i.msgexec_alloc_message  vmsgexec.o
    0x08003d34   0x08003d34   0x0000005c   Code   RO         3036    i.msgexec_create_module  vmsgexec.o
    0x08003d90   0x08003d90   0x00000040   Code   RO         3037    i.msgexec_exec      vmsgexec.o
    0x08003dd0   0x08003dd0   0x0000005c   Code   RO         3038    i.msgexec_free_module  vmsgexec.o
    0x08003e2c   0x08003e2c   0x00000020   Code   RO         3041    i.msgexec_init      vmsgexec.o
    0x08003e4c   0x08003e4c   0x00000014   Code   RO         3042    i.msgexec_put_message  vmsgexec.o
    0x08003e60   0x08003e60   0x00000024   Code   RO         3831    i.osKernelInitialize  RTX_CM3.lib(rt_cmsis.o)
    0x08003e84   0x08003e84   0x0000006c   Code   RO         3833    i.osKernelStart     RTX_CM3.lib(rt_cmsis.o)
    0x08003ef0   0x08003ef0   0x00000030   Code   RO         3836    i.osMailCAlloc      RTX_CM3.lib(rt_cmsis.o)
    0x08003f20   0x08003f20   0x0000002c   Code   RO         3837    i.osMailCreate      RTX_CM3.lib(rt_cmsis.o)
    0x08003f4c   0x08003f4c   0x0000001c   Code   RO         3838    i.osMailFree        RTX_CM3.lib(rt_cmsis.o)
    0x08003f68   0x08003f68   0x00000016   Code   RO         3839    i.osMailGet         RTX_CM3.lib(rt_cmsis.o)
    0x08003f7e   0x08003f7e   0x00000014   Code   RO         3840    i.osMailPut         RTX_CM3.lib(rt_cmsis.o)
    0x08003f92   0x08003f92   0x00000002   PAD
    0x08003f94   0x08003f94   0x00000018   Code   RO         3842    i.osMessageGet      RTX_CM3.lib(rt_cmsis.o)
    0x08003fac   0x08003fac   0x00000018   Code   RO         3843    i.osMessagePut      RTX_CM3.lib(rt_cmsis.o)
    0x08003fc4   0x08003fc4   0x0000002c   Code   RO         3844    i.osMutexCreate     RTX_CM3.lib(rt_cmsis.o)
    0x08003ff0   0x08003ff0   0x00000018   Code   RO         3846    i.osMutexRelease    RTX_CM3.lib(rt_cmsis.o)
    0x08004008   0x08004008   0x00000018   Code   RO         3847    i.osMutexWait       RTX_CM3.lib(rt_cmsis.o)
    0x08004020   0x08004020   0x0000002c   Code   RO         3859    i.osThreadCreate    RTX_CM3.lib(rt_cmsis.o)
    0x0800404c   0x0800404c   0x00000018   Code   RO         3860    i.osThreadExit      RTX_CM3.lib(rt_cmsis.o)
    0x08004064   0x08004064   0x0000000c   Code   RO         3866    i.osTimerCall       RTX_CM3.lib(rt_cmsis.o)
    0x08004070   0x08004070   0x0000002c   Code   RO         3867    i.osTimerCreate     RTX_CM3.lib(rt_cmsis.o)
    0x0800409c   0x0800409c   0x00000018   Code   RO         3868    i.osTimerDelete     RTX_CM3.lib(rt_cmsis.o)
    0x080040b4   0x080040b4   0x00000018   Code   RO         3869    i.osTimerStart      RTX_CM3.lib(rt_cmsis.o)
    0x080040cc   0x080040cc   0x0000002c   Code   RO         3871    i.osTimerThread     RTX_CM3.lib(rt_cmsis.o)
    0x080040f8   0x080040f8   0x00000002   Code   RO         3766    i.os_error          rtx_conf_cm.o
    0x080040fa   0x080040fa   0x00000002   Code   RO         3767    i.os_idle_demon     rtx_conf_cm.o
    0x080040fc   0x080040fc   0x00000028   Code   RO         4566    i.os_tick_init      RTX_CM3.lib(rt_system.o)
    0x08004124   0x08004124   0x00000002   Code   RO         4567    i.os_tick_irqack    RTX_CM3.lib(rt_system.o)
    0x08004126   0x08004126   0x0000002e   Code   RO         3043    i.ostimer_callback  vmsgexec.o
    0x08004154   0x08004154   0x0000002c   Code   RO         3310    i.process_area      tlsf.o
    0x08004180   0x08004180   0x0000001a   Code   RO         4900    i.rt_alloc_box      RTX_CM3.lib(rt_membox.o)
    0x0800419a   0x0800419a   0x0000003e   Code   RO         4928    i.rt_alloc_mem      RTX_CM3.lib(rt_memory.o)
    0x080041d8   0x080041d8   0x00000038   Code   RO         4481    i.rt_block          RTX_CM3.lib(rt_task.o)
    0x08004210   0x08004210   0x00000048   Code   RO         5000    i.rt_chk_robin      RTX_CM3.lib(rt_robin.o)
    0x08004258   0x08004258   0x00000018   Code   RO         3875    i.rt_clr_box        RTX_CM3.lib(rt_cmsis.o)
    0x08004270   0x08004270   0x00000070   Code   RO         4702    i.rt_dec_dly        RTX_CM3.lib(rt_list.o)
    0x080042e0   0x080042e0   0x00000044   Code   RO         4482    i.rt_dispatch       RTX_CM3.lib(rt_task.o)
    0x08004324   0x08004324   0x00000050   Code   RO         4659    i.rt_evt_psh        RTX_CM3.lib(rt_event.o)
    0x08004374   0x08004374   0x0000002c   Code   RO         4901    i.rt_free_box       RTX_CM3.lib(rt_membox.o)
    0x080043a0   0x080043a0   0x00000028   Code   RO         4929    i.rt_free_mem       RTX_CM3.lib(rt_memory.o)
    0x080043c8   0x080043c8   0x00000028   Code   RO         4703    i.rt_get_first      RTX_CM3.lib(rt_list.o)
    0x080043f0   0x080043f0   0x00000008   Code   RO         3876    i.rt_id2obj         RTX_CM3.lib(rt_cmsis.o)
    0x080043f8   0x080043f8   0x00000048   Code   RO         4483    i.rt_init_context   RTX_CM3.lib(rt_task.o)
    0x08004440   0x08004440   0x0000001a   Code   RO         4930    i.rt_init_mem       RTX_CM3.lib(rt_memory.o)
    0x0800445a   0x0800445a   0x00000002   PAD
    0x0800445c   0x0800445c   0x00000018   Code   RO         5001    i.rt_init_robin     RTX_CM3.lib(rt_robin.o)
    0x08004474   0x08004474   0x00000080   Code   RO         4955    i.rt_init_stack     RTX_CM3.lib(hal_cm.o)
    0x080044f4   0x080044f4   0x00000008   Code   RO         4780    i.rt_mbx_check      RTX_CM3.lib(rt_mailbox.o)
    0x080044fc   0x080044fc   0x0000001a   Code   RO         4781    i.rt_mbx_init       RTX_CM3.lib(rt_mailbox.o)
    0x08004516   0x08004516   0x00000002   PAD
    0x08004518   0x08004518   0x000000f0   Code   RO         4782    i.rt_mbx_psh        RTX_CM3.lib(rt_mailbox.o)
    0x08004608   0x08004608   0x00000098   Code   RO         4783    i.rt_mbx_send       RTX_CM3.lib(rt_mailbox.o)
    0x080046a0   0x080046a0   0x000000b4   Code   RO         4784    i.rt_mbx_wait       RTX_CM3.lib(rt_mailbox.o)
    0x08004754   0x08004754   0x00000044   Code   RO         3877    i.rt_ms2tick        RTX_CM3.lib(rt_cmsis.o)
    0x08004798   0x08004798   0x00000010   Code   RO         4869    i.rt_mut_init       RTX_CM3.lib(rt_mutex.o)
    0x080047a8   0x080047a8   0x000000d8   Code   RO         4870    i.rt_mut_release    RTX_CM3.lib(rt_mutex.o)
    0x08004880   0x08004880   0x00000078   Code   RO         4871    i.rt_mut_wait       RTX_CM3.lib(rt_mutex.o)
    0x080048f8   0x080048f8   0x0000007c   Code   RO         4570    i.rt_pop_req        RTX_CM3.lib(rt_system.o)
    0x08004974   0x08004974   0x00000020   Code   RO         4571    i.rt_psh_req        RTX_CM3.lib(rt_system.o)
    0x08004994   0x08004994   0x0000005c   Code   RO         4705    i.rt_psq_enq        RTX_CM3.lib(rt_list.o)
    0x080049f0   0x080049f0   0x00000048   Code   RO         4706    i.rt_put_dly        RTX_CM3.lib(rt_list.o)
    0x08004a38   0x08004a38   0x00000036   Code   RO         4707    i.rt_put_prio       RTX_CM3.lib(rt_list.o)
    0x08004a6e   0x08004a6e   0x00000002   PAD
    0x08004a70   0x08004a70   0x00000014   Code   RO         4708    i.rt_put_rdy_first  RTX_CM3.lib(rt_list.o)
    0x08004a84   0x08004a84   0x00000034   Code   RO         4709    i.rt_resort_prio    RTX_CM3.lib(rt_list.o)
    0x08004ab8   0x08004ab8   0x00000006   Code   RO         4956    i.rt_ret_val        RTX_CM3.lib(hal_cm.o)
    0x08004abe   0x08004abe   0x00000008   Code   RO         4957    i.rt_ret_val2       RTX_CM3.lib(hal_cm.o)
    0x08004ac6   0x08004ac6   0x00000028   Code   RO         4710    i.rt_rmv_dly        RTX_CM3.lib(rt_list.o)
    0x08004aee   0x08004aee   0x00000002   PAD
    0x08004af0   0x08004af0   0x00000030   Code   RO         4711    i.rt_rmv_list       RTX_CM3.lib(rt_list.o)
    0x08004b20   0x08004b20   0x00000034   Code   RO         4829    i.rt_sem_psh        RTX_CM3.lib(rt_semaphore.o)
    0x08004b54   0x08004b54   0x00000024   Code   RO         4573    i.rt_stk_check      RTX_CM3.lib(rt_system.o)
    0x08004b78   0x08004b78   0x00000028   Code   RO         4484    i.rt_switch_req     RTX_CM3.lib(rt_task.o)
    0x08004ba0   0x08004ba0   0x000000cc   Code   RO         4485    i.rt_sys_init       RTX_CM3.lib(rt_task.o)
    0x08004c6c   0x08004c6c   0x00000078   Code   RO         4486    i.rt_sys_start      RTX_CM3.lib(rt_task.o)
    0x08004ce4   0x08004ce4   0x00000040   Code   RO         4575    i.rt_systick        RTX_CM3.lib(rt_system.o)
    0x08004d24   0x08004d24   0x00000012   Code   RO         3878    i.rt_tid2ptcb       RTX_CM3.lib(rt_cmsis.o)
    0x08004d36   0x08004d36   0x00000002   PAD
    0x08004d38   0x08004d38   0x00000034   Code   RO         3879    i.rt_timer_insert   RTX_CM3.lib(rt_cmsis.o)
    0x08004d6c   0x08004d6c   0x0000003c   Code   RO         3880    i.rt_timer_remove   RTX_CM3.lib(rt_cmsis.o)
    0x08004da8   0x08004da8   0x00000088   Code   RO         4487    i.rt_tsk_create     RTX_CM3.lib(rt_task.o)
    0x08004e30   0x08004e30   0x0000017c   Code   RO         4488    i.rt_tsk_delete     RTX_CM3.lib(rt_task.o)
    0x08004fac   0x08004fac   0x0000007c   Code   RO         4490    i.rt_tsk_prio       RTX_CM3.lib(rt_task.o)
    0x08005028   0x08005028   0x00000010   Code   RO         4491    i.rt_tsk_self       RTX_CM3.lib(rt_task.o)
    0x08005038   0x08005038   0x00000018   Code   RO         3312    i.set_bit           tlsf.o
    0x08005050   0x08005050   0x00000070   Code   RO         3882    i.svcKernelInitialize  RTX_CM3.lib(rt_cmsis.o)
    0x080050c0   0x080050c0   0x00000048   Code   RO         3884    i.svcKernelStart    RTX_CM3.lib(rt_cmsis.o)
    0x08005108   0x08005108   0x00000042   Code   RO         3886    i.svcMailCreate     RTX_CM3.lib(rt_cmsis.o)
    0x0800514a   0x0800514a   0x00000024   Code   RO         3887    i.svcMessageCreate  RTX_CM3.lib(rt_cmsis.o)
    0x0800516e   0x0800516e   0x0000003a   Code   RO         3888    i.svcMessageGet     RTX_CM3.lib(rt_cmsis.o)
    0x080051a8   0x080051a8   0x00000036   Code   RO         3889    i.svcMessagePut     RTX_CM3.lib(rt_cmsis.o)
    0x080051de   0x080051de   0x0000001c   Code   RO         3890    i.svcMutexCreate    RTX_CM3.lib(rt_cmsis.o)
    0x080051fa   0x080051fa   0x00000022   Code   RO         3892    i.svcMutexRelease   RTX_CM3.lib(rt_cmsis.o)
    0x0800521c   0x0800521c   0x0000003a   Code   RO         3893    i.svcMutexWait      RTX_CM3.lib(rt_cmsis.o)
    0x08005256   0x08005256   0x00000002   PAD
    0x08005258   0x08005258   0x0000006c   Code   RO         3902    i.svcThreadCreate   RTX_CM3.lib(rt_cmsis.o)
    0x080052c4   0x080052c4   0x0000001c   Code   RO         3903    i.svcThreadGetId    RTX_CM3.lib(rt_cmsis.o)
    0x080052e0   0x080052e0   0x00000038   Code   RO         3906    i.svcThreadTerminate  RTX_CM3.lib(rt_cmsis.o)
    0x08005318   0x08005318   0x00000018   Code   RO         3908    i.svcTimerCall      RTX_CM3.lib(rt_cmsis.o)
    0x08005330   0x08005330   0x00000038   Code   RO         3909    i.svcTimerCreate    RTX_CM3.lib(rt_cmsis.o)
    0x08005368   0x08005368   0x00000028   Code   RO         3910    i.svcTimerDelete    RTX_CM3.lib(rt_cmsis.o)
    0x08005390   0x08005390   0x00000064   Code   RO         3911    i.svcTimerStart     RTX_CM3.lib(rt_cmsis.o)
    0x080053f4   0x080053f4   0x00000058   Code   RO         3913    i.sysMailAlloc      RTX_CM3.lib(rt_cmsis.o)
    0x0800544c   0x0800544c   0x00000060   Code   RO         3914    i.sysMailFree       RTX_CM3.lib(rt_cmsis.o)
    0x080054ac   0x080054ac   0x0000005c   Code   RO         3917    i.sysTimerTick      RTX_CM3.lib(rt_cmsis.o)
    0x08005508   0x08005508   0x00000040   Code   RO         3314    i.tlsf_free         tlsf.o
    0x08005548   0x08005548   0x00000084   Code   RO         3315    i.tlsf_malloc       tlsf.o
    0x080055cc   0x080055cc   0x00000016   Code   RO         3046    i.vwm_clear_wnd_timer  vmsgexec.o
    0x080055e2   0x080055e2   0x00000002   PAD
    0x080055e4   0x080055e4   0x00000078   Code   RO         3047    i.vwm_create_timer  vmsgexec.o
    0x0800565c   0x0800565c   0x0000005c   Code   RO         3049    i.vwm_delete_timer  vmsgexec.o
    0x080056b8   0x080056b8   0x00000018   Code   RO         3050    i.vwm_find_timer_by_wnd  vmsgexec.o
    0x080056d0   0x080056d0   0x00000030   Code   RO         3052    i.vwm_send_message  vmsgexec.o
    0x08005700   0x08005700   0x0000000e   Code   RO         3055    i.vwm_start_timer   vmsgexec.o
    0x0800570e   0x0800570e   0x00000002   PAD
    0x08005710   0x08005710   0x00000010   Code   RO         3056    i.vwm_timer_init    vmsgexec.o
    0x08005720   0x08005720   0x00000005   Data   RO           20    .constdata          main.o
    0x08005725   0x08005725   0x00000012   Data   RO         1508    .constdata          stm32f1xx_hal_rcc.o
    0x08005737   0x08005737   0x00000010   Data   RO         2662    .constdata          system_stm32f1xx.o
    0x08005747   0x08005747   0x00000008   Data   RO         2663    .constdata          system_stm32f1xx.o
    0x0800574f   0x0800574f   0x00000001   PAD
    0x08005750   0x08005750   0x0000000c   Data   RO         3060    .constdata          vmsgexec.o
    0x0800575c   0x0800575c   0x00000031   Data   RO         3263    .constdata          app.o
    0x0800578d   0x0800578d   0x00000003   PAD
    0x08005790   0x08005790   0x00000404   Data   RO         3319    .constdata          tlsf.o
    0x08005b94   0x08005b94   0x000000e2   Data   RO         3471    .constdata          elog.o
    0x08005c76   0x08005c76   0x00000023   Data   RO         3626    .constdata          elog_utils.o
    0x08005c99   0x08005c99   0x00000001   PAD
    0x08005c9a   0x08005c9a   0x00000002   Data   RO         3774    .constdata          rtx_conf_cm.o
    0x08005c9c   0x08005c9c   0x00000004   Data   RO         3775    .constdata          rtx_conf_cm.o
    0x08005ca0   0x08005ca0   0x00000004   Data   RO         3776    .constdata          rtx_conf_cm.o
    0x08005ca4   0x08005ca4   0x00000004   Data   RO         3780    .constdata          rtx_conf_cm.o
    0x08005ca8   0x08005ca8   0x00000001   Data   RO         3781    .constdata          rtx_conf_cm.o
    0x08005ca9   0x08005ca9   0x00000003   PAD
    0x08005cac   0x08005cac   0x00000020   Data   RO         3782    .constdata          rtx_conf_cm.o
    0x08005ccc   0x08005ccc   0x00000002   Data   RO         3783    .constdata          rtx_conf_cm.o
    0x08005cce   0x08005cce   0x00000002   PAD
    0x08005cd0   0x08005cd0   0x00000004   Data   RO         3784    .constdata          rtx_conf_cm.o
    0x08005cd4   0x08005cd4   0x00000004   Data   RO         3785    .constdata          rtx_conf_cm.o
    0x08005cd8   0x08005cd8   0x00000001   Data   RO         3786    .constdata          rtx_conf_cm.o
    0x08005cd9   0x08005cd9   0x00000003   PAD
    0x08005cdc   0x08005cdc   0x00000010   Data   RO         3787    .constdata          rtx_conf_cm.o
    0x08005cec   0x08005cec   0x00000008   Data   RO         3788    .constdata          rtx_conf_cm.o
    0x08005cf4   0x08005cf4   0x00000002   Data   RO         3789    .constdata          rtx_conf_cm.o
    0x08005cf6   0x08005cf6   0x00000002   PAD
    0x08005cf8   0x08005cf8   0x00000047   Data   RO         3472    .conststring        elog.o
    0x08005d3f   0x08005d3f   0x00000001   PAD
    0x08005d40   0x08005d40   0x00000020   Data   RO         5356    Region$$Table       anon$$obj.o


    Execution Region RW_IRAM1 (Exec base: 0x20000000, Load base: 0x08005d60, Size: 0x00009300, Max: 0x00010000, ABSOLUTE)

    Exec Addr    Load Addr    Size         Type   Attr      Idx    E Section Name        Object

    0x20000000   0x08005d60   0x0000000c   Data   RW         1345    .data               stm32f1xx_hal.o
    0x2000000c   0x08005d6c   0x00000004   Data   RW         2664    .data               system_stm32f1xx.o
    0x20000010   0x08005d70   0x00000008   Data   RW         3062    .data               vmsgexec.o
    0x20000018   0x08005d78   0x00000014   Data   RW         3063    .data               vmsgexec.o
    0x2000002c   0x08005d8c   0x0000000c   Data   RW         3320    .data               tlsf.o
    0x20000038   0x08005d98   0x00000034   Data   RW         3473    .data               elog.o
    0x2000006c   0x08005dcc   0x00000004   Data   RW         3791    .data               rtx_conf_cm.o
    0x20000070   0x08005dd0   0x00000004   Data   RW         3792    .data               rtx_conf_cm.o
    0x20000074   0x08005dd4   0x00000004   Data   RW         3793    .data               rtx_conf_cm.o
    0x20000078   0x08005dd8   0x00000008   Data   RW         3920    .data               RTX_CM3.lib(rt_cmsis.o)
    0x20000080   0x08005de0   0x00000004   Data   RW         4452    .data               RTX_CM3.lib(rt_time.o)
    0x20000084   0x08005de4   0x00000008   Data   RW         4493    .data               RTX_CM3.lib(rt_task.o)
    0x2000008c   0x08005dec   0x00000008   Data   RW         4578    .data               RTX_CM3.lib(rt_system.o)
    0x20000094   0x08005df4   0x00000001   Data   RW         4958    .data               RTX_CM3.lib(hal_cm.o)
    0x20000095   0x08005df5   0x00000003   PAD
    0x20000098   0x08005df8   0x00000008   Data   RW         5002    .data               RTX_CM3.lib(rt_robin.o)
    0x200000a0   0x08005e00   0x00000004   Data   RW         5334    .data               mc_w.l(stdout.o)
    0x200000a4        -       0x000000d8   Zero   RW           19    .bss                main.o
    0x2000017c        -       0x0000000c   Zero   RW         2933    .bss                vkey.o
    0x20000188        -       0x00000110   Zero   RW         3057    .bss                vmsgexec.o
    0x20000298        -       0x0000050c   Zero   RW         3058    .bss                vmsgexec.o
    0x200007a4        -       0x00000010   Zero   RW         3262    .bss                app.o
    0x200007b4        -       0x00000010   Zero   RW         3317    .bss                tlsf.o
    0x200007c4        -       0x00006400   Zero   RW         3318    .bss                tlsf.o
    0x20006bc4        -       0x000004f8   Zero   RW         3470    .bss                elog.o
    0x200070bc        -       0x00000050   Zero   RW         3768    .bss                rtx_conf_cm.o
    0x2000710c        -       0x00000144   Zero   RW         3769    .bss                rtx_conf_cm.o
    0x20007250        -       0x00001410   Zero   RW         3770    .bss                rtx_conf_cm.o
    0x20008660        -       0x00000620   Zero   RW         3771    .bss                rtx_conf_cm.o
    0x20008c80        -       0x00000204   Zero   RW         3772    .bss                rtx_conf_cm.o
    0x20008e84        -       0x00000018   Zero   RW         3773    .bss                rtx_conf_cm.o
    0x20008e9c        -       0x00000034   Zero   RW         4492    .bss                RTX_CM3.lib(rt_task.o)
    0x20008ed0        -       0x00000030   Zero   RW         4712    .bss                RTX_CM3.lib(rt_list.o)
    0x20008f00        -       0x00000400   Zero   RW            1    STACK               startup_stm32f103xe.o


==============================================================================

Image component sizes


      Code (inc. data)   RO Data    RW Data    ZI Data      Debug   Object Name

       732        296         49          0         16       2101   app.o
         0          0          0          0          0       1352   bsp.o
       466         26          0          0          0       4589   dht11.o
      2016        714        297         52       1272      15717   elog.o
        42         16          0          0          0       3209   elog_port.o
       240         92         35          0          0       2633   elog_utils.o
       654        104          5          0        216     498551   main.o
        12          6          0          0          0        410   os_port.o
        28          6         84         12       7648       7576   rtx_conf_cm.o
        36          8        304          0       1024        784   startup_stm32f103xe.o
       136         18          0         12          0       5409   stm32f1xx_hal.o
       198         14          0          0          0      28815   stm32f1xx_hal_cortex.o
       374          8          0          0          0       1775   stm32f1xx_hal_dma.o
       540         42          0          0          0       4048   stm32f1xx_hal_gpio.o
       332         40          0          0          0       2184   stm32f1xx_hal_msp.o
      1240         84         18          0          0       4992   stm32f1xx_hal_rcc.o
       694         42          0          0          0       7128   stm32f1xx_hal_tim.o
       124         20          0          0          0       1316   stm32f1xx_hal_tim_ex.o
      1474         10          0          0          0       9764   stm32f1xx_hal_uart.o
        36         12          0          0          0       3297   stm32f1xx_it.o
         2          0         24          4          0       1059   system_stm32f1xx.o
      1480        178       1028         12      25616      40839   tlsf.o
       228         14          0          0         12       3386   vkey.o
       698         58         12         28       1564       9366   vmsgexec.o

    ----------------------------------------------------------------------
     11802       1808       1904        120      37368     660300   Object Totals
         0          0         32          0          0          0   (incl. Generated)
        20          0         16          0          0          0   (incl. Padding)

    ----------------------------------------------------------------------

      Code (inc. data)   RO Data    RW Data    ZI Data      Debug   Library Member Name

       238         24          0          1          0       3244   hal_cm.o
       304         36          0          0          0        756   hal_cm3.o
      2184        218          0          8          0      48234   rt_cmsis.o
        80          4          0          0          0        649   rt_event.o
       530         34          0          0         48       8157   rt_list.o
       706         14          0          0          0       4719   rt_mailbox.o
       140          0          0          0          0       1889   rt_membox.o
       128          0          0          0          0       2267   rt_memory.o
       352         14          0          0          0       2073   rt_mutex.o
        96         22          0          8          0       1134   rt_robin.o
        52          4          0          0          0        565   rt_semaphore.o
       298         52          0          8          0       6139   rt_system.o
      1216        174          0          8         52       9537   rt_task.o
         0          0          0          4          0        206   rt_time.o
         4          4          0          0          0        196   svc_table.o
         0          0          0          0          0          0   entry.o
         0          0          0          0          0          0   entry10a.o
         0          0          0          0          0          0   entry11a.o
         4          0          0          0          0          0   entry12b.o
         8          4          0          0          0          0   entry2.o
         4          0          0          0          0          0   entry5.o
         0          0          0          0          0          0   entry7b.o
         0          0          0          0          0          0   entry8b.o
        30          0          0          0          0          0   handlers.o
        36          8          0          0          0         68   init.o
         0          0          0          0          0          0   iusefp.o
        30          0          0          0          0         68   llshl.o
        36          0          0          0          0         68   llsshr.o
        32          0          0          0          0         68   llushr.o
        36          0          0          0          0        108   memseta.o
      2344        100          0          0          0        700   printfa.o
         0          0          0          4          0          0   stdout.o
        14          0          0          0          0         68   strlen.o
        30          0          0          0          0         80   strncmp.o
        36          0          0          0          0         80   strstr.o
        44          0          0          0          0         80   uidiv.o
        98          0          0          0          0         92   uldiv.o
        48          0          0          0          0         68   cdrcmple.o
       334          0          0          0          0        148   dadd.o
       222          0          0          0          0        100   ddiv.o
       186          0          0          0          0        176   depilogue.o
        48          0          0          0          0         68   dfixul.o
       228          0          0          0          0         96   dmul.o

    ----------------------------------------------------------------------
     10198        712          0         44        100      91901   Library Totals
        22          0          0          3          0          0   (incl. Padding)

    ----------------------------------------------------------------------

      Code (inc. data)   RO Data    RW Data    ZI Data      Debug   Library Name

      6328        600          0         37        100      89765   RTX_CM3.lib
      2782        112          0          4          0       1480   mc_w.l
      1066          0          0          0          0        656   mf_w.l

    ----------------------------------------------------------------------
     10198        712          0         44        100      91901   Library Totals

    ----------------------------------------------------------------------

==============================================================================


      Code (inc. data)   RO Data    RW Data    ZI Data      Debug   

     22000       2520       1904        164      37468     740185   Grand Totals
     22000       2520       1904        164      37468     740185   ELF Image Totals
     22000       2520       1904        164          0          0   ROM Totals

==============================================================================

    Total RO  Size (Code + RO Data)                23904 (  23.34kB)
    Total RW  Size (RW Data + ZI Data)             37632 (  36.75kB)
    Total ROM Size (Code + RO Data + RW Data)      24068 (  23.50kB)

==============================================================================

