<html>
<body>
<pre>
<h1>µVision Build Log</h1>
<h2>Tool Versions:</h2>
IDE-Version: ¦ÌVision V5.36.0.0
Copyright (C) 2021 ARM Ltd and ARM Germany GmbH. All rights reserved.
License Information: 1 1, 1, LIC=GMZI6-DC2WG-302NC-76MLV-JICF0-NW5NI
 
Tool Versions:
Toolchain:       MDK-ARM Plus  Version: 5.36.0.0
Toolchain Path:  D:\Keilv5\ARM\ARMCC\Bin
C Compiler:      Armcc.exe V5.06 update 7 (build 960)
Assembler:       Armasm.exe V5.06 update 7 (build 960)
Linker/Locator:  ArmLink.exe V5.06 update 7 (build 960)
Library Manager: ArmAr.exe V5.06 update 7 (build 960)
Hex Converter:   FromElf.exe V5.06 update 7 (build 960)
CPU DLL:         SARMCM3.DLL V5.36.0.0
Dialog DLL:      DCM.DLL V1.17.3.0
Target DLL:      CMSIS_AGDI.dll V1.33.0.0
Dialog DLL:      TCM.DLL V1.53.0.0
 
<h2>Project:</h2>
D:\stm103\HalProject\FreeRTOS_demo2\MDK-ARM\FreeRTOS_demo1.uvprojx
Project File Date:  03/02/2024

<h2>Output:</h2>
*** Using Compiler 'V5.06 update 7 (build 960)', folder: 'D:\Keilv5\ARM\ARMCC\Bin'
Build target 'FreeRTOS_demo1'
assembling startup_stm32f103xe.s...
compiling gpio.c...
compiling stm32f1xx_hal_rcc_ex.c...
compiling stm32f1xx_hal_gpio_ex.c...
compiling usart.c...
compiling stm32f1xx_hal_timebase_tim.c...
compiling stm32f1xx_hal_gpio.c...
compiling freertos.c...
compiling stm32f1xx_hal.c...
compiling stm32f1xx_hal_msp.c...
compiling main.c...
compiling stm32f1xx_it.c...
compiling stm32f1xx_hal_rcc.c...
compiling croutine.c...
compiling event_groups.c...
compiling list.c...
compiling queue.c...
compiling stream_buffer.c...
compiling timers.c...
compiling tasks.c...
compiling heap_4.c...
compiling stm32f1xx_hal_exti.c...
compiling stm32f1xx_hal_cortex.c...
compiling stm32f1xx_hal_flash.c...
compiling cmsis_os2.c...
compiling stm32f1xx_hal_tim_ex.c...
compiling system_stm32f1xx.c...
compiling stm32f1xx_hal_flash_ex.c...
compiling stm32f1xx_hal_pwr.c...
compiling port.c...
compiling stm32f1xx_hal_dma.c...
compiling mqtt_list.c...
compiling stm32f1xx_hal_uart.c...
compiling random.c...
compiling MQTTConnectClient.c...
compiling MQTTConnectServer.c...
compiling MQTTDeserializePublish.c...
compiling MQTTFormat.c...
compiling MQTTPacket.c...
compiling MQTTSerializePublish.c...
compiling MQTTSubscribeClient.c...
compiling MQTTSubscribeServer.c...
compiling MQTTUnsubscribeClient.c...
compiling MQTTUnsubscribeServer.c...
compiling nettype_tcp.c...
compiling stm32f1xx_hal_tim.c...
compiling network.c...
compiling platform_memory.c...
compiling platform_mutex.c...
compiling platform_net_socket.c...
compiling platform_thread.c...
compiling mqttclient.c...
..\mqttclient\mqttclient\mqttclient.c(1081): warning:  #68-D: integer conversion resulted in a change of sign
          RETURN_ERROR(MQTT_MEM_NOT_ENOUGH_ERROR);
..\mqttclient\mqttclient\mqttclient.c(1103): warning:  #68-D: integer conversion resulted in a change of sign
          RETURN_ERROR(MQTT_MEM_NOT_ENOUGH_ERROR);
..\mqttclient\mqttclient\mqttclient.c: 2 warnings, 0 errors
compiling platform_timer.c...
compiling at_uart_hal.c...
compiling driver_key.c...
compiling driver_usart.c...
..\ModuleDrivers\driver_usart.c(76): warning:  #940-D: missing return statement at end of non-void function "fputc" 
  }
..\ModuleDrivers\driver_usart.c: 1 warning, 0 errors
compiling ring_buffer.c...
..\ModuleDrivers\ring_buffer.c(67): warning:  #1-D: last line of file ends without a newline
  }
..\ModuleDrivers\ring_buffer.c: 1 warning, 0 errors
compiling stm32_uart3.c...
compiling at_command.c...
..\mqttclient\at\at_command.c(324): warning:  #188-D: enumerated type mixed with another type
      msg.qos = 0;
..\mqttclient\at\at_command.c: 1 warning, 0 errors
linking...
Program Size: Code=25836 RO-data=1416 RW-data=180 ZI-data=48684  
FromELF: creating hex file...
"FreeRTOS_demo1\FreeRTOS_demo1.axf" - 0 Error(s), 5 Warning(s).

<h2>Software Packages used:</h2>

Package Vendor: ARM
                http://www.keil.com/pack/ARM.CMSIS.5.8.0.pack
                ARM.CMSIS.5.8.0
                CMSIS (Common Microcontroller Software Interface Standard)
   * Component: CORE Version: 5.5.0

Package Vendor: Keil
                https://www.keil.com/pack/Keil.STM32F1xx_DFP.2.4.1.pack
                Keil.STM32F1xx_DFP.2.4.1
                STMicroelectronics STM32F1 Series Device Support, Drivers and Examples

<h2>Collection of Component include folders:</h2>
  .\RTE\_FreeRTOS_demo1
  D:\Users\frj\AppData\Local\Arm\Packs\ARM\CMSIS\5.8.0\CMSIS\Core\Include
  D:\Users\frj\AppData\Local\Arm\Packs\Keil\STM32F1xx_DFP\2.4.1\Device\Include

<h2>Collection of Component Files used:</h2>

   * Component: ARM::CMSIS:CORE:5.5.0
      Include file:  CMSIS\Core\Include\tz_context.h
Build Time Elapsed:  00:00:09
</pre>
</body>
</html>
