Component: ARM Compiler 5.06 update 7 (build 960) Tool: armlink [4d3601]

==============================================================================

Section Cross References

    startup_stm32f103xe.o(STACK) refers (Special) to heapauxi.o(.text) for __use_two_region_memory
    startup_stm32f103xe.o(HEAP) refers (Special) to heapauxi.o(.text) for __use_two_region_memory
    startup_stm32f103xe.o(RESET) refers (Special) to heapauxi.o(.text) for __use_two_region_memory
    startup_stm32f103xe.o(RESET) refers to startup_stm32f103xe.o(STACK) for __initial_sp
    startup_stm32f103xe.o(RESET) refers to startup_stm32f103xe.o(.text) for Reset_Handler
    startup_stm32f103xe.o(RESET) refers to stm32f1xx_it.o(i.NMI_Handler) for NMI_Handler
    startup_stm32f103xe.o(RESET) refers to stm32f1xx_it.o(i.HardFault_Handler) for HardFault_Handler
    startup_stm32f103xe.o(RESET) refers to stm32f1xx_it.o(i.MemManage_Handler) for MemManage_Handler
    startup_stm32f103xe.o(RESET) refers to stm32f1xx_it.o(i.BusFault_Handler) for BusFault_Handler
    startup_stm32f103xe.o(RESET) refers to stm32f1xx_it.o(i.UsageFault_Handler) for UsageFault_Handler
    startup_stm32f103xe.o(RESET) refers to port.o(.emb_text) for SVC_Handler
    startup_stm32f103xe.o(RESET) refers to stm32f1xx_it.o(i.DebugMon_Handler) for DebugMon_Handler
    startup_stm32f103xe.o(RESET) refers to port.o(i.SysTick_Handler) for SysTick_Handler
    startup_stm32f103xe.o(RESET) refers to driver_usart.o(i.USART1_IRQHandler) for USART1_IRQHandler
    startup_stm32f103xe.o(RESET) refers to stm32f1xx_it.o(i.USART3_IRQHandler) for USART3_IRQHandler
    startup_stm32f103xe.o(RESET) refers to driver_key.o(i.EXTI15_10_IRQHandler) for EXTI15_10_IRQHandler
    startup_stm32f103xe.o(RESET) refers to stm32f1xx_it.o(i.TIM8_UP_IRQHandler) for TIM8_UP_IRQHandler
    startup_stm32f103xe.o(.text) refers (Special) to heapauxi.o(.text) for __use_two_region_memory
    startup_stm32f103xe.o(.text) refers to system_stm32f1xx.o(i.SystemInit) for SystemInit
    startup_stm32f103xe.o(.text) refers to __main.o(!!!main) for __main
    startup_stm32f103xe.o(.text) refers to startup_stm32f103xe.o(HEAP) for Heap_Mem
    startup_stm32f103xe.o(.text) refers to startup_stm32f103xe.o(STACK) for Stack_Mem
    main.o(i.HAL_TIM_PeriodElapsedCallback) refers to stm32f1xx_hal.o(i.HAL_IncTick) for HAL_IncTick
    main.o(i.SystemClock_Config) refers to rt_memclr_w.o(.text) for __aeabi_memclr4
    main.o(i.SystemClock_Config) refers to stm32f1xx_hal_rcc.o(i.HAL_RCC_OscConfig) for HAL_RCC_OscConfig
    main.o(i.SystemClock_Config) refers to stm32f1xx_hal_rcc.o(i.HAL_RCC_ClockConfig) for HAL_RCC_ClockConfig
    main.o(i.main) refers to stm32f1xx_hal.o(i.HAL_Init) for HAL_Init
    main.o(i.main) refers to main.o(i.SystemClock_Config) for SystemClock_Config
    main.o(i.main) refers to gpio.o(i.MX_GPIO_Init) for MX_GPIO_Init
    main.o(i.main) refers to usart.o(i.MX_USART1_UART_Init) for MX_USART1_UART_Init
    main.o(i.main) refers to usart.o(i.MX_USART3_UART_Init) for MX_USART3_UART_Init
    main.o(i.main) refers to driver_key.o(i.KEY_GPIO_ReInit) for KEY_GPIO_ReInit
    main.o(i.main) refers to ring_buffer.o(i.ring_buffer_init) for ring_buffer_init
    main.o(i.main) refers to driver_usart.o(i.EnableDebugIRQ) for EnableDebugIRQ
    main.o(i.main) refers to cmsis_os2.o(i.osKernelInitialize) for osKernelInitialize
    main.o(i.main) refers to freertos.o(i.MX_FREERTOS_Init) for MX_FREERTOS_Init
    main.o(i.main) refers to cmsis_os2.o(i.osKernelStart) for osKernelStart
    main.o(i.main) refers to main.o(.bss) for .bss
    gpio.o(i.MX_GPIO_Init) refers to stm32f1xx_hal_gpio.o(i.HAL_GPIO_WritePin) for HAL_GPIO_WritePin
    gpio.o(i.MX_GPIO_Init) refers to stm32f1xx_hal_gpio.o(i.HAL_GPIO_Init) for HAL_GPIO_Init
    freertos.o(i.MX_FREERTOS_Init) refers to cmsis_os2.o(i.osThreadNew) for osThreadNew
    freertos.o(i.MX_FREERTOS_Init) refers to freertos.o(.constdata) for .constdata
    freertos.o(i.MX_FREERTOS_Init) refers to freertos.o(i.StartDefaultTask) for StartDefaultTask
    freertos.o(i.MX_FREERTOS_Init) refers to freertos.o(.data) for .data
    freertos.o(i.StartDefaultTask) refers to cmsis_os2.o(i.osDelay) for osDelay
    freertos.o(.constdata) refers to freertos.o(.conststring) for .conststring
    usart.o(i.HAL_UART_MspDeInit) refers to stm32f1xx_hal_gpio.o(i.HAL_GPIO_DeInit) for HAL_GPIO_DeInit
    usart.o(i.HAL_UART_MspDeInit) refers to stm32f1xx_hal_cortex.o(i.HAL_NVIC_DisableIRQ) for HAL_NVIC_DisableIRQ
    usart.o(i.HAL_UART_MspInit) refers to stm32f1xx_hal_gpio.o(i.HAL_GPIO_Init) for HAL_GPIO_Init
    usart.o(i.HAL_UART_MspInit) refers to stm32f1xx_hal_cortex.o(i.HAL_NVIC_SetPriority) for HAL_NVIC_SetPriority
    usart.o(i.HAL_UART_MspInit) refers to stm32f1xx_hal_cortex.o(i.HAL_NVIC_EnableIRQ) for HAL_NVIC_EnableIRQ
    usart.o(i.MX_USART1_UART_Init) refers to stm32f1xx_hal_uart.o(i.HAL_UART_Init) for HAL_UART_Init
[...]
    .ARM.Collect$$libinit$$00000017          0x080001a6   Section        0  libinit2.o(.ARM.Collect$$libinit$$00000017)
    .ARM.Collect$$libinit$$00000019          0x080001a6   Section        0  libinit2.o(.ARM.Collect$$libinit$$00000019)
    .ARM.Collect$$libinit$$0000001B          0x080001a6   Section        0  libinit2.o(.ARM.Collect$$libinit$$0000001B)
    .ARM.Collect$$libinit$$0000001D          0x080001a6   Section        0  libinit2.o(.ARM.Collect$$libinit$$0000001D)
    .ARM.Collect$$libinit$$0000001F          0x080001a6   Section        0  libinit2.o(.ARM.Collect$$libinit$$0000001F)
    .ARM.Collect$$libinit$$00000021          0x080001a6   Section        0  libinit2.o(.ARM.Collect$$libinit$$00000021)
    .ARM.Collect$$libinit$$00000023          0x080001a6   Section        0  libinit2.o(.ARM.Collect$$libinit$$00000023)
    .ARM.Collect$$libinit$$00000025          0x080001a6   Section        0  libinit2.o(.ARM.Collect$$libinit$$00000025)
    .ARM.Collect$$libinit$$0000002C          0x080001a6   Section        0  libinit2.o(.ARM.Collect$$libinit$$0000002C)
    .ARM.Collect$$libinit$$0000002E          0x080001a6   Section        0  libinit2.o(.ARM.Collect$$libinit$$0000002E)
    .ARM.Collect$$libinit$$00000030          0x080001a6   Section        0  libinit2.o(.ARM.Collect$$libinit$$00000030)
    .ARM.Collect$$libinit$$00000032          0x080001a6   Section        0  libinit2.o(.ARM.Collect$$libinit$$00000032)
    .ARM.Collect$$libinit$$00000033          0x080001a6   Section        2  libinit2.o(.ARM.Collect$$libinit$$00000033)
    .ARM.Collect$$libshutdown$$00000000      0x080001a8   Section        2  libshutdown.o(.ARM.Collect$$libshutdown$$00000000)
    .ARM.Collect$$libshutdown$$00000002      0x080001aa   Section        0  libshutdown2.o(.ARM.Collect$$libshutdown$$00000002)
    .ARM.Collect$$libshutdown$$00000004      0x080001aa   Section        0  libshutdown2.o(.ARM.Collect$$libshutdown$$00000004)
    .ARM.Collect$$libshutdown$$00000006      0x080001aa   Section        0  libshutdown2.o(.ARM.Collect$$libshutdown$$00000006)
    .ARM.Collect$$libshutdown$$00000009      0x080001aa   Section        0  libshutdown2.o(.ARM.Collect$$libshutdown$$00000009)
    .ARM.Collect$$libshutdown$$0000000C      0x080001aa   Section        0  libshutdown2.o(.ARM.Collect$$libshutdown$$0000000C)
    .ARM.Collect$$libshutdown$$0000000E      0x080001aa   Section        0  libshutdown2.o(.ARM.Collect$$libshutdown$$0000000E)
    .ARM.Collect$$libshutdown$$00000011      0x080001aa   Section        0  libshutdown2.o(.ARM.Collect$$libshutdown$$00000011)
    .ARM.Collect$$libshutdown$$00000012      0x080001aa   Section        2  libshutdown2.o(.ARM.Collect$$libshutdown$$00000012)
    .ARM.Collect$$rtentry$$00000000          0x080001ac   Section        0  __rtentry.o(.ARM.Collect$$rtentry$$00000000)
    .ARM.Collect$$rtentry$$00000002          0x080001ac   Section        0  __rtentry2.o(.ARM.Collect$$rtentry$$00000002)
    .ARM.Collect$$rtentry$$00000004          0x080001ac   Section        6  __rtentry4.o(.ARM.Collect$$rtentry$$00000004)
    .ARM.Collect$$rtentry$$00000009          0x080001b2   Section        0  __rtentry2.o(.ARM.Collect$$rtentry$$00000009)
    .ARM.Collect$$rtentry$$0000000A          0x080001b2   Section        4  __rtentry2.o(.ARM.Collect$$rtentry$$0000000A)
    .ARM.Collect$$rtentry$$0000000C          0x080001b6   Section        0  __rtentry2.o(.ARM.Collect$$rtentry$$0000000C)
    .ARM.Collect$$rtentry$$0000000D          0x080001b6   Section        8  __rtentry2.o(.ARM.Collect$$rtentry$$0000000D)
    .ARM.Collect$$rtexit$$00000000           0x080001be   Section        2  rtexit.o(.ARM.Collect$$rtexit$$00000000)
    .ARM.Collect$$rtexit$$00000002           0x080001c0   Section        0  rtexit2.o(.ARM.Collect$$rtexit$$00000002)
    .ARM.Collect$$rtexit$$00000003           0x080001c0   Section        4  rtexit2.o(.ARM.Collect$$rtexit$$00000003)
    .ARM.Collect$$rtexit$$00000004           0x080001c4   Section        6  rtexit2.o(.ARM.Collect$$rtexit$$00000004)
    .emb_text                                0x080001cc   Section      150  port.o(.emb_text)
    .text                                    0x08000264   Section       64  startup_stm32f103xe.o(.text)
    .text                                    0x080002a4   Section      138  rt_memcpy_v6.o(.text)
    .text                                    0x0800032e   Section      100  rt_memcpy_w.o(.text)
    .text                                    0x08000392   Section       16  aeabi_memset.o(.text)
    .text                                    0x080003a2   Section       68  rt_memclr.o(.text)
    .text                                    0x080003e6   Section       78  rt_memclr_w.o(.text)
    .text                                    0x08000434   Section        0  heapauxi.o(.text)
    .text                                    0x0800043a   Section       74  sys_stackheap_outer.o(.text)
    .text                                    0x08000484   Section        0  exit.o(.text)
    .text                                    0x08000498   Section        8  libspace.o(.text)
    .text                                    0x080004a0   Section        2  use_no_semi.o(.text)
    .text                                    0x080004a2   Section        0  indicate_semi.o(.text)
    .text                                    0x080004a4   Section        0  sys_exit.o(.text)
    i.BusFault_Handler                       0x080004b0   Section        0  stm32f1xx_it.o(i.BusFault_Handler)
    i.DebugMon_Handler                       0x080004b2   Section        0  stm32f1xx_it.o(i.DebugMon_Handler)
    i.EXTI15_10_IRQHandler                   0x080004b4   Section        0  driver_key.o(i.EXTI15_10_IRQHandler)
    i.EnableDebugIRQ                         0x080004cc   Section        0  driver_usart.o(i.EnableDebugIRQ)
    i.Error_Handler                          0x080004f0   Section        0  main.o(i.Error_Handler)
    i.HAL_DMA_Abort                          0x080004f4   Section        0  stm32f1xx_hal_dma.o(i.HAL_DMA_Abort)
    i.HAL_DMA_Abort_IT                       0x0800053c   Section        0  stm32f1xx_hal_dma.o(i.HAL_DMA_Abort_IT)
    i.HAL_GPIO_EXTI_Callback                 0x0800066c   Section        0  driver_key.o(i.HAL_GPIO_EXTI_Callback)
    i.HAL_GPIO_EXTI_IRQHandler               0x080006a0   Section        0  stm32f1xx_hal_gpio.o(i.HAL_GPIO_EXTI_IRQHandler)
    i.HAL_GPIO_Init                          0x080006b8   Section        0  stm32f1xx_hal_gpio.o(i.HAL_GPIO_Init)
    i.HAL_GPIO_ReadPin                       0x080008b0   Section        0  stm32f1xx_hal_gpio.o(i.HAL_GPIO_ReadPin)
    i.HAL_GPIO_WritePin                      0x080008ba   Section        0  stm32f1xx_hal_gpio.o(i.HAL_GPIO_WritePin)
    i.HAL_GetTick                            0x080008c4   Section        0  stm32f1xx_hal.o(i.HAL_GetTick)
    i.HAL_IncTick                            0x080008d0   Section        0  stm32f1xx_hal.o(i.HAL_IncTick)
    i.HAL_Init                               0x080008e0   Section        0  stm32f1xx_hal.o(i.HAL_Init)
    i.HAL_InitTick                           0x08000904   Section        0  stm32f1xx_hal_timebase_tim.o(i.HAL_InitTick)
    i.HAL_MspInit                            0x08000990   Section        0  stm32f1xx_hal_msp.o(i.HAL_MspInit)
    i.HAL_NVIC_EnableIRQ                     0x080009d4   Section        0  stm32f1xx_hal_cortex.o(i.HAL_NVIC_EnableIRQ)
    i.HAL_NVIC_SetPriority                   0x080009f0   Section        0  stm32f1xx_hal_cortex.o(i.HAL_NVIC_SetPriority)
    i.HAL_NVIC_SetPriorityGrouping           0x08000a30   Section        0  stm32f1xx_hal_cortex.o(i.HAL_NVIC_SetPriorityGrouping)
    i.HAL_RCC_ClockConfig                    0x08000a54   Section        0  stm32f1xx_hal_rcc.o(i.HAL_RCC_ClockConfig)
    i.HAL_RCC_GetClockConfig                 0x08000b80   Section        0  stm32f1xx_hal_rcc.o(i.HAL_RCC_GetClockConfig)
    i.HAL_RCC_GetPCLK1Freq                   0x08000bc0   Section        0  stm32f1xx_hal_rcc.o(i.HAL_RCC_GetPCLK1Freq)
    i.HAL_RCC_GetPCLK2Freq                   0x08000be0   Section        0  stm32f1xx_hal_rcc.o(i.HAL_RCC_GetPCLK2Freq)
    i.HAL_RCC_GetSysClockFreq                0x08000c00   Section        0  stm32f1xx_hal_rcc.o(i.HAL_RCC_GetSysClockFreq)
    i.HAL_RCC_OscConfig                      0x08000c4c   Section        0  stm32f1xx_hal_rcc.o(i.HAL_RCC_OscConfig)
    i.HAL_TIMEx_BreakCallback                0x08000f6c   Section        0  stm32f1xx_hal_tim_ex.o(i.HAL_TIMEx_BreakCallback)
    i.HAL_TIMEx_CommutCallback               0x08000f6e   Section        0  stm32f1xx_hal_tim_ex.o(i.HAL_TIMEx_CommutCallback)
    i.HAL_TIM_Base_Init                      0x08000f70   Section        0  stm32f1xx_hal_tim.o(i.HAL_TIM_Base_Init)
    i.HAL_TIM_Base_MspInit                   0x08000fca   Section        0  stm32f1xx_hal_tim.o(i.HAL_TIM_Base_MspInit)
    i.HAL_TIM_Base_Start_IT                  0x08000fcc   Section        0  stm32f1xx_hal_tim.o(i.HAL_TIM_Base_Start_IT)
    i.HAL_TIM_IC_CaptureCallback             0x08001038   Section        0  stm32f1xx_hal_tim.o(i.HAL_TIM_IC_CaptureCallback)
    i.HAL_TIM_IRQHandler                     0x0800103a   Section        0  stm32f1xx_hal_tim.o(i.HAL_TIM_IRQHandler)
    i.HAL_TIM_OC_DelayElapsedCallback        0x080011a0   Section        0  stm32f1xx_hal_tim.o(i.HAL_TIM_OC_DelayElapsedCallback)
    i.HAL_TIM_PWM_PulseFinishedCallback      0x080011a2   Section        0  stm32f1xx_hal_tim.o(i.HAL_TIM_PWM_PulseFinishedCallback)
    i.HAL_TIM_PeriodElapsedCallback          0x080011a4   Section        0  main.o(i.HAL_TIM_PeriodElapsedCallback)
    i.HAL_TIM_TriggerCallback                0x080011b8   Section        0  stm32f1xx_hal_tim.o(i.HAL_TIM_TriggerCallback)
    i.HAL_UARTEx_RxEventCallback             0x080011ba   Section        0  stm32f1xx_hal_uart.o(i.HAL_UARTEx_RxEventCallback)
    i.HAL_UART_ErrorCallback                 0x080011bc   Section        0  stm32f1xx_hal_uart.o(i.HAL_UART_ErrorCallback)
    i.HAL_UART_IRQHandler                    0x080011c0   Section        0  stm32f1xx_hal_uart.o(i.HAL_UART_IRQHandler)
    i.HAL_UART_Init                          0x0800142c   Section        0  stm32f1xx_hal_uart.o(i.HAL_UART_Init)
    i.HAL_UART_MspInit                       0x08001490   Section        0  usart.o(i.HAL_UART_MspInit)
    i.HAL_UART_RxCpltCallback                0x08001560   Section        0  driver_usart.o(i.HAL_UART_RxCpltCallback)
    i.HAL_UART_TxCpltCallback                0x08001578   Section        0  driver_usart.o(i.HAL_UART_TxCpltCallback)
    i.HardFault_Handler                      0x08001590   Section        0  stm32f1xx_it.o(i.HardFault_Handler)
    i.KEY_GPIO_ReInit                        0x08001594   Section        0  driver_key.o(i.KEY_GPIO_ReInit)
    i.MX_FREERTOS_Init                       0x08001604   Section        0  freertos.o(i.MX_FREERTOS_Init)
    i.MX_GPIO_Init                           0x08001624   Section        0  gpio.o(i.MX_GPIO_Init)
    i.MX_USART1_UART_Init                    0x080016cc   Section        0  usart.o(i.MX_USART1_UART_Init)
    i.MX_USART3_UART_Init                    0x08001704   Section        0  usart.o(i.MX_USART3_UART_Init)
    i.MemManage_Handler                      0x0800173c   Section        0  stm32f1xx_it.o(i.MemManage_Handler)
    i.NMI_Handler                            0x0800173e   Section        0  stm32f1xx_it.o(i.NMI_Handler)
    i.StartDefaultTask                       0x08001740   Section        0  freertos.o(i.StartDefaultTask)
    i.SysTick_Handler                        0x08001748   Section        0  port.o(i.SysTick_Handler)
    i.SystemClock_Config                     0x08001774   Section        0  main.o(i.SystemClock_Config)
    i.SystemInit                             0x080017d2   Section        0  system_stm32f1xx.o(i.SystemInit)
    i.TIM8_UP_IRQHandler                     0x080017d4   Section        0  stm32f1xx_it.o(i.TIM8_UP_IRQHandler)
    i.TIM_Base_SetConfig                     0x080017e0   Section        0  stm32f1xx_hal_tim.o(i.TIM_Base_SetConfig)
    i.UART_DMAAbortOnError                   0x0800186c   Section        0  stm32f1xx_hal_uart.o(i.UART_DMAAbortOnError)
    UART_DMAAbortOnError                     0x0800186d   Thumb Code    16  stm32f1xx_hal_uart.o(i.UART_DMAAbortOnError)
    i.UART_EndRxTransfer                     0x0800187c   Section        0  stm32f1xx_hal_uart.o(i.UART_EndRxTransfer)
    UART_EndRxTransfer                       0x0800187d   Thumb Code    78  stm32f1xx_hal_uart.o(i.UART_EndRxTransfer)
    i.UART_Receive_IT                        0x080018ca   Section        0  stm32f1xx_hal_uart.o(i.UART_Receive_IT)
    UART_Receive_IT                          0x080018cb   Thumb Code   194  stm32f1xx_hal_uart.o(i.UART_Receive_IT)
    i.UART_SetConfig                         0x0800198c   Section        0  stm32f1xx_hal_uart.o(i.UART_SetConfig)
    UART_SetConfig                           0x0800198d   Thumb Code   178  stm32f1xx_hal_uart.o(i.UART_SetConfig)
    i.USART1_IRQHandler                      0x08001a44   Section        0  driver_usart.o(i.USART1_IRQHandler)
    i.USART3_IRQHandler                      0x08001a74   Section        0  stm32f1xx_it.o(i.USART3_IRQHandler)
    i.UsageFault_Handler                     0x08001a80   Section        0  stm32f1xx_it.o(i.UsageFault_Handler)
    i.__NVIC_SetPriority                     0x08001a82   Section        0  stm32f1xx_hal_cortex.o(i.__NVIC_SetPriority)
    __NVIC_SetPriority                       0x08001a83   Thumb Code    32  stm32f1xx_hal_cortex.o(i.__NVIC_SetPriority)
    i.main                                   0x08001aa4   Section        0  main.o(i.main)
    i.osDelay                                0x08001ad8   Section        0  cmsis_os2.o(i.osDelay)
    i.osKernelInitialize                     0x08001b0c   Section        0  cmsis_os2.o(i.osKernelInitialize)
    i.osKernelStart                          0x08001b44   Section        0  cmsis_os2.o(i.osKernelStart)
    i.osThreadNew                            0x08001b84   Section        0  cmsis_os2.o(i.osThreadNew)
    i.prvAddCurrentTaskToDelayedList         0x08001c28   Section        0  tasks.o(i.prvAddCurrentTaskToDelayedList)
    prvAddCurrentTaskToDelayedList           0x08001c29   Thumb Code    84  tasks.o(i.prvAddCurrentTaskToDelayedList)
    i.prvAddNewTaskToReadyList               0x08001c84   Section        0  tasks.o(i.prvAddNewTaskToReadyList)
    prvAddNewTaskToReadyList                 0x08001c85   Thumb Code   190  tasks.o(i.prvAddNewTaskToReadyList)
    i.prvCheckForValidListAndQueue           0x08001d54   Section        0  timers.o(i.prvCheckForValidListAndQueue)
    prvCheckForValidListAndQueue             0x08001d55   Thumb Code    72  timers.o(i.prvCheckForValidListAndQueue)
    i.prvCopyDataFromQueue                   0x08001dac   Section        0  queue.o(i.prvCopyDataFromQueue)
    prvCopyDataFromQueue                     0x08001dad   Thumb Code    38  queue.o(i.prvCopyDataFromQueue)
    i.prvCopyDataToQueue                     0x08001dd2   Section        0  queue.o(i.prvCopyDataToQueue)
    prvCopyDataToQueue                       0x08001dd3   Thumb Code   108  queue.o(i.prvCopyDataToQueue)
    i.prvDeleteTCB                           0x08001e3e   Section        0  tasks.o(i.prvDeleteTCB)
    prvDeleteTCB                             0x08001e3f   Thumb Code    52  tasks.o(i.prvDeleteTCB)
    i.prvHeapInit                            0x08001e74   Section        0  heap_4.o(i.prvHeapInit)
    prvHeapInit                              0x08001e75   Thumb Code    66  heap_4.o(i.prvHeapInit)
    i.prvIdleTask                            0x08001ec0   Section        0  tasks.o(i.prvIdleTask)
    prvIdleTask                              0x08001ec1   Thumb Code    82  tasks.o(i.prvIdleTask)
    i.prvInitialiseNewQueue                  0x08001f20   Section        0  queue.o(i.prvInitialiseNewQueue)
    prvInitialiseNewQueue                    0x08001f21   Thumb Code    34  queue.o(i.prvInitialiseNewQueue)
    i.prvInitialiseNewTask                   0x08001f42   Section        0  tasks.o(i.prvInitialiseNewTask)
    prvInitialiseNewTask                     0x08001f43   Thumb Code   156  tasks.o(i.prvInitialiseNewTask)
    i.prvInsertBlockIntoFreeList             0x08001fe0   Section        0  heap_4.o(i.prvInsertBlockIntoFreeList)
    prvInsertBlockIntoFreeList               0x08001fe1   Thumb Code    72  heap_4.o(i.prvInsertBlockIntoFreeList)
    i.prvInsertTimerInActiveList             0x0800202c   Section        0  timers.o(i.prvInsertTimerInActiveList)
    prvInsertTimerInActiveList               0x0800202d   Thumb Code    52  timers.o(i.prvInsertTimerInActiveList)
    i.prvIsQueueEmpty                        0x08002064   Section        0  queue.o(i.prvIsQueueEmpty)
    prvIsQueueEmpty                          0x08002065   Thumb Code    28  queue.o(i.prvIsQueueEmpty)
    i.prvProcessReceivedCommands             0x08002080   Section        0  timers.o(i.prvProcessReceivedCommands)
    prvProcessReceivedCommands               0x08002081   Thumb Code   198  timers.o(i.prvProcessReceivedCommands)
    i.prvProcessTimerOrBlockTask             0x0800214c   Section        0  timers.o(i.prvProcessTimerOrBlockTask)
    prvProcessTimerOrBlockTask               0x0800214d   Thumb Code   172  timers.o(i.prvProcessTimerOrBlockTask)
    i.prvResetNextTaskUnblockTime            0x08002200   Section        0  tasks.o(i.prvResetNextTaskUnblockTime)
    prvResetNextTaskUnblockTime              0x08002201   Thumb Code    26  tasks.o(i.prvResetNextTaskUnblockTime)
    i.prvSampleTimeNow                       0x08002220   Section        0  timers.o(i.prvSampleTimeNow)
    prvSampleTimeNow                         0x08002221   Thumb Code    36  timers.o(i.prvSampleTimeNow)
    i.prvSwitchTimerLists                    0x08002248   Section        0  timers.o(i.prvSwitchTimerLists)
    prvSwitchTimerLists                      0x08002249   Thumb Code   102  timers.o(i.prvSwitchTimerLists)
    i.prvTaskExitError                       0x080022b4   Section        0  port.o(i.prvTaskExitError)
    prvTaskExitError                         0x080022b5   Thumb Code    36  port.o(i.prvTaskExitError)
    i.prvTimerTask                           0x080022dc   Section        0  timers.o(i.prvTimerTask)
    prvTimerTask                             0x080022dd   Thumb Code    32  timers.o(i.prvTimerTask)
    i.prvUnlockQueue                         0x08002300   Section        0  queue.o(i.prvUnlockQueue)
    prvUnlockQueue                           0x08002301   Thumb Code   106  queue.o(i.prvUnlockQueue)
    i.pvPortMalloc                           0x0800236c   Section        0  heap_4.o(i.pvPortMalloc)
    i.pxPortInitialiseStack                  0x08002444   Section        0  port.o(i.pxPortInitialiseStack)
    i.ring_buffer_init                       0x08002468   Section        0  ring_buffer.o(i.ring_buffer_init)
    i.ring_buffer_write                      0x08002474   Section        0  ring_buffer.o(i.ring_buffer_write)
    i.uxListRemove                           0x08002492   Section        0  list.o(i.uxListRemove)
    i.vApplicationGetIdleTaskMemory          0x080024b8   Section        0  cmsis_os2.o(i.vApplicationGetIdleTaskMemory)
    i.vApplicationGetTimerTaskMemory         0x080024cc   Section        0  cmsis_os2.o(i.vApplicationGetTimerTaskMemory)
    i.vListInitialise                        0x080024e4   Section        0  list.o(i.vListInitialise)
    i.vListInitialiseItem                    0x080024fa   Section        0  list.o(i.vListInitialiseItem)
    i.vListInsert                            0x08002500   Section        0  list.o(i.vListInsert)
    i.vListInsertEnd                         0x08002530   Section        0  list.o(i.vListInsertEnd)
    i.vPortEnterCritical                     0x08002548   Section        0  port.o(i.vPortEnterCritical)
    i.vPortExitCritical                      0x08002588   Section        0  port.o(i.vPortExitCritical)
    i.vPortFree                              0x080025b0   Section        0  heap_4.o(i.vPortFree)
    i.vPortSetupTimerInterrupt               0x0800260c   Section        0  port.o(i.vPortSetupTimerInterrupt)
    i.vPortValidateInterruptPriority         0x08002630   Section        0  port.o(i.vPortValidateInterruptPriority)
    i.vQueueAddToRegistry                    0x08002684   Section        0  queue.o(i.vQueueAddToRegistry)
    i.vQueueWaitForMessageRestricted         0x080026ac   Section        0  queue.o(i.vQueueWaitForMessageRestricted)
    i.vTaskDelay                             0x080026f0   Section        0  tasks.o(i.vTaskDelay)
    i.vTaskInternalSetTimeOutState           0x0800273c   Section        0  tasks.o(i.vTaskInternalSetTimeOutState)
    i.vTaskMissedYield                       0x0800274c   Section        0  tasks.o(i.vTaskMissedYield)
    i.vTaskPlaceOnEventList                  0x08002758   Section        0  tasks.o(i.vTaskPlaceOnEventList)
    i.vTaskPlaceOnEventListRestricted        0x08002788   Section        0  tasks.o(i.vTaskPlaceOnEventListRestricted)
    i.vTaskStartScheduler                    0x080027c0   Section        0  tasks.o(i.vTaskStartScheduler)
    i.vTaskSuspendAll                        0x08002848   Section        0  tasks.o(i.vTaskSuspendAll)
    i.vTaskSwitchContext                     0x08002858   Section        0  tasks.o(i.vTaskSwitchContext)
    i.xPortStartScheduler                    0x080028bc   Section        0  port.o(i.xPortStartScheduler)
    i.xQueueGenericCreateStatic              0x08002964   Section        0  queue.o(i.xQueueGenericCreateStatic)
    i.xQueueGenericReset                     0x080029cc   Section        0  queue.o(i.xQueueGenericReset)
    i.xQueueGenericSend                      0x08002a54   Section        0  queue.o(i.xQueueGenericSend)
    i.xQueueGenericSendFromISR               0x08002bb4   Section        0  queue.o(i.xQueueGenericSendFromISR)
    i.xQueueReceive                          0x08002c70   Section        0  queue.o(i.xQueueReceive)
    i.xTaskCheckForTimeOut                   0x08002da8   Section        0  tasks.o(i.xTaskCheckForTimeOut)
    i.xTaskCreate                            0x08002e1c   Section        0  tasks.o(i.xTaskCreate)
    i.xTaskCreateStatic                      0x08002e76   Section        0  tasks.o(i.xTaskCreateStatic)
    i.xTaskGetSchedulerState                 0x08002ecc   Section        0  tasks.o(i.xTaskGetSchedulerState)
    i.xTaskGetTickCount                      0x08002ee8   Section        0  tasks.o(i.xTaskGetTickCount)
    i.xTaskIncrementTick                     0x08002ef4   Section        0  tasks.o(i.xTaskIncrementTick)
    i.xTaskPriorityDisinherit                0x08002fbc   Section        0  tasks.o(i.xTaskPriorityDisinherit)
    i.xTaskRemoveFromEventList               0x0800303c   Section        0  tasks.o(i.xTaskRemoveFromEventList)
    i.xTaskResumeAll                         0x080030ac   Section        0  tasks.o(i.xTaskResumeAll)
    i.xTimerCreateTimerTask                  0x08003170   Section        0  timers.o(i.xTimerCreateTimerTask)
    i.xTimerGenericCommand                   0x080031d0   Section        0  timers.o(i.xTimerGenericCommand)
    .constdata                               0x08003238   Section       36  freertos.o(.constdata)
    .constdata                               0x0800325c   Section       18  stm32f1xx_hal_rcc.o(.constdata)
    aPredivFactorTable                       0x0800325c   Data           2  stm32f1xx_hal_rcc.o(.constdata)
    aPLLMULFactorTable                       0x0800325e   Data          16  stm32f1xx_hal_rcc.o(.constdata)
    .constdata                               0x0800326e   Section       16  system_stm32f1xx.o(.constdata)
    .constdata                               0x0800327e   Section        8  system_stm32f1xx.o(.constdata)
    .conststring                             0x08003288   Section       12  freertos.o(.conststring)
    .data                                    0x20000000   Section        4  freertos.o(.data)
    .data                                    0x20000004   Section       12  stm32f1xx_hal.o(.data)
    .data                                    0x20000010   Section        4  system_stm32f1xx.o(.data)
    .data                                    0x20000014   Section       60  tasks.o(.data)
    pxDelayedTaskList                        0x20000018   Data           4  tasks.o(.data)
    pxOverflowDelayedTaskList                0x2000001c   Data           4  tasks.o(.data)
    uxDeletedTasksWaitingCleanUp             0x20000020   Data           4  tasks.o(.data)
    uxCurrentNumberOfTasks                   0x20000024   Data           4  tasks.o(.data)
    xTickCount                               0x20000028   Data           4  tasks.o(.data)
    uxTopReadyPriority                       0x2000002c   Data           4  tasks.o(.data)
    xSchedulerRunning                        0x20000030   Data           4  tasks.o(.data)
    uxPendedTicks                            0x20000034   Data           4  tasks.o(.data)
    xYieldPending                            0x20000038   Data           4  tasks.o(.data)
    xNumOfOverflows                          0x2000003c   Data           4  tasks.o(.data)
    uxTaskNumber                             0x20000040   Data           4  tasks.o(.data)
    xNextTaskUnblockTime                     0x20000044   Data           4  tasks.o(.data)
    xIdleTaskHandle                          0x20000048   Data           4  tasks.o(.data)
    uxSchedulerSuspended                     0x2000004c   Data           4  tasks.o(.data)
    .data                                    0x20000050   Section       20  timers.o(.data)
    pxCurrentTimerList                       0x20000050   Data           4  timers.o(.data)
    pxOverflowTimerList                      0x20000054   Data           4  timers.o(.data)
    xTimerQueue                              0x20000058   Data           4  timers.o(.data)
    xTimerTaskHandle                         0x2000005c   Data           4  timers.o(.data)
    xLastTime                                0x20000060   Data           4  timers.o(.data)
    .data                                    0x20000064   Section        4  cmsis_os2.o(.data)
    KernelState                              0x20000064   Data           4  cmsis_os2.o(.data)
    .data                                    0x20000068   Section       24  heap_4.o(.data)
    pxEnd                                    0x20000068   Data           4  heap_4.o(.data)
    xFreeBytesRemaining                      0x2000006c   Data           4  heap_4.o(.data)
    xMinimumEverFreeBytesRemaining           0x20000070   Data           4  heap_4.o(.data)
    xBlockAllocatedBit                       0x20000074   Data           4  heap_4.o(.data)
    xStart                                   0x20000078   Data           8  heap_4.o(.data)
    .data                                    0x20000080   Section       12  port.o(.data)
    ucMaxSysCallPriority                     0x20000080   Data           1  port.o(.data)
    uxCriticalNesting                        0x20000084   Data           4  port.o(.data)
    ulMaxPRIGROUPValue                       0x20000088   Data           4  port.o(.data)
    .data                                    0x2000008c   Section        2  driver_key.o(.data)
    key1_val                                 0x2000008c   Data           1  driver_key.o(.data)
    key2_val                                 0x2000008d   Data           1  driver_key.o(.data)
    .data                                    0x2000008e   Section        2  driver_usart.o(.data)
    txcplt_flag                              0x2000008e   Data           1  driver_usart.o(.data)
    rxcplt_flag                              0x2000008f   Data           1  driver_usart.o(.data)
    .bss                                     0x20000090   Section     1032  main.o(.bss)
    .bss                                     0x20000498   Section      144  usart.o(.bss)
    .bss                                     0x20000528   Section       72  stm32f1xx_hal_timebase_tim.o(.bss)
    .bss                                     0x20000570   Section       64  queue.o(.bss)
    .bss                                     0x200005b0   Section     1220  tasks.o(.bss)
    pxReadyTasksLists                        0x200005b0   Data        1120  tasks.o(.bss)
    xDelayedTaskList1                        0x20000a10   Data          20  tasks.o(.bss)
    xDelayedTaskList2                        0x20000a24   Data          20  tasks.o(.bss)
    xPendingReadyList                        0x20000a38   Data          20  tasks.o(.bss)
    xTasksWaitingTermination                 0x20000a4c   Data          20  tasks.o(.bss)
    xSuspendedTaskList                       0x20000a60   Data          20  tasks.o(.bss)
    .bss                                     0x20000a74   Section      280  timers.o(.bss)
    xActiveTimerList1                        0x20000a74   Data          20  timers.o(.bss)
    xActiveTimerList2                        0x20000a88   Data          20  timers.o(.bss)
    xStaticTimerQueue                        0x20000a9c   Data          80  timers.o(.bss)
    ucStaticTimerQueueStorage                0x20000aec   Data         160  timers.o(.bss)
    .bss                                     0x20000b8c   Section     1720  cmsis_os2.o(.bss)
    Idle_TCB                                 0x20000b8c   Data          92  cmsis_os2.o(.bss)
    Idle_Stack                               0x20000be8   Data         512  cmsis_os2.o(.bss)
    Timer_TCB                                0x20000de8   Data          92  cmsis_os2.o(.bss)
    Timer_Stack                              0x20000e44   Data        1024  cmsis_os2.o(.bss)
    .bss                                     0x20001244   Section     3072  heap_4.o(.bss)
    ucHeap                                   0x20001244   Data        3072  heap_4.o(.bss)
    .bss                                     0x20001e44   Section       96  libspace.o(.bss)
    HEAP                                     0x20001ea8   Section      512  startup_stm32f103xe.o(HEAP)
    Heap_Mem                                 0x20001ea8   Data         512  startup_stm32f103xe.o(HEAP)
    STACK                                    0x200020a8   Section     1024  startup_stm32f103xe.o(STACK)
    Stack_Mem                                0x200020a8   Data        1024  startup_stm32f103xe.o(STACK)
    __initial_sp                             0x200024a8   Data           0  startup_stm32f103xe.o(STACK)

    Global Symbols

    Symbol Name                              Value     Ov Type        Size  Object(Section)

    BuildAttributes$$THM_ISAv4$P$D$K$B$S$PE$A:L22UL41UL21$X:L11$S22US41US21$IEEE1$IW$USESV6$~STKCKD$USESV7$~SHL$OTIME$ROPI$EBA8$UX$STANDARDLIB$REQ8$PRES8$EABIv2 0x00000000   Number         0  anon$$obj.o ABSOLUTE
    __ARM_use_no_argv                        0x00000000   Number         0  main.o ABSOLUTE
    _printf_flags                            0x00000000   Number         0  printf_stubs.o ABSOLUTE
    _printf_return_value                     0x00000000   Number         0  printf_stubs.o ABSOLUTE
    _printf_sizespec                         0x00000000   Number         0  printf_stubs.o ABSOLUTE
    _printf_widthprec                        0x00000000   Number         0  printf_stubs.o ABSOLUTE
    __ARM_exceptions_init                     - Undefined Weak Reference
    __alloca_initialize                       - Undefined Weak Reference
    __arm_fini_                               - Undefined Weak Reference
    __arm_preinit_                            - Undefined Weak Reference
    __cpp_initialize__aeabi_                  - Undefined Weak Reference
    __cxa_finalize                            - Undefined Weak Reference
    __rt_locale                               - Undefined Weak Reference
    __sigvec_lookup                           - Undefined Weak Reference
    __user_heap_extent                        - Undefined Weak Reference
    _atexit_init                              - Undefined Weak Reference
    _call_atexit_fns                          - Undefined Weak Reference
    _clock_init                               - Undefined Weak Reference
    _fp_trap_init                             - Undefined Weak Reference
    _fp_trap_shutdown                         - Undefined Weak Reference
    _get_lc_collate                           - Undefined Weak Reference
    _get_lc_ctype                             - Undefined Weak Reference
    _get_lc_monetary                          - Undefined Weak Reference
    _get_lc_numeric                           - Undefined Weak Reference
    _get_lc_time                              - Undefined Weak Reference
    _getenv_init                              - Undefined Weak Reference
    _handle_redirection                       - Undefined Weak Reference
    _mutex_acquire                            - Undefined Weak Reference
    _mutex_free                               - Undefined Weak Reference
    _mutex_release                            - Undefined Weak Reference
    _printf_mbtowc                            - Undefined Weak Reference
    _printf_truncate_signed                   - Undefined Weak Reference
    _printf_truncate_unsigned                 - Undefined Weak Reference
    _signal_finish                            - Undefined Weak Reference
    _signal_init                              - Undefined Weak Reference
    __Vectors_Size                           0x00000130   Number         0  startup_stm32f103xe.o ABSOLUTE
    __Vectors                                0x08000000   Data           4  startup_stm32f103xe.o(RESET)
    __Vectors_End                            0x08000130   Data           0  startup_stm32f103xe.o(RESET)
    __main                                   0x08000131   Thumb Code     8  __main.o(!!!main)
    __scatterload                            0x08000139   Thumb Code     0  __scatter.o(!!!scatter)
    __scatterload_rt2                        0x08000139   Thumb Code    44  __scatter.o(!!!scatter)
    __scatterload_rt2_thumb_only             0x08000139   Thumb Code     0  __scatter.o(!!!scatter)
    __scatterload_null                       0x08000147   Thumb Code     0  __scatter.o(!!!scatter)
    __scatterload_copy                       0x0800016d   Thumb Code    26  __scatter_copy.o(!!handler_copy)
    __scatterload_zeroinit                   0x08000189   Thumb Code    28  __scatter_zi.o(!!handler_zi)
    __rt_lib_init                            0x080001a5   Thumb Code     0  libinit.o(.ARM.Collect$$libinit$$00000000)
    __rt_lib_init_alloca_1                   0x080001a7   Thumb Code     0  libinit2.o(.ARM.Collect$$libinit$$0000002E)
    __rt_lib_init_argv_1                     0x080001a7   Thumb Code     0  libinit2.o(.ARM.Collect$$libinit$$0000002C)
    __rt_lib_init_atexit_1                   0x080001a7   Thumb Code     0  libinit2.o(.ARM.Collect$$libinit$$0000001B)
    __rt_lib_init_clock_1                    0x080001a7   Thumb Code     0  libinit2.o(.ARM.Collect$$libinit$$00000021)
    __rt_lib_init_cpp_1                      0x080001a7   Thumb Code     0  libinit2.o(.ARM.Collect$$libinit$$00000032)
    __rt_lib_init_exceptions_1               0x080001a7   Thumb Code     0  libinit2.o(.ARM.Collect$$libinit$$00000030)
    __rt_lib_init_fp_1                       0x080001a7   Thumb Code     0  libinit2.o(.ARM.Collect$$libinit$$00000002)
    __rt_lib_init_fp_trap_1                  0x080001a7   Thumb Code     0  libinit2.o(.ARM.Collect$$libinit$$0000001F)
    __rt_lib_init_getenv_1                   0x080001a7   Thumb Code     0  libinit2.o(.ARM.Collect$$libinit$$00000023)
    __rt_lib_init_heap_1                     0x080001a7   Thumb Code     0  libinit2.o(.ARM.Collect$$libinit$$0000000A)
    __rt_lib_init_lc_collate_1               0x080001a7   Thumb Code     0  libinit2.o(.ARM.Collect$$libinit$$00000011)
    __rt_lib_init_lc_ctype_1                 0x080001a7   Thumb Code     0  libinit2.o(.ARM.Collect$$libinit$$00000013)
    __rt_lib_init_lc_monetary_1              0x080001a7   Thumb Code     0  libinit2.o(.ARM.Collect$$libinit$$00000015)
    __rt_lib_init_lc_numeric_1               0x080001a7   Thumb Code     0  libinit2.o(.ARM.Collect$$libinit$$00000017)
    __rt_lib_init_lc_time_1                  0x080001a7   Thumb Code     0  libinit2.o(.ARM.Collect$$libinit$$00000019)
    __rt_lib_init_preinit_1                  0x080001a7   Thumb Code     0  libinit2.o(.ARM.Collect$$libinit$$00000004)
    __rt_lib_init_rand_1                     0x080001a7   Thumb Code     0  libinit2.o(.ARM.Collect$$libinit$$0000000E)
    __rt_lib_init_return                     0x080001a7   Thumb Code     0  libinit2.o(.ARM.Collect$$libinit$$00000033)
    __rt_lib_init_signal_1                   0x080001a7   Thumb Code     0  libinit2.o(.ARM.Collect$$libinit$$0000001D)
    __rt_lib_init_stdio_1                    0x080001a7   Thumb Code     0  libinit2.o(.ARM.Collect$$libinit$$00000025)
    __rt_lib_init_user_alloc_1               0x080001a7   Thumb Code     0  libinit2.o(.ARM.Collect$$libinit$$0000000C)
    __rt_lib_shutdown                        0x080001a9   Thumb Code     0  libshutdown.o(.ARM.Collect$$libshutdown$$00000000)
    __rt_lib_shutdown_cpp_1                  0x080001ab   Thumb Code     0  libshutdown2.o(.ARM.Collect$$libshutdown$$00000004)
    __rt_lib_shutdown_fini_1                 0x080001ab   Thumb Code     0  libshutdown2.o(.ARM.Collect$$libshutdown$$00000002)
    __rt_lib_shutdown_fp_trap_1              0x080001ab   Thumb Code     0  libshutdown2.o(.ARM.Collect$$libshutdown$$00000009)
    __rt_lib_shutdown_heap_1                 0x080001ab   Thumb Code     0  libshutdown2.o(.ARM.Collect$$libshutdown$$00000011)
    __rt_lib_shutdown_return                 0x080001ab   Thumb Code     0  libshutdown2.o(.ARM.Collect$$libshutdown$$00000012)
    __rt_lib_shutdown_signal_1               0x080001ab   Thumb Code     0  libshutdown2.o(.ARM.Collect$$libshutdown$$0000000C)
    __rt_lib_shutdown_stdio_1                0x080001ab   Thumb Code     0  libshutdown2.o(.ARM.Collect$$libshutdown$$00000006)
    __rt_lib_shutdown_user_alloc_1           0x080001ab   Thumb Code     0  libshutdown2.o(.ARM.Collect$$libshutdown$$0000000E)
    __rt_entry                               0x080001ad   Thumb Code     0  __rtentry.o(.ARM.Collect$$rtentry$$00000000)
    __rt_entry_presh_1                       0x080001ad   Thumb Code     0  __rtentry2.o(.ARM.Collect$$rtentry$$00000002)
    __rt_entry_sh                            0x080001ad   Thumb Code     0  __rtentry4.o(.ARM.Collect$$rtentry$$00000004)
    __rt_entry_li                            0x080001b3   Thumb Code     0  __rtentry2.o(.ARM.Collect$$rtentry$$0000000A)
    __rt_entry_postsh_1                      0x080001b3   Thumb Code     0  __rtentry2.o(.ARM.Collect$$rtentry$$00000009)
    __rt_entry_main                          0x080001b7   Thumb Code     0  __rtentry2.o(.ARM.Collect$$rtentry$$0000000D)
    __rt_entry_postli_1                      0x080001b7   Thumb Code     0  __rtentry2.o(.ARM.Collect$$rtentry$$0000000C)
    __rt_exit                                0x080001bf   Thumb Code     0  rtexit.o(.ARM.Collect$$rtexit$$00000000)
    __rt_exit_ls                             0x080001c1   Thumb Code     0  rtexit2.o(.ARM.Collect$$rtexit$$00000003)
    __rt_exit_prels_1                        0x080001c1   Thumb Code     0  rtexit2.o(.ARM.Collect$$rtexit$$00000002)
    __rt_exit_exit                           0x080001c5   Thumb Code     0  rtexit2.o(.ARM.Collect$$rtexit$$00000004)
    SVC_Handler                              0x080001cd   Thumb Code    32  port.o(.emb_text)
    __asm___6_port_c_39a90d8d__prvStartFirstTask 0x080001f1   Thumb Code    28  port.o(.emb_text)
    PendSV_Handler                           0x08000211   Thumb Code    72  port.o(.emb_text)
    vPortGetIPSR                             0x0800025d   Thumb Code     6  port.o(.emb_text)
    Reset_Handler                            0x08000265   Thumb Code     8  startup_stm32f103xe.o(.text)
    ADC1_2_IRQHandler                        0x0800027f   Thumb Code     0  startup_stm32f103xe.o(.text)
    ADC3_IRQHandler                          0x0800027f   Thumb Code     0  startup_stm32f103xe.o(.text)
    CAN1_RX1_IRQHandler                      0x0800027f   Thumb Code     0  startup_stm32f103xe.o(.text)
    CAN1_SCE_IRQHandler                      0x0800027f   Thumb Code     0  startup_stm32f103xe.o(.text)
    DMA1_Channel1_IRQHandler                 0x0800027f   Thumb Code     0  startup_stm32f103xe.o(.text)
    DMA1_Channel2_IRQHandler                 0x0800027f   Thumb Code     0  startup_stm32f103xe.o(.text)
    DMA1_Channel3_IRQHandler                 0x0800027f   Thumb Code     0  startup_stm32f103xe.o(.text)
    DMA1_Channel4_IRQHandler                 0x0800027f   Thumb Code     0  startup_stm32f103xe.o(.text)
    DMA1_Channel5_IRQHandler                 0x0800027f   Thumb Code     0  startup_stm32f103xe.o(.text)
    DMA1_Channel6_IRQHandler                 0x0800027f   Thumb Code     0  startup_stm32f103xe.o(.text)
    DMA1_Channel7_IRQHandler                 0x0800027f   Thumb Code     0  startup_stm32f103xe.o(.text)
    DMA2_Channel1_IRQHandler                 0x0800027f   Thumb Code     0  startup_stm32f103xe.o(.text)
    DMA2_Channel2_IRQHandler                 0x0800027f   Thumb Code     0  startup_stm32f103xe.o(.text)
    DMA2_Channel3_IRQHandler                 0x0800027f   Thumb Code     0  startup_stm32f103xe.o(.text)
    DMA2_Channel4_5_IRQHandler               0x0800027f   Thumb Code     0  startup_stm32f103xe.o(.text)
    EXTI0_IRQHandler                         0x0800027f   Thumb Code     0  startup_stm32f103xe.o(.text)
    EXTI1_IRQHandler                         0x0800027f   Thumb Code     0  startup_stm32f103xe.o(.text)
    EXTI2_IRQHandler                         0x0800027f   Thumb Code     0  startup_stm32f103xe.o(.text)
    EXTI3_IRQHandler                         0x0800027f   Thumb Code     0  startup_stm32f103xe.o(.text)
    EXTI4_IRQHandler                         0x0800027f   Thumb Code     0  startup_stm32f103xe.o(.text)
    EXTI9_5_IRQHandler                       0x0800027f   Thumb Code     0  startup_stm32f103xe.o(.text)
    FLASH_IRQHandler                         0x0800027f   Thumb Code     0  startup_stm32f103xe.o(.text)
    FSMC_IRQHandler                          0x0800027f   Thumb Code     0  startup_stm32f103xe.o(.text)
    I2C1_ER_IRQHandler                       0x0800027f   Thumb Code     0  startup_stm32f103xe.o(.text)
    I2C1_EV_IRQHandler                       0x0800027f   Thumb Code     0  startup_stm32f103xe.o(.text)
    I2C2_ER_IRQHandler                       0x0800027f   Thumb Code     0  startup_stm32f103xe.o(.text)
    I2C2_EV_IRQHandler                       0x0800027f   Thumb Code     0  startup_stm32f103xe.o(.text)
    PVD_IRQHandler                           0x0800027f   Thumb Code     0  startup_stm32f103xe.o(.text)
    RCC_IRQHandler                           0x0800027f   Thumb Code     0  startup_stm32f103xe.o(.text)
    RTC_Alarm_IRQHandler                     0x0800027f   Thumb Code     0  startup_stm32f103xe.o(.text)
    RTC_IRQHandler                           0x0800027f   Thumb Code     0  startup_stm32f103xe.o(.text)
    SDIO_IRQHandler                          0x0800027f   Thumb Code     0  startup_stm32f103xe.o(.text)
    SPI1_IRQHandler                          0x0800027f   Thumb Code     0  startup_stm32f103xe.o(.text)
    SPI2_IRQHandler                          0x0800027f   Thumb Code     0  startup_stm32f103xe.o(.text)
    SPI3_IRQHandler                          0x0800027f   Thumb Code     0  startup_stm32f103xe.o(.text)
    TAMPER_IRQHandler                        0x0800027f   Thumb Code     0  startup_stm32f103xe.o(.text)
    TIM1_BRK_IRQHandler                      0x0800027f   Thumb Code     0  startup_stm32f103xe.o(.text)
    TIM1_CC_IRQHandler                       0x0800027f   Thumb Code     0  startup_stm32f103xe.o(.text)
    TIM1_TRG_COM_IRQHandler                  0x0800027f   Thumb Code     0  startup_stm32f103xe.o(.text)
    TIM1_UP_IRQHandler                       0x0800027f   Thumb Code     0  startup_stm32f103xe.o(.text)
    TIM2_IRQHandler                          0x0800027f   Thumb Code     0  startup_stm32f103xe.o(.text)
    TIM3_IRQHandler                          0x0800027f   Thumb Code     0  startup_stm32f103xe.o(.text)
    TIM4_IRQHandler                          0x0800027f   Thumb Code     0  startup_stm32f103xe.o(.text)
    TIM5_IRQHandler                          0x0800027f   Thumb Code     0  startup_stm32f103xe.o(.text)
    TIM6_IRQHandler                          0x0800027f   Thumb Code     0  startup_stm32f103xe.o(.text)
    TIM7_IRQHandler                          0x0800027f   Thumb Code     0  startup_stm32f103xe.o(.text)
    TIM8_BRK_IRQHandler                      0x0800027f   Thumb Code     0  startup_stm32f103xe.o(.text)
    TIM8_CC_IRQHandler                       0x0800027f   Thumb Code     0  startup_stm32f103xe.o(.text)
    TIM8_TRG_COM_IRQHandler                  0x0800027f   Thumb Code     0  startup_stm32f103xe.o(.text)
    UART4_IRQHandler                         0x0800027f   Thumb Code     0  startup_stm32f103xe.o(.text)
    UART5_IRQHandler                         0x0800027f   Thumb Code     0  startup_stm32f103xe.o(.text)
    USART2_IRQHandler                        0x0800027f   Thumb Code     0  startup_stm32f103xe.o(.text)
    USBWakeUp_IRQHandler                     0x0800027f   Thumb Code     0  startup_stm32f103xe.o(.text)
    USB_HP_CAN1_TX_IRQHandler                0x0800027f   Thumb Code     0  startup_stm32f103xe.o(.text)
    USB_LP_CAN1_RX0_IRQHandler               0x0800027f   Thumb Code     0  startup_stm32f103xe.o(.text)
    WWDG_IRQHandler                          0x0800027f   Thumb Code     0  startup_stm32f103xe.o(.text)
    __user_initial_stackheap                 0x08000281   Thumb Code     0  startup_stm32f103xe.o(.text)
    __aeabi_memcpy                           0x080002a5   Thumb Code     0  rt_memcpy_v6.o(.text)
    __rt_memcpy                              0x080002a5   Thumb Code   138  rt_memcpy_v6.o(.text)
    _memcpy_lastbytes                        0x0800030b   Thumb Code     0  rt_memcpy_v6.o(.text)
    __aeabi_memcpy4                          0x0800032f   Thumb Code     0  rt_memcpy_w.o(.text)
    __aeabi_memcpy8                          0x0800032f   Thumb Code     0  rt_memcpy_w.o(.text)
    __rt_memcpy_w                            0x0800032f   Thumb Code   100  rt_memcpy_w.o(.text)
    _memcpy_lastbytes_aligned                0x08000377   Thumb Code     0  rt_memcpy_w.o(.text)
    __aeabi_memset                           0x08000393   Thumb Code    16  aeabi_memset.o(.text)
    __aeabi_memclr                           0x080003a3   Thumb Code     0  rt_memclr.o(.text)
    __rt_memclr                              0x080003a3   Thumb Code    68  rt_memclr.o(.text)
    _memset                                  0x080003a7   Thumb Code     0  rt_memclr.o(.text)
    __aeabi_memclr4                          0x080003e7   Thumb Code     0  rt_memclr_w.o(.text)
    __aeabi_memclr8                          0x080003e7   Thumb Code     0  rt_memclr_w.o(.text)
    __rt_memclr_w                            0x080003e7   Thumb Code    78  rt_memclr_w.o(.text)
    _memset_w                                0x080003eb   Thumb Code     0  rt_memclr_w.o(.text)
    __use_two_region_memory                  0x08000435   Thumb Code     2  heapauxi.o(.text)
    __rt_heap_escrow                         0x08000437   Thumb Code     2  heapauxi.o(.text)
    __rt_heap_expand                         0x08000439   Thumb Code     2  heapauxi.o(.text)
    __user_setup_stackheap                   0x0800043b   Thumb Code    74  sys_stackheap_outer.o(.text)
    exit                                     0x08000485   Thumb Code    18  exit.o(.text)
    __user_libspace                          0x08000499   Thumb Code     8  libspace.o(.text)
    __user_perproc_libspace                  0x08000499   Thumb Code     0  libspace.o(.text)
    __user_perthread_libspace                0x08000499   Thumb Code     0  libspace.o(.text)
    __I$use$semihosting                      0x080004a1   Thumb Code     0  use_no_semi.o(.text)
    __use_no_semihosting_swi                 0x080004a1   Thumb Code     2  use_no_semi.o(.text)
    __semihosting_library_function           0x080004a3   Thumb Code     0  indicate_semi.o(.text)
    _sys_exit                                0x080004a5   Thumb Code     8  sys_exit.o(.text)
    BusFault_Handler                         0x080004b1   Thumb Code     2  stm32f1xx_it.o(i.BusFault_Handler)
    DebugMon_Handler                         0x080004b3   Thumb Code     2  stm32f1xx_it.o(i.DebugMon_Handler)
    EXTI15_10_IRQHandler                     0x080004b5   Thumb Code    22  driver_key.o(i.EXTI15_10_IRQHandler)
    EnableDebugIRQ                           0x080004cd   Thumb Code    32  driver_usart.o(i.EnableDebugIRQ)
    Error_Handler                            0x080004f1   Thumb Code     4  main.o(i.Error_Handler)
    HAL_DMA_Abort                            0x080004f5   Thumb Code    70  stm32f1xx_hal_dma.o(i.HAL_DMA_Abort)
    HAL_DMA_Abort_IT                         0x0800053d   Thumb Code   296  stm32f1xx_hal_dma.o(i.HAL_DMA_Abort_IT)
    HAL_GPIO_EXTI_Callback                   0x0800066d   Thumb Code    42  driver_key.o(i.HAL_GPIO_EXTI_Callback)
    HAL_GPIO_EXTI_IRQHandler                 0x080006a1   Thumb Code    18  stm32f1xx_hal_gpio.o(i.HAL_GPIO_EXTI_IRQHandler)
    HAL_GPIO_Init                            0x080006b9   Thumb Code   462  stm32f1xx_hal_gpio.o(i.HAL_GPIO_Init)
    HAL_GPIO_ReadPin                         0x080008b1   Thumb Code    10  stm32f1xx_hal_gpio.o(i.HAL_GPIO_ReadPin)
    HAL_GPIO_WritePin                        0x080008bb   Thumb Code    10  stm32f1xx_hal_gpio.o(i.HAL_GPIO_WritePin)
    HAL_GetTick                              0x080008c5   Thumb Code     6  stm32f1xx_hal.o(i.HAL_GetTick)
    HAL_IncTick                              0x080008d1   Thumb Code    12  stm32f1xx_hal.o(i.HAL_IncTick)
    HAL_Init                                 0x080008e1   Thumb Code    32  stm32f1xx_hal.o(i.HAL_Init)
    HAL_InitTick                             0x08000905   Thumb Code   118  stm32f1xx_hal_timebase_tim.o(i.HAL_InitTick)
    HAL_MspInit                              0x08000991   Thumb Code    58  stm32f1xx_hal_msp.o(i.HAL_MspInit)
    HAL_NVIC_EnableIRQ                       0x080009d5   Thumb Code    26  stm32f1xx_hal_cortex.o(i.HAL_NVIC_EnableIRQ)
    HAL_NVIC_SetPriority                     0x080009f1   Thumb Code    60  stm32f1xx_hal_cortex.o(i.HAL_NVIC_SetPriority)
    HAL_NVIC_SetPriorityGrouping             0x08000a31   Thumb Code    26  stm32f1xx_hal_cortex.o(i.HAL_NVIC_SetPriorityGrouping)
    HAL_RCC_ClockConfig                      0x08000a55   Thumb Code   280  stm32f1xx_hal_rcc.o(i.HAL_RCC_ClockConfig)
    HAL_RCC_GetClockConfig                   0x08000b81   Thumb Code    54  stm32f1xx_hal_rcc.o(i.HAL_RCC_GetClockConfig)
    HAL_RCC_GetPCLK1Freq                     0x08000bc1   Thumb Code    20  stm32f1xx_hal_rcc.o(i.HAL_RCC_GetPCLK1Freq)
    HAL_RCC_GetPCLK2Freq                     0x08000be1   Thumb Code    20  stm32f1xx_hal_rcc.o(i.HAL_RCC_GetPCLK2Freq)
    HAL_RCC_GetSysClockFreq                  0x08000c01   Thumb Code    58  stm32f1xx_hal_rcc.o(i.HAL_RCC_GetSysClockFreq)
    HAL_RCC_OscConfig                        0x08000c4d   Thumb Code   778  stm32f1xx_hal_rcc.o(i.HAL_RCC_OscConfig)
    HAL_TIMEx_BreakCallback                  0x08000f6d   Thumb Code     2  stm32f1xx_hal_tim_ex.o(i.HAL_TIMEx_BreakCallback)
    HAL_TIMEx_CommutCallback                 0x08000f6f   Thumb Code     2  stm32f1xx_hal_tim_ex.o(i.HAL_TIMEx_CommutCallback)
    HAL_TIM_Base_Init                        0x08000f71   Thumb Code    90  stm32f1xx_hal_tim.o(i.HAL_TIM_Base_Init)
    HAL_TIM_Base_MspInit                     0x08000fcb   Thumb Code     2  stm32f1xx_hal_tim.o(i.HAL_TIM_Base_MspInit)
    HAL_TIM_Base_Start_IT                    0x08000fcd   Thumb Code    88  stm32f1xx_hal_tim.o(i.HAL_TIM_Base_Start_IT)
    HAL_TIM_IC_CaptureCallback               0x08001039   Thumb Code     2  stm32f1xx_hal_tim.o(i.HAL_TIM_IC_CaptureCallback)
    HAL_TIM_IRQHandler                       0x0800103b   Thumb Code   358  stm32f1xx_hal_tim.o(i.HAL_TIM_IRQHandler)
    HAL_TIM_OC_DelayElapsedCallback          0x080011a1   Thumb Code     2  stm32f1xx_hal_tim.o(i.HAL_TIM_OC_DelayElapsedCallback)
    HAL_TIM_PWM_PulseFinishedCallback        0x080011a3   Thumb Code     2  stm32f1xx_hal_tim.o(i.HAL_TIM_PWM_PulseFinishedCallback)
    HAL_TIM_PeriodElapsedCallback            0x080011a5   Thumb Code    14  main.o(i.HAL_TIM_PeriodElapsedCallback)
    HAL_TIM_TriggerCallback                  0x080011b9   Thumb Code     2  stm32f1xx_hal_tim.o(i.HAL_TIM_TriggerCallback)
    HAL_UARTEx_RxEventCallback               0x080011bb   Thumb Code     2  stm32f1xx_hal_uart.o(i.HAL_UARTEx_RxEventCallback)
    HAL_UART_ErrorCallback                   0x080011bd   Thumb Code     2  stm32f1xx_hal_uart.o(i.HAL_UART_ErrorCallback)
    HAL_UART_IRQHandler                      0x080011c1   Thumb Code   616  stm32f1xx_hal_uart.o(i.HAL_UART_IRQHandler)
    HAL_UART_Init                            0x0800142d   Thumb Code   100  stm32f1xx_hal_uart.o(i.HAL_UART_Init)
    HAL_UART_MspInit                         0x08001491   Thumb Code   186  usart.o(i.HAL_UART_MspInit)
    HAL_UART_RxCpltCallback                  0x08001561   Thumb Code    16  driver_usart.o(i.HAL_UART_RxCpltCallback)
    HAL_UART_TxCpltCallback                  0x08001579   Thumb Code    16  driver_usart.o(i.HAL_UART_TxCpltCallback)
    HardFault_Handler                        0x08001591   Thumb Code     2  stm32f1xx_it.o(i.HardFault_Handler)
    KEY_GPIO_ReInit                          0x08001595   Thumb Code    98  driver_key.o(i.KEY_GPIO_ReInit)
    MX_FREERTOS_Init                         0x08001605   Thumb Code    18  freertos.o(i.MX_FREERTOS_Init)
    MX_GPIO_Init                             0x08001625   Thumb Code   152  gpio.o(i.MX_GPIO_Init)
    MX_USART1_UART_Init                      0x080016cd   Thumb Code    48  usart.o(i.MX_USART1_UART_Init)
    MX_USART3_UART_Init                      0x08001705   Thumb Code    48  usart.o(i.MX_USART3_UART_Init)
    MemManage_Handler                        0x0800173d   Thumb Code     2  stm32f1xx_it.o(i.MemManage_Handler)
    NMI_Handler                              0x0800173f   Thumb Code     2  stm32f1xx_it.o(i.NMI_Handler)
    StartDefaultTask                         0x08001741   Thumb Code     8  freertos.o(i.StartDefaultTask)
    SysTick_Handler                          0x08001749   Thumb Code    38  port.o(i.SysTick_Handler)
    SystemClock_Config                       0x08001775   Thumb Code    94  main.o(i.SystemClock_Config)
    SystemInit                               0x080017d3   Thumb Code     2  system_stm32f1xx.o(i.SystemInit)
    TIM8_UP_IRQHandler                       0x080017d5   Thumb Code     6  stm32f1xx_it.o(i.TIM8_UP_IRQHandler)
    TIM_Base_SetConfig                       0x080017e1   Thumb Code   120  stm32f1xx_hal_tim.o(i.TIM_Base_SetConfig)
    USART1_IRQHandler                        0x08001a45   Thumb Code    34  driver_usart.o(i.USART1_IRQHandler)
    USART3_IRQHandler                        0x08001a75   Thumb Code     6  stm32f1xx_it.o(i.USART3_IRQHandler)
    UsageFault_Handler                       0x08001a81   Thumb Code     2  stm32f1xx_it.o(i.UsageFault_Handler)
    main                                     0x08001aa5   Thumb Code    48  main.o(i.main)
    osDelay                                  0x08001ad9   Thumb Code    46  cmsis_os2.o(i.osDelay)
    osKernelInitialize                       0x08001b0d   Thumb Code    50  cmsis_os2.o(i.osKernelInitialize)
    osKernelStart                            0x08001b45   Thumb Code    58  cmsis_os2.o(i.osKernelStart)
    osThreadNew                              0x08001b85   Thumb Code   160  cmsis_os2.o(i.osThreadNew)
    pvPortMalloc                             0x0800236d   Thumb Code   210  heap_4.o(i.pvPortMalloc)
    pxPortInitialiseStack                    0x08002445   Thumb Code    32  port.o(i.pxPortInitialiseStack)
    ring_buffer_init                         0x08002469   Thumb Code    12  ring_buffer.o(i.ring_buffer_init)
    ring_buffer_write                        0x08002475   Thumb Code    30  ring_buffer.o(i.ring_buffer_write)
    uxListRemove                             0x08002493   Thumb Code    38  list.o(i.uxListRemove)
    vApplicationGetIdleTaskMemory            0x080024b9   Thumb Code    16  cmsis_os2.o(i.vApplicationGetIdleTaskMemory)
    vApplicationGetTimerTaskMemory           0x080024cd   Thumb Code    18  cmsis_os2.o(i.vApplicationGetTimerTaskMemory)
    vListInitialise                          0x080024e5   Thumb Code    22  list.o(i.vListInitialise)
    vListInitialiseItem                      0x080024fb   Thumb Code     6  list.o(i.vListInitialiseItem)
    vListInsert                              0x08002501   Thumb Code    48  list.o(i.vListInsert)
    vListInsertEnd                           0x08002531   Thumb Code    24  list.o(i.vListInsertEnd)
    vPortEnterCritical                       0x08002549   Thumb Code    54  port.o(i.vPortEnterCritical)
    vPortExitCritical                        0x08002589   Thumb Code    34  port.o(i.vPortExitCritical)
    vPortFree                                0x080025b1   Thumb Code    88  heap_4.o(i.vPortFree)
    vPortSetupTimerInterrupt                 0x0800260d   Thumb Code    32  port.o(i.vPortSetupTimerInterrupt)
    vPortValidateInterruptPriority           0x08002631   Thumb Code    74  port.o(i.vPortValidateInterruptPriority)
    vQueueAddToRegistry                      0x08002685   Thumb Code    34  queue.o(i.vQueueAddToRegistry)
    vQueueWaitForMessageRestricted           0x080026ad   Thumb Code    68  queue.o(i.vQueueWaitForMessageRestricted)
    vTaskDelay                               0x080026f1   Thumb Code    66  tasks.o(i.vTaskDelay)
    vTaskInternalSetTimeOutState             0x0800273d   Thumb Code    12  tasks.o(i.vTaskInternalSetTimeOutState)
    vTaskMissedYield                         0x0800274d   Thumb Code     8  tasks.o(i.vTaskMissedYield)
    vTaskPlaceOnEventList                    0x08002759   Thumb Code    44  tasks.o(i.vTaskPlaceOnEventList)
    vTaskPlaceOnEventListRestricted          0x08002789   Thumb Code    52  tasks.o(i.vTaskPlaceOnEventListRestricted)
    vTaskStartScheduler                      0x080027c1   Thumb Code   118  tasks.o(i.vTaskStartScheduler)
    vTaskSuspendAll                          0x08002849   Thumb Code    10  tasks.o(i.vTaskSuspendAll)
    vTaskSwitchContext                       0x08002859   Thumb Code    90  tasks.o(i.vTaskSwitchContext)
    xPortStartScheduler                      0x080028bd   Thumb Code   154  port.o(i.xPortStartScheduler)
    xQueueGenericCreateStatic                0x08002965   Thumb Code   102  queue.o(i.xQueueGenericCreateStatic)
    xQueueGenericReset                       0x080029cd   Thumb Code   132  queue.o(i.xQueueGenericReset)
    xQueueGenericSend                        0x08002a55   Thumb Code   346  queue.o(i.xQueueGenericSend)
    xQueueGenericSendFromISR                 0x08002bb5   Thumb Code   188  queue.o(i.xQueueGenericSendFromISR)
    xQueueReceive                            0x08002c71   Thumb Code   308  queue.o(i.xQueueReceive)
    xTaskCheckForTimeOut                     0x08002da9   Thumb Code   112  tasks.o(i.xTaskCheckForTimeOut)
    xTaskCreate                              0x08002e1d   Thumb Code    90  tasks.o(i.xTaskCreate)
    xTaskCreateStatic                        0x08002e77   Thumb Code    86  tasks.o(i.xTaskCreateStatic)
    xTaskGetSchedulerState                   0x08002ecd   Thumb Code    22  tasks.o(i.xTaskGetSchedulerState)
    xTaskGetTickCount                        0x08002ee9   Thumb Code     6  tasks.o(i.xTaskGetTickCount)
    xTaskIncrementTick                       0x08002ef5   Thumb Code   190  tasks.o(i.xTaskIncrementTick)
    xTaskPriorityDisinherit                  0x08002fbd   Thumb Code   118  tasks.o(i.xTaskPriorityDisinherit)
    xTaskRemoveFromEventList                 0x0800303d   Thumb Code    98  tasks.o(i.xTaskRemoveFromEventList)
    xTaskResumeAll                           0x080030ad   Thumb Code   182  tasks.o(i.xTaskResumeAll)
    xTimerCreateTimerTask                    0x08003171   Thumb Code    78  timers.o(i.xTimerCreateTimerTask)
    xTimerGenericCommand                     0x080031d1   Thumb Code    98  timers.o(i.xTimerGenericCommand)
    defaultTask_attributes                   0x08003238   Data          36  freertos.o(.constdata)
    AHBPrescTable                            0x0800326e   Data          16  system_stm32f1xx.o(.constdata)
    APBPrescTable                            0x0800327e   Data           8  system_stm32f1xx.o(.constdata)
    Region$$Table$$Base                      0x08003294   Number         0  anon$$obj.o(Region$$Table)
    Region$$Table$$Limit                     0x080032b4   Number         0  anon$$obj.o(Region$$Table)
    defaultTaskHandle                        0x20000000   Data           4  freertos.o(.data)
    uwTickFreq                               0x20000004   Data           1  stm32f1xx_hal.o(.data)
    uwTickPrio                               0x20000008   Data           4  stm32f1xx_hal.o(.data)
    uwTick                                   0x2000000c   Data           4  stm32f1xx_hal.o(.data)
    SystemCoreClock                          0x20000010   Data           4  system_stm32f1xx.o(.data)
    pxCurrentTCB                             0x20000014   Data           4  tasks.o(.data)
    test_buffer                              0x20000090   Data        1032  main.o(.bss)
    huart1                                   0x20000498   Data          72  usart.o(.bss)
    huart3                                   0x200004e0   Data          72  usart.o(.bss)
    htim8                                    0x20000528   Data          72  stm32f1xx_hal_timebase_tim.o(.bss)
    xQueueRegistry                           0x20000570   Data          64  queue.o(.bss)
    __libspace_start                         0x20001e44   Data          96  libspace.o(.bss)
    __temporary_stack_top$libspace           0x20001ea4   Data           0  libspace.o(.bss)



==============================================================================

Memory Map of the image

  Image Entry point : 0x08000131

  Load Region LR_IROM1 (Base: 0x08000000, Size: 0x00003344, Max: 0x00080000, ABSOLUTE)

    Execution Region ER_IROM1 (Exec base: 0x08000000, Load base: 0x08000000, Size: 0x000032b4, Max: 0x00080000, ABSOLUTE)

    Exec Addr    Load Addr    Size         Type   Attr      Idx    E Section Name        Object

    0x08000000   0x08000000   0x00000130   Data   RO            3    RESET               startup_stm32f103xe.o
    0x08000130   0x08000130   0x00000008   Code   RO         5921  * !!!main             c_w.l(__main.o)
    0x08000138   0x08000138   0x00000034   Code   RO         6246    !!!scatter          c_w.l(__scatter.o)
    0x0800016c   0x0800016c   0x0000001a   Code   RO         6248    !!handler_copy      c_w.l(__scatter_copy.o)
    0x08000186   0x08000186   0x00000002   PAD
    0x08000188   0x08000188   0x0000001c   Code   RO         6250    !!handler_zi        c_w.l(__scatter_zi.o)
    0x080001a4   0x080001a4   0x00000002   Code   RO         6108    .ARM.Collect$$libinit$$00000000  c_w.l(libinit.o)
    0x080001a6   0x080001a6   0x00000000   Code   RO         5944    .ARM.Collect$$libinit$$00000002  c_w.l(libinit2.o)
    0x080001a6   0x080001a6   0x00000000   Code   RO         5946    .ARM.Collect$$libinit$$00000004  c_w.l(libinit2.o)
    0x080001a6   0x080001a6   0x00000000   Code   RO         5949    .ARM.Collect$$libinit$$0000000A  c_w.l(libinit2.o)
    0x080001a6   0x080001a6   0x00000000   Code   RO         5951    .ARM.Collect$$libinit$$0000000C  c_w.l(libinit2.o)
    0x080001a6   0x080001a6   0x00000000   Code   RO         5953    .ARM.Collect$$libinit$$0000000E  c_w.l(libinit2.o)
    0x080001a6   0x080001a6   0x00000000   Code   RO         5956    .ARM.Collect$$libinit$$00000011  c_w.l(libinit2.o)
    0x080001a6   0x080001a6   0x00000000   Code   RO         5958    .ARM.Collect$$libinit$$00000013  c_w.l(libinit2.o)
    0x080001a6   0x080001a6   0x00000000   Code   RO         5960    .ARM.Collect$$libinit$$00000015  c_w.l(libinit2.o)
    0x080001a6   0x080001a6   0x00000000   Code   RO         5962    .ARM.Collect$$libinit$$00000017  c_w.l(libinit2.o)
    0x080001a6   0x080001a6   0x00000000   Code   RO         5964    .ARM.Collect$$libinit$$00000019  c_w.l(libinit2.o)
    0x080001a6   0x080001a6   0x00000000   Code   RO         5966    .ARM.Collect$$libinit$$0000001B  c_w.l(libinit2.o)
    0x080001a6   0x080001a6   0x00000000   Code   RO         5968    .ARM.Collect$$libinit$$0000001D  c_w.l(libinit2.o)
    0x080001a6   0x080001a6   0x00000000   Code   RO         5970    .ARM.Collect$$libinit$$0000001F  c_w.l(libinit2.o)
    0x080001a6   0x080001a6   0x00000000   Code   RO         5972    .ARM.Collect$$libinit$$00000021  c_w.l(libinit2.o)
    0x080001a6   0x080001a6   0x00000000   Code   RO         5974    .ARM.Collect$$libinit$$00000023  c_w.l(libinit2.o)
    0x080001a6   0x080001a6   0x00000000   Code   RO         5976    .ARM.Collect$$libinit$$00000025  c_w.l(libinit2.o)
    0x080001a6   0x080001a6   0x00000000   Code   RO         5980    .ARM.Collect$$libinit$$0000002C  c_w.l(libinit2.o)
    0x080001a6   0x080001a6   0x00000000   Code   RO         5982    .ARM.Collect$$libinit$$0000002E  c_w.l(libinit2.o)
    0x080001a6   0x080001a6   0x00000000   Code   RO         5984    .ARM.Collect$$libinit$$00000030  c_w.l(libinit2.o)
    0x080001a6   0x080001a6   0x00000000   Code   RO         5986    .ARM.Collect$$libinit$$00000032  c_w.l(libinit2.o)
    0x080001a6   0x080001a6   0x00000002   Code   RO         5987    .ARM.Collect$$libinit$$00000033  c_w.l(libinit2.o)
    0x080001a8   0x080001a8   0x00000002   Code   RO         6225    .ARM.Collect$$libshutdown$$00000000  c_w.l(libshutdown.o)
    0x080001aa   0x080001aa   0x00000000   Code   RO         6110    .ARM.Collect$$libshutdown$$00000002  c_w.l(libshutdown2.o)
    0x080001aa   0x080001aa   0x00000000   Code   RO         6112    .ARM.Collect$$libshutdown$$00000004  c_w.l(libshutdown2.o)
    0x080001aa   0x080001aa   0x00000000   Code   RO         6114    .ARM.Collect$$libshutdown$$00000006  c_w.l(libshutdown2.o)
    0x080001aa   0x080001aa   0x00000000   Code   RO         6117    .ARM.Collect$$libshutdown$$00000009  c_w.l(libshutdown2.o)
    0x080001aa   0x080001aa   0x00000000   Code   RO         6120    .ARM.Collect$$libshutdown$$0000000C  c_w.l(libshutdown2.o)
    0x080001aa   0x080001aa   0x00000000   Code   RO         6122    .ARM.Collect$$libshutdown$$0000000E  c_w.l(libshutdown2.o)
    0x080001aa   0x080001aa   0x00000000   Code   RO         6125    .ARM.Collect$$libshutdown$$00000011  c_w.l(libshutdown2.o)
    0x080001aa   0x080001aa   0x00000002   Code   RO         6126    .ARM.Collect$$libshutdown$$00000012  c_w.l(libshutdown2.o)
    0x080001ac   0x080001ac   0x00000000   Code   RO         5923    .ARM.Collect$$rtentry$$00000000  c_w.l(__rtentry.o)
    0x080001ac   0x080001ac   0x00000000   Code   RO         5989    .ARM.Collect$$rtentry$$00000002  c_w.l(__rtentry2.o)
    0x080001ac   0x080001ac   0x00000006   Code   RO         6001    .ARM.Collect$$rtentry$$00000004  c_w.l(__rtentry4.o)
    0x080001b2   0x080001b2   0x00000000   Code   RO         5991    .ARM.Collect$$rtentry$$00000009  c_w.l(__rtentry2.o)
    0x080001b2   0x080001b2   0x00000004   Code   RO         5992    .ARM.Collect$$rtentry$$0000000A  c_w.l(__rtentry2.o)
    0x080001b6   0x080001b6   0x00000000   Code   RO         5994    .ARM.Collect$$rtentry$$0000000C  c_w.l(__rtentry2.o)
    0x080001b6   0x080001b6   0x00000008   Code   RO         5995    .ARM.Collect$$rtentry$$0000000D  c_w.l(__rtentry2.o)
    0x080001be   0x080001be   0x00000002   Code   RO         6135    .ARM.Collect$$rtexit$$00000000  c_w.l(rtexit.o)
    0x080001c0   0x080001c0   0x00000000   Code   RO         6183    .ARM.Collect$$rtexit$$00000002  c_w.l(rtexit2.o)
    0x080001c0   0x080001c0   0x00000004   Code   RO         6184    .ARM.Collect$$rtexit$$00000003  c_w.l(rtexit2.o)
    0x080001c4   0x080001c4   0x00000006   Code   RO         6185    .ARM.Collect$$rtexit$$00000004  c_w.l(rtexit2.o)
    0x080001ca   0x080001ca   0x00000002   PAD
    0x080001cc   0x080001cc   0x00000096   Code   RO         4377    .emb_text           port.o
    0x08000262   0x08000262   0x00000002   PAD
    0x08000264   0x08000264   0x00000040   Code   RO            4    .text               startup_stm32f103xe.o
    0x080002a4   0x080002a4   0x0000008a   Code   RO         5907    .text               c_w.l(rt_memcpy_v6.o)
    0x0800032e   0x0800032e   0x00000064   Code   RO         5909    .text               c_w.l(rt_memcpy_w.o)
    0x08000392   0x08000392   0x00000010   Code   RO         5913    .text               c_w.l(aeabi_memset.o)
    0x080003a2   0x080003a2   0x00000044   Code   RO         5915    .text               c_w.l(rt_memclr.o)
    0x080003e6   0x080003e6   0x0000004e   Code   RO         5917    .text               c_w.l(rt_memclr_w.o)
    0x08000434   0x08000434   0x00000006   Code   RO         5919    .text               c_w.l(heapauxi.o)
    0x0800043a   0x0800043a   0x0000004a   Code   RO         6024    .text               c_w.l(sys_stackheap_outer.o)
    0x08000484   0x08000484   0x00000012   Code   RO         6093    .text               c_w.l(exit.o)
    0x08000496   0x08000496   0x00000002   PAD
    0x08000498   0x08000498   0x00000008   Code   RO         6129    .text               c_w.l(libspace.o)
    0x080004a0   0x080004a0   0x00000002   Code   RO         6132    .text               c_w.l(use_no_semi.o)
    0x080004a2   0x080004a2   0x00000000   Code   RO         6134    .text               c_w.l(indicate_semi.o)
    0x080004a2   0x080004a2   0x00000002   PAD
    0x080004a4   0x080004a4   0x0000000c   Code   RO         6180    .text               c_w.l(sys_exit.o)
    0x080004b0   0x080004b0   0x00000002   Code   RO          318    i.BusFault_Handler  stm32f1xx_it.o
    0x080004b2   0x080004b2   0x00000002   Code   RO          319    i.DebugMon_Handler  stm32f1xx_it.o
    0x080004b4   0x080004b4   0x00000016   Code   RO         4457    i.EXTI15_10_IRQHandler  driver_key.o
    0x080004ca   0x080004ca   0x00000002   PAD
    0x080004cc   0x080004cc   0x00000024   Code   RO         4511    i.EnableDebugIRQ    driver_usart.o
    0x080004f0   0x080004f0   0x00000004   Code   RO           13    i.Error_Handler     main.o
    0x080004f4   0x080004f4   0x00000046   Code   RO          868    i.HAL_DMA_Abort     stm32f1xx_hal_dma.o
    0x0800053a   0x0800053a   0x00000002   PAD
    0x0800053c   0x0800053c   0x00000130   Code   RO          869    i.HAL_DMA_Abort_IT  stm32f1xx_hal_dma.o
    0x0800066c   0x0800066c   0x00000034   Code   RO         4458    i.HAL_GPIO_EXTI_Callback  driver_key.o
    0x080006a0   0x080006a0   0x00000018   Code   RO          803    i.HAL_GPIO_EXTI_IRQHandler  stm32f1xx_hal_gpio.o
    0x080006b8   0x080006b8   0x000001f8   Code   RO          804    i.HAL_GPIO_Init     stm32f1xx_hal_gpio.o
    0x080008b0   0x080008b0   0x0000000a   Code   RO          806    i.HAL_GPIO_ReadPin  stm32f1xx_hal_gpio.o
    0x080008ba   0x080008ba   0x0000000a   Code   RO          808    i.HAL_GPIO_WritePin  stm32f1xx_hal_gpio.o
    0x080008c4   0x080008c4   0x0000000c   Code   RO          498    i.HAL_GetTick       stm32f1xx_hal.o
    0x080008d0   0x080008d0   0x00000010   Code   RO          504    i.HAL_IncTick       stm32f1xx_hal.o
    0x080008e0   0x080008e0   0x00000024   Code   RO          505    i.HAL_Init          stm32f1xx_hal.o
    0x08000904   0x08000904   0x0000008c   Code   RO          412    i.HAL_InitTick      stm32f1xx_hal_timebase_tim.o
    0x08000990   0x08000990   0x00000044   Code   RO          388    i.HAL_MspInit       stm32f1xx_hal_msp.o
    0x080009d4   0x080009d4   0x0000001a   Code   RO          964    i.HAL_NVIC_EnableIRQ  stm32f1xx_hal_cortex.o
    0x080009ee   0x080009ee   0x00000002   PAD
    0x080009f0   0x080009f0   0x00000040   Code   RO          970    i.HAL_NVIC_SetPriority  stm32f1xx_hal_cortex.o
    0x08000a30   0x08000a30   0x00000024   Code   RO          971    i.HAL_NVIC_SetPriorityGrouping  stm32f1xx_hal_cortex.o
    0x08000a54   0x08000a54   0x0000012c   Code   RO          662    i.HAL_RCC_ClockConfig  stm32f1xx_hal_rcc.o
    0x08000b80   0x08000b80   0x00000040   Code   RO          666    i.HAL_RCC_GetClockConfig  stm32f1xx_hal_rcc.o
    0x08000bc0   0x08000bc0   0x00000020   Code   RO          669    i.HAL_RCC_GetPCLK1Freq  stm32f1xx_hal_rcc.o
    0x08000be0   0x08000be0   0x00000020   Code   RO          670    i.HAL_RCC_GetPCLK2Freq  stm32f1xx_hal_rcc.o
    0x08000c00   0x08000c00   0x0000004c   Code   RO          671    i.HAL_RCC_GetSysClockFreq  stm32f1xx_hal_rcc.o
    0x08000c4c   0x08000c4c   0x00000320   Code   RO          674    i.HAL_RCC_OscConfig  stm32f1xx_hal_rcc.o
    0x08000f6c   0x08000f6c   0x00000002   Code   RO         2170    i.HAL_TIMEx_BreakCallback  stm32f1xx_hal_tim_ex.o
    0x08000f6e   0x08000f6e   0x00000002   Code   RO         2171    i.HAL_TIMEx_CommutCallback  stm32f1xx_hal_tim_ex.o
    0x08000f70   0x08000f70   0x0000005a   Code   RO         1466    i.HAL_TIM_Base_Init  stm32f1xx_hal_tim.o
    0x08000fca   0x08000fca   0x00000002   Code   RO         1468    i.HAL_TIM_Base_MspInit  stm32f1xx_hal_tim.o
    0x08000fcc   0x08000fcc   0x0000006c   Code   RO         1471    i.HAL_TIM_Base_Start_IT  stm32f1xx_hal_tim.o
    0x08001038   0x08001038   0x00000002   Code   RO         1500    i.HAL_TIM_IC_CaptureCallback  stm32f1xx_hal_tim.o
    0x0800103a   0x0800103a   0x00000166   Code   RO         1514    i.HAL_TIM_IRQHandler  stm32f1xx_hal_tim.o
    0x080011a0   0x080011a0   0x00000002   Code   RO         1517    i.HAL_TIM_OC_DelayElapsedCallback  stm32f1xx_hal_tim.o
    0x080011a2   0x080011a2   0x00000002   Code   RO         1544    i.HAL_TIM_PWM_PulseFinishedCallback  stm32f1xx_hal_tim.o
    0x080011a4   0x080011a4   0x00000014   Code   RO           14    i.HAL_TIM_PeriodElapsedCallback  main.o
    0x080011b8   0x080011b8   0x00000002   Code   RO         1557    i.HAL_TIM_TriggerCallback  stm32f1xx_hal_tim.o
    0x080011ba   0x080011ba   0x00000002   Code   RO         2449    i.HAL_UARTEx_RxEventCallback  stm32f1xx_hal_uart.o
    0x080011bc   0x080011bc   0x00000002   Code   RO         2463    i.HAL_UART_ErrorCallback  stm32f1xx_hal_uart.o
    0x080011be   0x080011be   0x00000002   PAD
    0x080011c0   0x080011c0   0x0000026c   Code   RO         2466    i.HAL_UART_IRQHandler  stm32f1xx_hal_uart.o
    0x0800142c   0x0800142c   0x00000064   Code   RO         2467    i.HAL_UART_Init     stm32f1xx_hal_uart.o
    0x08001490   0x08001490   0x000000d0   Code   RO          271    i.HAL_UART_MspInit  usart.o
    0x08001560   0x08001560   0x00000018   Code   RO         4512    i.HAL_UART_RxCpltCallback  driver_usart.o
    0x08001578   0x08001578   0x00000018   Code   RO         4513    i.HAL_UART_TxCpltCallback  driver_usart.o
    0x08001590   0x08001590   0x00000002   Code   RO          320    i.HardFault_Handler  stm32f1xx_it.o
    0x08001592   0x08001592   0x00000002   PAD
    0x08001594   0x08001594   0x00000070   Code   RO         4461    i.KEY_GPIO_ReInit   driver_key.o
    0x08001604   0x08001604   0x00000020   Code   RO          221    i.MX_FREERTOS_Init  freertos.o
    0x08001624   0x08001624   0x000000a8   Code   RO          193    i.MX_GPIO_Init      gpio.o
    0x080016cc   0x080016cc   0x00000038   Code   RO          272    i.MX_USART1_UART_Init  usart.o
    0x08001704   0x08001704   0x00000038   Code   RO          273    i.MX_USART3_UART_Init  usart.o
    0x0800173c   0x0800173c   0x00000002   Code   RO          321    i.MemManage_Handler  stm32f1xx_it.o
    0x0800173e   0x0800173e   0x00000002   Code   RO          322    i.NMI_Handler       stm32f1xx_it.o
    0x08001740   0x08001740   0x00000008   Code   RO          222    i.StartDefaultTask  freertos.o
    0x08001748   0x08001748   0x0000002c   Code   RO         4378    i.SysTick_Handler   port.o
    0x08001774   0x08001774   0x0000005e   Code   RO           15    i.SystemClock_Config  main.o
    0x080017d2   0x080017d2   0x00000002   Code   RO         2801    i.SystemInit        system_stm32f1xx.o
    0x080017d4   0x080017d4   0x0000000c   Code   RO          323    i.TIM8_UP_IRQHandler  stm32f1xx_it.o
    0x080017e0   0x080017e0   0x0000008c   Code   RO         1559    i.TIM_Base_SetConfig  stm32f1xx_hal_tim.o
    0x0800186c   0x0800186c   0x00000010   Code   RO         2480    i.UART_DMAAbortOnError  stm32f1xx_hal_uart.o
    0x0800187c   0x0800187c   0x0000004e   Code   RO         2490    i.UART_EndRxTransfer  stm32f1xx_hal_uart.o
    0x080018ca   0x080018ca   0x000000c2   Code   RO         2492    i.UART_Receive_IT   stm32f1xx_hal_uart.o
    0x0800198c   0x0800198c   0x000000b8   Code   RO         2493    i.UART_SetConfig    stm32f1xx_hal_uart.o
    0x08001a44   0x08001a44   0x00000030   Code   RO         4514    i.USART1_IRQHandler  driver_usart.o
    0x08001a74   0x08001a74   0x0000000c   Code   RO          324    i.USART3_IRQHandler  stm32f1xx_it.o
    0x08001a80   0x08001a80   0x00000002   Code   RO          325    i.UsageFault_Handler  stm32f1xx_it.o
    0x08001a82   0x08001a82   0x00000020   Code   RO          977    i.__NVIC_SetPriority  stm32f1xx_hal_cortex.o
    0x08001aa2   0x08001aa2   0x00000002   PAD
    0x08001aa4   0x08001aa4   0x00000034   Code   RO           16    i.main              main.o
    0x08001ad8   0x08001ad8   0x00000034   Code   RO         3907    i.osDelay           cmsis_os2.o
    0x08001b0c   0x08001b0c   0x00000038   Code   RO         3921    i.osKernelInitialize  cmsis_os2.o
    0x08001b44   0x08001b44   0x00000040   Code   RO         3924    i.osKernelStart     cmsis_os2.o
    0x08001b84   0x08001b84   0x000000a4   Code   RO         3958    i.osThreadNew       cmsis_os2.o
    0x08001c28   0x08001c28   0x0000005c   Code   RO         3403    i.prvAddCurrentTaskToDelayedList  tasks.o
    0x08001c84   0x08001c84   0x000000d0   Code   RO         3404    i.prvAddNewTaskToReadyList  tasks.o
    0x08001d54   0x08001d54   0x00000058   Code   RO         3753    i.prvCheckForValidListAndQueue  timers.o
    0x08001dac   0x08001dac   0x00000026   Code   RO         3006    i.prvCopyDataFromQueue  queue.o
    0x08001dd2   0x08001dd2   0x0000006c   Code   RO         3007    i.prvCopyDataToQueue  queue.o
    0x08001e3e   0x08001e3e   0x00000034   Code   RO         3405    i.prvDeleteTCB      tasks.o
    0x08001e72   0x08001e72   0x00000002   PAD
    0x08001e74   0x08001e74   0x0000004c   Code   RO         4328    i.prvHeapInit       heap_4.o
    0x08001ec0   0x08001ec0   0x00000060   Code   RO         3406    i.prvIdleTask       tasks.o
    0x08001f20   0x08001f20   0x00000022   Code   RO         3009    i.prvInitialiseNewQueue  queue.o
    0x08001f42   0x08001f42   0x0000009c   Code   RO         3407    i.prvInitialiseNewTask  tasks.o
    0x08001fde   0x08001fde   0x00000002   PAD
    0x08001fe0   0x08001fe0   0x0000004c   Code   RO         4329    i.prvInsertBlockIntoFreeList  heap_4.o
    0x0800202c   0x0800202c   0x00000038   Code   RO         3755    i.prvInsertTimerInActiveList  timers.o
    0x08002064   0x08002064   0x0000001c   Code   RO         3010    i.prvIsQueueEmpty   queue.o
    0x08002080   0x08002080   0x000000cc   Code   RO         3756    i.prvProcessReceivedCommands  timers.o
    0x0800214c   0x0800214c   0x000000b4   Code   RO         3757    i.prvProcessTimerOrBlockTask  timers.o
    0x08002200   0x08002200   0x00000020   Code   RO         3409    i.prvResetNextTaskUnblockTime  tasks.o
    0x08002220   0x08002220   0x00000028   Code   RO         3758    i.prvSampleTimeNow  timers.o
    0x08002248   0x08002248   0x0000006c   Code   RO         3759    i.prvSwitchTimerLists  timers.o
    0x080022b4   0x080022b4   0x00000028   Code   RO         4379    i.prvTaskExitError  port.o
    0x080022dc   0x080022dc   0x00000024   Code   RO         3760    i.prvTimerTask      timers.o
    0x08002300   0x08002300   0x0000006a   Code   RO         3011    i.prvUnlockQueue    queue.o
    0x0800236a   0x0800236a   0x00000002   PAD
    0x0800236c   0x0800236c   0x000000d8   Code   RO         4330    i.pvPortMalloc      heap_4.o
    0x08002444   0x08002444   0x00000024   Code   RO         4380    i.pxPortInitialiseStack  port.o
    0x08002468   0x08002468   0x0000000c   Code   RO         4575    i.ring_buffer_init  ring_buffer.o
    0x08002474   0x08002474   0x0000001e   Code   RO         4577    i.ring_buffer_write  ring_buffer.o
    0x08002492   0x08002492   0x00000026   Code   RO         2966    i.uxListRemove      list.o
    0x080024b8   0x080024b8   0x00000014   Code   RO         3970    i.vApplicationGetIdleTaskMemory  cmsis_os2.o
    0x080024cc   0x080024cc   0x00000018   Code   RO         3971    i.vApplicationGetTimerTaskMemory  cmsis_os2.o
    0x080024e4   0x080024e4   0x00000016   Code   RO         2967    i.vListInitialise   list.o
    0x080024fa   0x080024fa   0x00000006   Code   RO         2968    i.vListInitialiseItem  list.o
    0x08002500   0x08002500   0x00000030   Code   RO         2969    i.vListInsert       list.o
    0x08002530   0x08002530   0x00000018   Code   RO         2970    i.vListInsertEnd    list.o
    0x08002548   0x08002548   0x00000040   Code   RO         4382    i.vPortEnterCritical  port.o
    0x08002588   0x08002588   0x00000028   Code   RO         4383    i.vPortExitCritical  port.o
    0x080025b0   0x080025b0   0x0000005c   Code   RO         4331    i.vPortFree         heap_4.o
    0x0800260c   0x0800260c   0x00000024   Code   RO         4384    i.vPortSetupTimerInterrupt  port.o
    0x08002630   0x08002630   0x00000054   Code   RO         4385    i.vPortValidateInterruptPriority  port.o
    0x08002684   0x08002684   0x00000028   Code   RO         3017    i.vQueueAddToRegistry  queue.o
    0x080026ac   0x080026ac   0x00000044   Code   RO         3021    i.vQueueWaitForMessageRestricted  queue.o
    0x080026f0   0x080026f0   0x0000004c   Code   RO         3421    i.vTaskDelay        tasks.o
    0x0800273c   0x0800273c   0x00000010   Code   RO         3426    i.vTaskInternalSetTimeOutState  tasks.o
    0x0800274c   0x0800274c   0x0000000c   Code   RO         3427    i.vTaskMissedYield  tasks.o
    0x08002758   0x08002758   0x00000030   Code   RO         3429    i.vTaskPlaceOnEventList  tasks.o
    0x08002788   0x08002788   0x00000038   Code   RO         3430    i.vTaskPlaceOnEventListRestricted  tasks.o
    0x080027c0   0x080027c0   0x00000088   Code   RO         3438    i.vTaskStartScheduler  tasks.o
    0x08002848   0x08002848   0x00000010   Code   RO         3440    i.vTaskSuspendAll   tasks.o
    0x08002858   0x08002858   0x00000064   Code   RO         3441    i.vTaskSwitchContext  tasks.o
    0x080028bc   0x080028bc   0x000000a8   Code   RO         4386    i.xPortStartScheduler  port.o
    0x08002964   0x08002964   0x00000066   Code   RO         3027    i.xQueueGenericCreateStatic  queue.o
    0x080029ca   0x080029ca   0x00000002   PAD
    0x080029cc   0x080029cc   0x00000088   Code   RO         3028    i.xQueueGenericReset  queue.o
    0x08002a54   0x08002a54   0x00000160   Code   RO         3029    i.xQueueGenericSend  queue.o
    0x08002bb4   0x08002bb4   0x000000bc   Code   RO         3030    i.xQueueGenericSendFromISR  queue.o
    0x08002c70   0x08002c70   0x00000138   Code   RO         3039    i.xQueueReceive     queue.o
    0x08002da8   0x08002da8   0x00000074   Code   RO         3442    i.xTaskCheckForTimeOut  tasks.o
    0x08002e1c   0x08002e1c   0x0000005a   Code   RO         3443    i.xTaskCreate       tasks.o
    0x08002e76   0x08002e76   0x00000056   Code   RO         3444    i.xTaskCreateStatic  tasks.o
    0x08002ecc   0x08002ecc   0x0000001c   Code   RO         3448    i.xTaskGetSchedulerState  tasks.o
    0x08002ee8   0x08002ee8   0x0000000c   Code   RO         3449    i.xTaskGetTickCount  tasks.o
    0x08002ef4   0x08002ef4   0x000000c8   Code   RO         3451    i.xTaskIncrementTick  tasks.o
    0x08002fbc   0x08002fbc   0x00000080   Code   RO         3454    i.xTaskPriorityDisinherit  tasks.o
    0x0800303c   0x0800303c   0x00000070   Code   RO         3456    i.xTaskRemoveFromEventList  tasks.o
    0x080030ac   0x080030ac   0x000000c4   Code   RO         3457    i.xTaskResumeAll    tasks.o
    0x08003170   0x08003170   0x00000060   Code   RO         3767    i.xTimerCreateTimerTask  timers.o
    0x080031d0   0x080031d0   0x00000068   Code   RO         3768    i.xTimerGenericCommand  timers.o
    0x08003238   0x08003238   0x00000024   Data   RO          223    .constdata          freertos.o
    0x0800325c   0x0800325c   0x00000012   Data   RO          675    .constdata          stm32f1xx_hal_rcc.o
    0x0800326e   0x0800326e   0x00000010   Data   RO         2802    .constdata          system_stm32f1xx.o
    0x0800327e   0x0800327e   0x00000008   Data   RO         2803    .constdata          system_stm32f1xx.o
    0x08003286   0x08003286   0x00000002   PAD
    0x08003288   0x08003288   0x0000000c   Data   RO          224    .conststring        freertos.o
    0x08003294   0x08003294   0x00000020   Data   RO         6244    Region$$Table       anon$$obj.o


    Execution Region RW_IRAM1 (Exec base: 0x20000000, Load base: 0x080032b4, Size: 0x000024a8, Max: 0x00010000, ABSOLUTE)

    Exec Addr    Load Addr    Size         Type   Attr      Idx    E Section Name        Object

    0x20000000   0x080032b4   0x00000004   Data   RW          225    .data               freertos.o
    0x20000004   0x080032b8   0x0000000c   Data   RW          512    .data               stm32f1xx_hal.o
    0x20000010   0x080032c4   0x00000004   Data   RW         2804    .data               system_stm32f1xx.o
    0x20000014   0x080032c8   0x0000003c   Data   RW         3460    .data               tasks.o
    0x20000050   0x08003304   0x00000014   Data   RW         3776    .data               timers.o
    0x20000064   0x08003318   0x00000004   Data   RW         3973    .data               cmsis_os2.o
    0x20000068   0x0800331c   0x00000018   Data   RW         4336    .data               heap_4.o
    0x20000080   0x08003334   0x0000000c   Data   RW         4387    .data               port.o
    0x2000008c   0x08003340   0x00000002   Data   RW         4462    .data               driver_key.o
    0x2000008e   0x08003342   0x00000002   Data   RW         4517    .data               driver_usart.o
    0x20000090        -       0x00000408   Zero   RW           17    .bss                main.o
    0x20000498        -       0x00000090   Zero   RW          274    .bss                usart.o
    0x20000528        -       0x00000048   Zero   RW          415    .bss                stm32f1xx_hal_timebase_tim.o
    0x20000570        -       0x00000040   Zero   RW         3043    .bss                queue.o
    0x200005b0        -       0x000004c4   Zero   RW         3459    .bss                tasks.o
    0x20000a74        -       0x00000118   Zero   RW         3775    .bss                timers.o
    0x20000b8c        -       0x000006b8   Zero   RW         3972    .bss                cmsis_os2.o
    0x20001244        -       0x00000c00   Zero   RW         4335    .bss                heap_4.o
    0x20001e44        -       0x00000060   Zero   RW         6130    .bss                c_w.l(libspace.o)
    0x20001ea4   0x08003344   0x00000004   PAD
    0x20001ea8        -       0x00000200   Zero   RW            2    HEAP                startup_stm32f103xe.o
    0x200020a8        -       0x00000400   Zero   RW            1    STACK               startup_stm32f103xe.o


==============================================================================

Image component sizes


      Code (inc. data)   RO Data    RW Data    ZI Data      Debug   Object Name

       380         32          0          4       1720      14170   cmsis_os2.o
       186         24          0          2          0       2154   driver_key.o
       132         34          0          2          0       2661   driver_usart.o
         0          0          0          0          0      20080   event_groups.o
        40         14         48          4          0       4229   freertos.o
       168         16          0          0          0        903   gpio.o
       460         24          0         24       3072       4567   heap_4.o
       138          0          0          0          0       3294   list.o
       170         10          0          0       1032     496874   main.o
       662         70          0         12          0      10617   port.o
      1512         20          0          0         64      16656   queue.o
        42          0          0          0          0       1827   ring_buffer.o
        64         26        304          0       1536        796   startup_stm32f103xe.o
        64         14          0         12          0       5150   stm32f1xx_hal.o
       158         14          0          0          0      28098   stm32f1xx_hal_cortex.o
       374          8          0          0          0       1787   stm32f1xx_hal_dma.o
       548         48          0          0          0       4050   stm32f1xx_hal_gpio.o
        68         10          0          0          0        834   stm32f1xx_hal_msp.o
      1304         94         18          0          0       5625   stm32f1xx_hal_rcc.o
       706         40          0          0          0       6936   stm32f1xx_hal_tim.o
         4          0          0          0          0       1533   stm32f1xx_hal_tim_ex.o
       140         22          0          0         72       1375   stm32f1xx_hal_timebase_tim.o
      1196         10          0          0          0       6800   stm32f1xx_hal_uart.o
        36         12          0          0          0       3330   stm32f1xx_it.o
         0          0          0          0          0       8872   stream_buffer.o
         2          0         24          4          0       1071   system_stm32f1xx.o
      2064        170          0         60       1220      22820   tasks.o
       912         82          0         20        280      25743   timers.o
       320         38          0          0        144       2283   usart.o

    ----------------------------------------------------------------------
     11872        832        428        144       9140     705135   Object Totals
         0          0         32          0          0          0   (incl. Generated)
        22          0          2          0          0          0   (incl. Padding)

    ----------------------------------------------------------------------

      Code (inc. data)   RO Data    RW Data    ZI Data      Debug   Library Member Name

         8          0          0          0          0         68   __main.o
         0          0          0          0          0          0   __rtentry.o
        12          0          0          0          0          0   __rtentry2.o
         6          0          0          0          0          0   __rtentry4.o
        52          8          0          0          0          0   __scatter.o
        26          0          0          0          0          0   __scatter_copy.o
        28          0          0          0          0          0   __scatter_zi.o
        16          0          0          0          0         68   aeabi_memset.o
        18          0          0          0          0         80   exit.o
         6          0          0          0          0        152   heapauxi.o
         0          0          0          0          0          0   indicate_semi.o
         2          0          0          0          0          0   libinit.o
         2          0          0          0          0          0   libinit2.o
         2          0          0          0          0          0   libshutdown.o
         2          0          0          0          0          0   libshutdown2.o
         8          4          0          0         96         68   libspace.o
        68          0          0          0          0         68   rt_memclr.o
        78          0          0          0          0         80   rt_memclr_w.o
       138          0          0          0          0         68   rt_memcpy_v6.o
       100          0          0          0          0         80   rt_memcpy_w.o
         2          0          0          0          0          0   rtexit.o
        10          0          0          0          0          0   rtexit2.o
        12          4          0          0          0         68   sys_exit.o
        74          0          0          0          0         80   sys_stackheap_outer.o
         2          0          0          0          0         68   use_no_semi.o

    ----------------------------------------------------------------------
       680         16          0          0        100        948   Library Totals
         8          0          0          0          4          0   (incl. Padding)

    ----------------------------------------------------------------------

      Code (inc. data)   RO Data    RW Data    ZI Data      Debug   Library Name

       672         16          0          0         96        948   c_w.l

    ----------------------------------------------------------------------
       680         16          0          0        100        948   Library Totals

    ----------------------------------------------------------------------

==============================================================================


      Code (inc. data)   RO Data    RW Data    ZI Data      Debug   

     12552        848        428        144       9240     698851   Grand Totals
     12552        848        428        144       9240     698851   ELF Image Totals
     12552        848        428        144          0          0   ROM Totals

==============================================================================

    Total RO  Size (Code + RO Data)                12980 (  12.68kB)
    Total RW  Size (RW Data + ZI Data)              9384 (   9.16kB)
    Total ROM Size (Code + RO Data + RW Data)      13124 (  12.82kB)

==============================================================================

